Java HotSpot(TM) 64-Bit Server VM (25.131-b11) for windows-amd64 JRE (1.8.0_131-b11), built on Mar 15 2017 01:23:53 by "java_re" with MS VC++ 10.0 (VS2010)
Memory: 4k page, physical 33502388k(26168456k free), swap 38483124k(29663536k free)
CommandLine flags: -XX:InitialHeapSize=536038208 -XX:MaxHeapSize=2147483648 -XX:MaxNewSize=697933824 -XX:MaxTenuringThreshold=6 -XX:OldPLABSize=16 -XX:+PrintGC -XX:+PrintGCDetails -XX:+PrintGCTimeStamps -XX:+UseCompressedClassPointers -XX:+UseCompressedOops -XX:+UseConcMarkSweepGC -XX:-UseLargePagesIndividualAllocation -XX:+UseParNewGC -XX:+UseTLAB 
1.813: [GC (Allocation Failure) 1.813: [ParNew: 139776K->17472K(157248K), 0.0355261 secs] 139776K->39424K(506816K), 0.0357097 secs] [Times: user=0.14 sys=0.03, real=0.03 secs] 
1.849: [GC (CMS Initial Mark) [1 CMS-initial-mark: 21952K(349568K)] 39424K(506816K), 0.0026492 secs] [Times: user=0.00 sys=0.00, real=0.00 secs] 
1.852: [CMS-concurrent-mark-start]
1.862: [CMS-concurrent-mark: 0.010/0.010 secs] [Times: user=0.09 sys=0.00, real=0.01 secs] 
1.862: [CMS-concurrent-preclean-start]
1.862: [CMS-concurrent-preclean: 0.001/0.001 secs] [Times: user=0.00 sys=0.00, real=0.00 secs] 
1.862: [CMS-concurrent-abortable-preclean-start]
2.664: [CMS-concurrent-abortable-preclean: 0.303/0.801 secs] [Times: user=3.47 sys=0.06, real=0.80 secs] 
2.664: [GC (CMS Final Remark) [YG occupancy: 111123 K (157248 K)]2.664: [Rescan (parallel) , 0.0180641 secs]2.682: [weak refs processing, 0.0000608 secs]2.682: [class unloading, 0.0026172 secs]2.685: [scrub symbol table, 0.0047584 secs]2.690: [scrub string table, 0.0004042 secs][1 CMS-remark: 21952K(349568K)] 133076K(506816K), 0.0265746 secs] [Times: user=0.19 sys=0.00, real=0.03 secs] 
2.691: [CMS-concurrent-sweep-start]
2.695: [CMS-concurrent-sweep: 0.004/0.004 secs] [Times: user=0.00 sys=0.00, real=0.01 secs] 
2.695: [CMS-concurrent-reset-start]
2.701: [CMS-concurrent-reset: 0.006/0.006 secs] [Times: user=0.00 sys=0.00, real=0.00 secs] 
2.969: [GC (Allocation Failure) 2.969: [ParNew: 157248K->17472K(157248K), 0.0322204 secs] 179199K->65763K(506816K), 0.0322994 secs] [Times: user=0.06 sys=0.09, real=0.03 secs] 
3.671: [GC (Allocation Failure) 3.671: [ParNew: 157248K->17472K(157248K), 0.0207934 secs] 205539K->83724K(506816K), 0.0208664 secs] [Times: user=0.25 sys=0.00, real=0.02 secs] 
4.094: [GC (Allocation Failure) 4.094: [ParNew: 157248K->17472K(157248K), 0.0201685 secs] 223500K->102118K(506816K), 0.0202522 secs] [Times: user=0.13 sys=0.00, real=0.02 secs] 
4.902: [GC (Allocation Failure) 4.902: [ParNew: 157248K->17472K(157248K), 0.0173630 secs] 241894K->117439K(506816K), 0.0174313 secs] [Times: user=0.13 sys=0.00, real=0.02 secs] 
5.556: [GC (Allocation Failure) 5.556: [ParNew: 157248K->16700K(157248K), 0.0177317 secs] 257215K->128967K(506816K), 0.0178130 secs] [Times: user=0.13 sys=0.00, real=0.02 secs] 
6.020: [GC (Allocation Failure) 6.020: [ParNew: 156476K->15200K(157248K), 0.0129097 secs] 268743K->136583K(506816K), 0.0129946 secs] [Times: user=0.13 sys=0.00, real=0.01 secs] 
6.588: [GC (Allocation Failure) 6.588: [ParNew: 154976K->11509K(157248K), 0.0124013 secs] 276359K->142287K(506816K), 0.0124696 secs] [Times: user=0.09 sys=0.03, real=0.01 secs] 
7.052: [GC (Allocation Failure) 7.052: [ParNew: 151285K->17472K(157248K), 0.0077668 secs] 282063K->149140K(506816K), 0.0078478 secs] [Times: user=0.00 sys=0.00, real=0.01 secs] 
7.598: [GC (Allocation Failure) 7.598: [ParNew: 157248K->15237K(157248K), 0.0147852 secs] 288916K->161810K(506816K), 0.0148539 secs] [Times: user=0.13 sys=0.00, real=0.01 secs] 
8.248: [GC (Allocation Failure) 8.248: [ParNew: 155013K->17472K(157248K), 0.0234000 secs] 301586K->175570K(506816K), 0.0234900 secs] [Times: user=0.23 sys=0.02, real=0.02 secs] 
8.700: [GC (Allocation Failure) 8.700: [ParNew: 157248K->17285K(157248K), 0.0242400 secs] 315346K->193014K(506816K), 0.0243340 secs] [Times: user=0.25 sys=0.00, real=0.02 secs] 
9.057: [GC (Allocation Failure) 9.057: [ParNew: 157061K->17472K(157248K), 0.0998754 secs] 332790K->285354K(506816K), 0.0999563 secs] [Times: user=0.73 sys=0.03, real=0.10 secs] 
9.157: [GC (CMS Initial Mark) [1 CMS-initial-mark: 267882K(349568K)] 288133K(506816K), 0.0028363 secs] [Times: user=0.00 sys=0.00, real=0.00 secs] 
9.160: [CMS-concurrent-mark-start]
9.228: [GC (Allocation Failure) 9.228: [ParNew: 157248K->17472K(157248K), 0.1740064 secs] 425130K->423284K(565036K), 0.1740841 secs] [Times: user=1.23 sys=0.03, real=0.17 secs] 
9.471: [GC (Allocation Failure) 9.471: [ParNew: 157248K->17472K(157248K), 0.1639168 secs] 563060K->553602K(695212K), 0.1639934 secs] [Times: user=1.02 sys=0.03, real=0.17 secs] 
9.926: [CMS-concurrent-mark: 0.421/0.766 secs] [Times: user=3.81 sys=0.16, real=0.77 secs] 
9.926: [CMS-concurrent-preclean-start]
10.267: [CMS-concurrent-preclean: 0.336/0.342 secs] [Times: user=1.33 sys=0.14, real=0.34 secs] 
10.267: [CMS-concurrent-abortable-preclean-start]
10.375: [GC (Allocation Failure) 10.375: [ParNew: 157248K->17472K(157248K), 0.0727856 secs] 693378K->608876K(750700K), 0.0728642 secs] [Times: user=0.34 sys=0.05, real=0.07 secs] 
10.799: [CMS-concurrent-abortable-preclean: 0.403/0.532 secs] [Times: user=1.94 sys=0.11, real=0.53 secs] 
10.799: [GC (CMS Final Remark) [YG occupancy: 116746 K (157248 K)]10.799: [Rescan (parallel) , 0.0185342 secs]10.818: [weak refs processing, 0.0002191 secs]10.818: [class unloading, 0.0043344 secs]10.823: [scrub symbol table, 0.0047754 secs]10.827: [scrub string table, 0.0005392 secs][1 CMS-remark: 591404K(593452K)] 708150K(750700K), 0.0290446 secs] [Times: user=0.16 sys=0.00, real=0.03 secs] 
10.828: [CMS-concurrent-sweep-start]
10.936: [CMS-concurrent-sweep: 0.106/0.107 secs] [Times: user=0.33 sys=0.03, real=0.11 secs] 
10.936: [CMS-concurrent-reset-start]
10.938: [CMS-concurrent-reset: 0.001/0.001 secs] [Times: user=0.08 sys=0.00, real=0.00 secs] 
11.130: [GC (Allocation Failure) 11.130: [ParNew: 157248K->17472K(157248K), 0.0514964 secs] 731953K->632887K(1115092K), 0.0515746 secs] [Times: user=0.38 sys=0.00, real=0.05 secs] 
11.819: [GC (Allocation Failure) 11.819: [ParNew: 157248K->17472K(157248K), 0.0198863 secs] 772663K->650641K(1115092K), 0.0199830 secs] [Times: user=0.13 sys=0.00, real=0.02 secs] 
12.064: [GC (Allocation Failure) 12.064: [ParNew: 157248K->4492K(157248K), 0.0016738 secs] 790417K->637661K(1115092K), 0.0017460 secs] [Times: user=0.00 sys=0.00, real=0.00 secs] 
12.289: [GC (Allocation Failure) 12.289: [ParNew: 144268K->2922K(157248K), 0.0017875 secs] 777437K->636091K(1115092K), 0.0018506 secs] [Times: user=0.00 sys=0.00, real=0.00 secs] 
12.516: [GC (Allocation Failure) 12.516: [ParNew: 142698K->3628K(157248K), 0.0019296 secs] 775867K->636797K(1115092K), 0.0019896 secs] [Times: user=0.00 sys=0.00, real=0.00 secs] 
12.742: [GC (Allocation Failure) 12.743: [ParNew: 143404K->4193K(157248K), 0.0020567 secs] 776573K->637362K(1115092K), 0.0021222 secs] [Times: user=0.00 sys=0.00, real=0.00 secs] 
12.968: [GC (Allocation Failure) 12.968: [ParNew: 143969K->4734K(157248K), 0.0019355 secs] 777138K->637903K(1115092K), 0.0020062 secs] [Times: user=0.13 sys=0.00, real=0.00 secs] 
13.198: [GC (Allocation Failure) 13.198: [ParNew: 144510K->5075K(157248K), 0.0022458 secs] 777679K->638690K(1115092K), 0.0023204 secs] [Times: user=0.00 sys=0.00, real=0.00 secs] 
13.423: [GC (Allocation Failure) 13.424: [ParNew: 144851K->4930K(157248K), 0.0020539 secs] 778466K->639321K(1115092K), 0.0021269 secs] [Times: user=0.00 sys=0.00, real=0.00 secs] 
14.271: [GC (Allocation Failure) 14.271: [ParNew: 144706K->17472K(157248K), 0.0194808 secs] 779097K->662860K(1115092K), 0.0195634 secs] [Times: user=0.13 sys=0.00, real=0.02 secs] 
14.620: [GC (Allocation Failure) 14.620: [ParNew: 157248K->17472K(157248K), 0.0612268 secs] 802636K->716152K(1115092K), 0.0613128 secs] [Times: user=0.50 sys=0.00, real=0.06 secs] 
14.948: [GC (Allocation Failure) 14.948: [ParNew: 157248K->17472K(157248K), 0.0573116 secs] 855928K->757651K(1115092K), 0.0574020 secs] [Times: user=0.34 sys=0.03, real=0.06 secs] 
15.006: [GC (CMS Initial Mark) [1 CMS-initial-mark: 740179K(957844K)] 760193K(1115092K), 0.0040873 secs] [Times: user=0.00 sys=0.00, real=0.00 secs] 
15.010: [CMS-concurrent-mark-start]
15.233: [GC (Allocation Failure) 15.234: [ParNew: 157248K->17472K(157248K), 0.0474225 secs] 897427K->794695K(1115092K), 0.0475078 secs] [Times: user=0.39 sys=0.00, real=0.05 secs] 
15.483: [GC (Allocation Failure) 15.483: [ParNew: 157248K->17472K(157248K), 0.0451365 secs] 934471K->826041K(1115092K), 0.0452225 secs] [Times: user=0.36 sys=0.02, real=0.05 secs] 
15.748: [GC (Allocation Failure) 15.748: [ParNew: 157248K->17472K(157248K), 0.0395226 secs] 965817K->855905K(1115092K), 0.0396055 secs] [Times: user=0.38 sys=0.00, real=0.04 secs] 
15.947: [GC (Allocation Failure) 15.947: [ParNew: 157248K->17472K(157248K), 0.0368170 secs] 995681K->883825K(1115092K), 0.0368916 secs] [Times: user=0.27 sys=0.00, real=0.04 secs] 
16.110: [CMS-concurrent-mark: 0.891/1.100 secs] [Times: user=5.58 sys=0.06, real=1.10 secs] 
16.110: [CMS-concurrent-preclean-start]
16.156: [GC (Allocation Failure) 16.156: [ParNew: 157248K->17472K(157248K), 0.0349454 secs] 1023601K->909632K(1115092K), 0.0350283 secs] [Times: user=0.14 sys=0.00, real=0.03 secs] 
16.295: [CMS-concurrent-preclean: 0.149/0.185 secs] [Times: user=0.44 sys=0.00, real=0.18 secs] 
16.295: [CMS-concurrent-abortable-preclean-start]
16.307: [CMS-concurrent-abortable-preclean: 0.010/0.011 secs] [Times: user=0.05 sys=0.00, real=0.01 secs] 
16.307: [GC (CMS Final Remark) [YG occupancy: 121851 K (157248 K)]16.307: [Rescan (parallel) , 0.0348448 secs]16.342: [weak refs processing, 0.0003379 secs]16.342: [class unloading, 0.0050296 secs]16.347: [scrub symbol table, 0.0048591 secs]16.352: [scrub string table, 0.0007220 secs][1 CMS-remark: 892160K(957844K)] 1014012K(1115092K), 0.0461269 secs] [Times: user=0.28 sys=0.00, real=0.05 secs] 
16.353: [CMS-concurrent-sweep-start]
16.413: [GC (Allocation Failure) 16.413: [ParNew: 157248K->17472K(157248K), 0.0331750 secs] 1048586K->934472K(1115092K), 0.0332598 secs] [Times: user=0.25 sys=0.00, real=0.03 secs] 
16.615: [GC (Allocation Failure) 16.615: [ParNew: 157248K->17472K(157248K), 0.0314451 secs] 1064690K->948015K(1115092K), 0.0315316 secs] [Times: user=0.23 sys=0.02, real=0.03 secs] 
16.700: [CMS-concurrent-sweep: 0.280/0.347 secs] [Times: user=1.22 sys=0.02, real=0.35 secs] 
16.700: [CMS-concurrent-reset-start]
16.702: [CMS-concurrent-reset: 0.001/0.001 secs] [Times: user=0.00 sys=0.00, real=0.00 secs] 
16.814: [GC (Allocation Failure) 16.814: [ParNew: 157248K->17472K(157248K), 0.0276776 secs] 1087791K->970554K(1572864K), 0.0277510 secs] [Times: user=0.13 sys=0.00, real=0.03 secs] 
17.003: [GC (Allocation Failure) 17.003: [ParNew: 157248K->17472K(157248K), 0.0261653 secs] 1110330K->990652K(1572864K), 0.0262683 secs] [Times: user=0.13 sys=0.00, real=0.03 secs] 
17.167: [GC (Allocation Failure) 17.167: [ParNew: 157248K->17472K(157248K), 0.0267842 secs] 1130428K->1010890K(1572864K), 0.0268656 secs] [Times: user=0.25 sys=0.00, real=0.03 secs] 
17.353: [GC (Allocation Failure) 17.353: [ParNew: 157248K->17472K(157248K), 0.0241982 secs] 1150666K->1028856K(1572864K), 0.0242831 secs] [Times: user=0.14 sys=0.00, real=0.02 secs] 
17.516: [GC (Allocation Failure) 17.516: [ParNew: 157248K->17472K(157248K), 0.0259754 secs] 1168632K->1049750K(1572864K), 0.0260603 secs] [Times: user=0.05 sys=0.00, real=0.03 secs] 
17.719: [GC (Allocation Failure) 17.719: [ParNew: 157248K->17472K(157248K), 0.0239815 secs] 1189526K->1067759K(1572864K), 0.0240624 secs] [Times: user=0.11 sys=0.02, real=0.02 secs] 
17.884: [GC (Allocation Failure) 17.884: [ParNew: 157248K->17472K(157248K), 0.0233724 secs] 1207535K->1084313K(1572864K), 0.0234568 secs] [Times: user=0.14 sys=0.00, real=0.02 secs] 
18.068: [GC (Allocation Failure) 18.068: [ParNew: 157185K->17472K(157248K), 0.0243494 secs] 1224027K->1101461K(1572864K), 0.0244307 secs] [Times: user=0.11 sys=0.02, real=0.02 secs] 
18.249: [GC (Allocation Failure) 18.249: [ParNew: 157169K->17472K(157248K), 0.0235579 secs] 1241158K->1118599K(1572864K), 0.0236404 secs] [Times: user=0.24 sys=0.01, real=0.02 secs] 
18.440: [GC (Allocation Failure) 18.440: [ParNew: 157248K->17472K(157248K), 0.0216185 secs] 1258375K->1134299K(1572864K), 0.0217061 secs] [Times: user=0.09 sys=0.02, real=0.02 secs] 
18.644: [GC (Allocation Failure) 18.644: [ParNew: 157248K->17472K(157248K), 0.0229914 secs] 1274075K->1152374K(1572864K), 0.0230652 secs] [Times: user=0.13 sys=0.00, real=0.02 secs] 
18.848: [GC (Allocation Failure) 18.848: [ParNew: 157165K->17472K(157248K), 0.0187502 secs] 1292068K->1165024K(1572864K), 0.0188382 secs] [Times: user=0.13 sys=0.00, real=0.02 secs] 
19.044: [GC (Allocation Failure) 19.044: [ParNew: 157248K->17472K(157248K), 0.0211463 secs] 1304800K->1180766K(1572864K), 0.0212549 secs] [Times: user=0.13 sys=0.00, real=0.02 secs] 
19.238: [GC (Allocation Failure) 19.238: [ParNew: 157220K->17472K(157248K), 0.0198515 secs] 1320515K->1195250K(1572864K), 0.0199348 secs] [Times: user=0.13 sys=0.00, real=0.02 secs] 
19.428: [GC (Allocation Failure) 19.428: [ParNew: 157248K->17472K(157248K), 0.0198977 secs] 1335026K->1209524K(1572864K), 0.0199794 secs] [Times: user=0.13 sys=0.00, real=0.02 secs] 
19.577: [GC (Allocation Failure) 19.577: [ParNew: 157248K->17472K(157248K), 0.0204184 secs] 1349300K->1224720K(1572864K), 0.0205135 secs] [Times: user=0.13 sys=0.00, real=0.02 secs] 
19.694: [GC (Allocation Failure) 19.694: [ParNew: 157248K->17472K(157248K), 0.0199411 secs] 1364496K->1238066K(1572864K), 0.0200228 secs] [Times: user=0.13 sys=0.00, real=0.02 secs] 
19.714: [GC (CMS Initial Mark) [1 CMS-initial-mark: 1220594K(1415616K)] 1238258K(1572864K), 0.0030404 secs] [Times: user=0.00 sys=0.00, real=0.00 secs] 
19.717: [CMS-concurrent-mark-start]
19.890: [GC (Allocation Failure) 19.890: [ParNew: 157248K->17472K(157248K), 0.0202238 secs] 1377842K->1251807K(1572864K), 0.0203047 secs] [Times: user=0.25 sys=0.00, real=0.02 secs] 
20.189: [GC (Allocation Failure) 20.189: [ParNew: 157248K->17472K(157248K), 0.0204922 secs] 1391583K->1264929K(1572864K), 0.0205810 secs] [Times: user=0.11 sys=0.00, real=0.02 secs] 
20.486: [GC (Allocation Failure) 20.486: [ParNew: 157248K->17472K(157248K), 0.0198653 secs] 1404705K->1278371K(1572864K), 0.0199498 secs] [Times: user=0.13 sys=0.00, real=0.02 secs] 
20.744: [GC (Allocation Failure) 20.744: [ParNew: 157190K->17472K(157248K), 0.0194228 secs] 1418090K->1291113K(1572864K), 0.0195081 secs] [Times: user=0.13 sys=0.00, real=0.02 secs] 
21.046: [GC (Allocation Failure) 21.047: [ParNew: 157248K->17472K(157248K), 0.0199672 secs] 1430889K->1304401K(1572864K), 0.0200497 secs] [Times: user=0.11 sys=0.00, real=0.02 secs] 
21.289: [CMS-concurrent-mark: 1.422/1.572 secs] [Times: user=5.78 sys=0.05, real=1.57 secs] 
21.289: [CMS-concurrent-preclean-start]
21.336: [GC (Allocation Failure) 21.336: [ParNew: 157248K->17472K(157248K), 0.0190000 secs] 1444177K->1316684K(1572864K), 0.0190821 secs] [Times: user=0.13 sys=0.00, real=0.02 secs] 
21.388: [CMS-concurrent-preclean: 0.079/0.099 secs] [Times: user=0.30 sys=0.00, real=0.10 secs] 
21.388: [CMS-concurrent-abortable-preclean-start]
21.532: [CMS-concurrent-abortable-preclean: 0.144/0.144 secs] [Times: user=0.33 sys=0.00, real=0.14 secs] 
21.532: [GC (CMS Final Remark) [YG occupancy: 121924 K (157248 K)]21.533: [Rescan (parallel) , 0.0374036 secs]21.570: [weak refs processing, 0.0001255 secs]21.570: [class unloading, 0.0075446 secs]21.578: [scrub symbol table, 0.0064527 secs]21.584: [scrub string table, 0.0006849 secs][1 CMS-remark: 1299212K(1415616K)] 1421137K(1572864K), 0.0523759 secs] [Times: user=0.27 sys=0.00, real=0.05 secs] 
21.585: [CMS-concurrent-sweep-start]
21.658: [GC (Allocation Failure) 21.658: [ParNew: 157213K->17472K(157248K), 0.0182895 secs] 1456249K->1328828K(1572864K), 0.0183874 secs] [Times: user=0.13 sys=0.00, real=0.02 secs] 
21.982: [GC (Allocation Failure) 21.982: [ParNew: 157248K->17472K(157248K), 0.0205088 secs] 1466007K->1338522K(1572864K), 0.0205925 secs] [Times: user=0.14 sys=0.00, real=0.02 secs] 
22.030: [CMS-concurrent-sweep: 0.404/0.445 secs] [Times: user=1.09 sys=0.03, real=0.45 secs] 
22.030: [CMS-concurrent-reset-start]
22.031: [CMS-concurrent-reset: 0.001/0.001 secs] [Times: user=0.03 sys=0.00, real=0.00 secs] 
22.414: [GC (Allocation Failure) 22.414: [ParNew: 157248K->17472K(157248K), 0.0183368 secs] 1478298K->1351030K(1572864K), 0.0184193 secs] [Times: user=0.09 sys=0.03, real=0.02 secs] 
22.433: [GC (CMS Initial Mark) [1 CMS-initial-mark: 1333558K(1415616K)] 1351053K(1572864K), 0.0029575 secs] [Times: user=0.00 sys=0.00, real=0.00 secs] 
22.436: [CMS-concurrent-mark-start]
22.962: [GC (Allocation Failure) 22.962: [ParNew: 157073K->16958K(157248K), 0.0178872 secs] 1490632K->1361570K(1572864K), 0.0179768 secs] [Times: user=0.13 sys=0.00, real=0.02 secs] 
23.447: [GC (Allocation Failure) 23.447: [ParNew: 156734K->17472K(157248K), 0.0205723 secs] 1501346K->1377355K(1572864K), 0.0206588 secs] [Times: user=0.11 sys=0.02, real=0.02 secs] 
23.795: [GC (Allocation Failure) 23.795: [ParNew: 157248K->17472K(157248K), 0.0192385 secs] 1517131K->1393329K(1572864K), 0.0193285 secs] [Times: user=0.16 sys=0.00, real=0.02 secs] 
24.081: [CMS-concurrent-mark: 1.541/1.645 secs] [Times: user=6.86 sys=0.13, real=1.64 secs] 
24.081: [CMS-concurrent-preclean-start]
24.120: [CMS-concurrent-preclean: 0.038/0.039 secs] [Times: user=0.08 sys=0.00, real=0.04 secs] 
24.120: [CMS-concurrent-abortable-preclean-start]
24.172: [GC (Allocation Failure) 24.172: [ParNew: 157248K->17472K(157248K), 0.0176993 secs] 1533105K->1404756K(1572864K), 0.0177889 secs] [Times: user=0.13 sys=0.00, real=0.02 secs] 
 CMS: abort preclean due to time 29.161: [CMS-concurrent-abortable-preclean: 5.019/5.041 secs] [Times: user=5.36 sys=0.03, real=5.04 secs] 
29.161: [GC (CMS Final Remark) [YG occupancy: 44102 K (157248 K)]29.161: [Rescan (parallel) , 0.0100300 secs]29.171: [weak refs processing, 0.0001172 secs]29.171: [class unloading, 0.0058420 secs]29.177: [scrub symbol table, 0.0084217 secs]29.185: [scrub string table, 0.0008424 secs][1 CMS-remark: 1387284K(1415616K)] 1431386K(1572864K), 0.0254306 secs] [Times: user=0.09 sys=0.00, real=0.02 secs] 
29.186: [CMS-concurrent-sweep-start]
29.601: [CMS-concurrent-sweep: 0.415/0.415 secs] [Times: user=0.44 sys=0.00, real=0.41 secs] 
29.601: [CMS-concurrent-reset-start]
29.603: [CMS-concurrent-reset: 0.001/0.001 secs] [Times: user=0.00 sys=0.00, real=0.00 secs] 
31.604: [GC (CMS Initial Mark) [1 CMS-initial-mark: 1386812K(1415616K)] 1440386K(1572864K), 0.0106162 secs] [Times: user=0.13 sys=0.00, real=0.01 secs] 
31.614: [CMS-concurrent-mark-start]
33.004: [CMS-concurrent-mark: 1.388/1.390 secs] [Times: user=2.78 sys=0.00, real=1.39 secs] 
33.004: [CMS-concurrent-preclean-start]
33.007: [CMS-concurrent-preclean: 0.003/0.003 secs] [Times: user=0.00 sys=0.00, real=0.00 secs] 
33.007: [CMS-concurrent-abortable-preclean-start]
 CMS: abort preclean due to time 38.070: [CMS-concurrent-abortable-preclean: 5.055/5.062 secs] [Times: user=5.44 sys=0.02, real=5.06 secs] 
38.070: [GC (CMS Final Remark) [YG occupancy: 66740 K (157248 K)]38.070: [Rescan (parallel) , 0.0119690 secs]38.082: [weak refs processing, 0.0001196 secs]38.082: [class unloading, 0.0058124 secs]38.088: [scrub symbol table, 0.0090210 secs]38.097: [scrub string table, 0.0008732 secs][1 CMS-remark: 1386812K(1415616K)] 1453553K(1572864K), 0.0279527 secs] [Times: user=0.14 sys=0.00, real=0.03 secs] 
38.098: [CMS-concurrent-sweep-start]
38.513: [CMS-concurrent-sweep: 0.415/0.416 secs] [Times: user=0.41 sys=0.00, real=0.41 secs] 
38.513: [CMS-concurrent-reset-start]
38.515: [CMS-concurrent-reset: 0.001/0.001 secs] [Times: user=0.02 sys=0.00, real=0.00 secs] 
40.514: [GC (CMS Initial Mark) [1 CMS-initial-mark: 1384645K(1415616K)] 1454341K(1572864K), 0.0132555 secs] [Times: user=0.13 sys=0.00, real=0.01 secs] 
40.527: [CMS-concurrent-mark-start]
41.868: [CMS-concurrent-mark: 1.334/1.341 secs] [Times: user=2.67 sys=0.00, real=1.34 secs] 
41.868: [CMS-concurrent-preclean-start]
41.871: [CMS-concurrent-preclean: 0.003/0.003 secs] [Times: user=0.00 sys=0.00, real=0.00 secs] 
41.871: [CMS-concurrent-abortable-preclean-start]
 CMS: abort preclean due to time 46.931: [CMS-concurrent-abortable-preclean: 5.052/5.059 secs] [Times: user=6.14 sys=0.11, real=5.06 secs] 
46.931: [GC (CMS Final Remark) [YG occupancy: 88498 K (157248 K)]46.931: [Rescan (parallel) , 0.0163342 secs]46.947: [weak refs processing, 0.0001165 secs]46.947: [class unloading, 0.0059154 secs]46.953: [scrub symbol table, 0.0089108 secs]46.962: [scrub string table, 0.0008740 secs][1 CMS-remark: 1384645K(1415616K)] 1473144K(1572864K), 0.0323199 secs] [Times: user=0.14 sys=0.00, real=0.03 secs] 
46.963: [CMS-concurrent-sweep-start]
47.388: [CMS-concurrent-sweep: 0.425/0.425 secs] [Times: user=0.56 sys=0.00, real=0.43 secs] 
47.388: [CMS-concurrent-reset-start]
47.389: [CMS-concurrent-reset: 0.001/0.001 secs] [Times: user=0.00 sys=0.00, real=0.00 secs] 
49.389: [GC (CMS Initial Mark) [1 CMS-initial-mark: 1384530K(1415616K)] 1479260K(1572864K), 0.0181304 secs] [Times: user=0.23 sys=0.00, real=0.02 secs] 
49.407: [CMS-concurrent-mark-start]
50.759: [CMS-concurrent-mark: 1.350/1.352 secs] [Times: user=2.77 sys=0.02, real=1.35 secs] 
50.760: [CMS-concurrent-preclean-start]
50.764: [CMS-concurrent-preclean: 0.004/0.004 secs] [Times: user=0.00 sys=0.00, real=0.00 secs] 
50.764: [CMS-concurrent-abortable-preclean-start]
 CMS: abort preclean due to time 55.801: [CMS-concurrent-abortable-preclean: 5.035/5.037 secs] [Times: user=5.05 sys=0.00, real=5.04 secs] 
55.801: [GC (CMS Final Remark) [YG occupancy: 107366 K (157248 K)]55.801: [Rescan (parallel) , 0.0207895 secs]55.822: [weak refs processing, 0.0001291 secs]55.822: [class unloading, 0.0057962 secs]55.828: [scrub symbol table, 0.0055424 secs]55.833: [scrub string table, 0.0006932 secs][1 CMS-remark: 1384530K(1415616K)] 1491897K(1572864K), 0.0331019 secs] [Times: user=0.14 sys=0.00, real=0.03 secs] 
55.834: [CMS-concurrent-sweep-start]
56.249: [CMS-concurrent-sweep: 0.415/0.415 secs] [Times: user=0.44 sys=0.00, real=0.41 secs] 
56.249: [CMS-concurrent-reset-start]
56.250: [CMS-concurrent-reset: 0.001/0.001 secs] [Times: user=0.01 sys=0.00, real=0.00 secs] 
58.250: [GC (CMS Initial Mark) [1 CMS-initial-mark: 1384073K(1415616K)] 1493934K(1572864K), 0.0992170 secs] [Times: user=0.72 sys=0.00, real=0.10 secs] 
58.349: [CMS-concurrent-mark-start]
59.632: [CMS-concurrent-mark: 1.280/1.283 secs] [Times: user=2.58 sys=0.00, real=1.28 secs] 
59.632: [CMS-concurrent-preclean-start]
59.635: [CMS-concurrent-preclean: 0.003/0.003 secs] [Times: user=0.00 sys=0.00, real=0.00 secs] 
59.635: [CMS-concurrent-abortable-preclean-start]
 CMS: abort preclean due to time 64.652: [CMS-concurrent-abortable-preclean: 4.816/5.017 secs] [Times: user=5.14 sys=0.00, real=5.02 secs] 
64.652: [GC (CMS Final Remark) [YG occupancy: 119337 K (157248 K)]64.652: [Rescan (parallel) , 0.0225319 secs]64.675: [weak refs processing, 0.0001240 secs]64.675: [class unloading, 0.0058337 secs]64.681: [scrub symbol table, 0.0052578 secs]64.686: [scrub string table, 0.0006861 secs][1 CMS-remark: 1384073K(1415616K)] 1503410K(1572864K), 0.0345831 secs] [Times: user=0.26 sys=0.00, real=0.04 secs] 
64.687: [CMS-concurrent-sweep-start]
65.103: [CMS-concurrent-sweep: 0.416/0.416 secs] [Times: user=0.41 sys=0.00, real=0.42 secs] 
65.103: [CMS-concurrent-reset-start]
65.104: [CMS-concurrent-reset: 0.001/0.001 secs] [Times: user=0.00 sys=0.00, real=0.00 secs] 
67.105: [GC (CMS Initial Mark) [1 CMS-initial-mark: 1384040K(1415616K)] 1505938K(1572864K), 0.1073829 secs] [Times: user=0.78 sys=0.00, real=0.11 secs] 
67.212: [CMS-concurrent-mark-start]
68.518: [CMS-concurrent-mark: 1.305/1.306 secs] [Times: user=2.61 sys=0.00, real=1.31 secs] 
68.518: [CMS-concurrent-preclean-start]
68.521: [CMS-concurrent-preclean: 0.003/0.003 secs] [Times: user=0.00 sys=0.00, real=0.00 secs] 
68.521: [CMS-concurrent-abortable-preclean-start]
 CMS: abort preclean due to time 73.539: [CMS-concurrent-abortable-preclean: 4.571/5.017 secs] [Times: user=4.56 sys=0.00, real=5.02 secs] 
73.539: [GC (CMS Final Remark) [YG occupancy: 131567 K (157248 K)]73.539: [Rescan (parallel) , 0.0255506 secs]73.564: [weak refs processing, 0.0001220 secs]73.564: [class unloading, 0.0062664 secs]73.571: [scrub symbol table, 0.0089886 secs]73.580: [scrub string table, 0.0008677 secs][1 CMS-remark: 1384040K(1415616K)] 1515607K(1572864K), 0.0419674 secs] [Times: user=0.26 sys=0.00, real=0.04 secs] 
73.581: [CMS-concurrent-sweep-start]
74.001: [CMS-concurrent-sweep: 0.420/0.420 secs] [Times: user=0.42 sys=0.00, real=0.42 secs] 
74.001: [CMS-concurrent-reset-start]
74.002: [CMS-concurrent-reset: 0.001/0.001 secs] [Times: user=0.00 sys=0.00, real=0.00 secs] 
76.002: [GC (CMS Initial Mark) [1 CMS-initial-mark: 1384034K(1415616K)] 1519518K(1572864K), 0.0271048 secs] [Times: user=0.13 sys=0.00, real=0.03 secs] 
76.030: [CMS-concurrent-mark-start]
77.364: [CMS-concurrent-mark: 1.334/1.334 secs] [Times: user=2.78 sys=0.00, real=1.33 secs] 
77.364: [CMS-concurrent-preclean-start]
77.368: [CMS-concurrent-preclean: 0.004/0.004 secs] [Times: user=0.00 sys=0.00, real=0.00 secs] 
77.368: [CMS-concurrent-abortable-preclean-start]
 CMS: abort preclean due to time 82.397: [CMS-concurrent-abortable-preclean: 5.027/5.029 secs] [Times: user=5.25 sys=0.05, real=5.03 secs] 
82.397: [GC (CMS Final Remark) [YG occupancy: 144883 K (157248 K)]82.397: [Rescan (parallel) , 0.0317846 secs]82.429: [weak refs processing, 0.0001247 secs]82.429: [class unloading, 0.0061069 secs]82.435: [scrub symbol table, 0.0090699 secs]82.444: [scrub string table, 0.0009048 secs][1 CMS-remark: 1384034K(1415616K)] 1528917K(1572864K), 0.0481583 secs] [Times: user=0.23 sys=0.00, real=0.05 secs] 
82.445: [CMS-concurrent-sweep-start]
82.868: [CMS-concurrent-sweep: 0.423/0.423 secs] [Times: user=0.42 sys=0.00, real=0.42 secs] 
82.868: [CMS-concurrent-reset-start]
82.870: [CMS-concurrent-reset: 0.001/0.001 secs] [Times: user=0.00 sys=0.00, real=0.00 secs] 
84.870: [GC (CMS Initial Mark) [1 CMS-initial-mark: 1384024K(1415616K)] 1531839K(1572864K), 0.0694432 secs] [Times: user=0.63 sys=0.00, real=0.07 secs] 
84.939: [CMS-concurrent-mark-start]
86.216: [CMS-concurrent-mark: 1.275/1.277 secs] [Times: user=2.55 sys=0.00, real=1.28 secs] 
86.217: [CMS-concurrent-preclean-start]
86.219: [CMS-concurrent-preclean: 0.003/0.003 secs] [Times: user=0.01 sys=0.00, real=0.00 secs] 
86.219: [CMS-concurrent-abortable-preclean-start]
 CMS: abort preclean due to time 91.278: [CMS-concurrent-abortable-preclean: 4.656/5.058 secs] [Times: user=4.70 sys=0.00, real=5.06 secs] 
91.278: [GC (CMS Final Remark) [YG occupancy: 155030 K (157248 K)]91.278: [Rescan (parallel) , 0.0297425 secs]91.308: [weak refs processing, 0.0001176 secs]91.308: [class unloading, 0.0059525 secs]91.314: [scrub symbol table, 0.0051022 secs]91.319: [scrub string table, 0.0006814 secs][1 CMS-remark: 1384024K(1415616K)] 1539055K(1572864K), 0.0417467 secs] [Times: user=0.27 sys=0.00, real=0.04 secs] 
91.320: [CMS-concurrent-sweep-start]
91.730: [CMS-concurrent-sweep: 0.410/0.410 secs] [Times: user=0.41 sys=0.00, real=0.41 secs] 
91.730: [CMS-concurrent-reset-start]
91.731: [CMS-concurrent-reset: 0.001/0.001 secs] [Times: user=0.00 sys=0.00, real=0.00 secs] 
93.338: [GC (Allocation Failure) 93.338: [ParNew: 157248K->12304K(157248K), 0.0287738 secs] 1541248K->1414663K(1572864K), 0.0288784 secs] [Times: user=0.25 sys=0.00, real=0.03 secs] 
93.367: [GC (CMS Initial Mark) [1 CMS-initial-mark: 1402358K(1415616K)] 1414725K(1572864K), 0.0028462 secs] [Times: user=0.00 sys=0.00, real=0.00 secs] 
93.370: [CMS-concurrent-mark-start]
94.664: [CMS-concurrent-mark: 1.285/1.294 secs] [Times: user=2.51 sys=0.00, real=1.29 secs] 
94.664: [CMS-concurrent-preclean-start]
94.666: [CMS-concurrent-preclean: 0.002/0.002 secs] [Times: user=0.00 sys=0.00, real=0.00 secs] 
94.666: [CMS-concurrent-abortable-preclean-start]
94.666: [CMS-concurrent-abortable-preclean: 0.000/0.000 secs] [Times: user=0.00 sys=0.00, real=0.00 secs] 
94.667: [GC (CMS Final Remark) [YG occupancy: 15155 K (157248 K)]94.667: [Rescan (parallel) , 0.0020966 secs]94.669: [weak refs processing, 0.0001172 secs]94.669: [class unloading, 0.0059746 secs]94.675: [scrub symbol table, 0.0051093 secs]94.680: [scrub string table, 0.0007236 secs][1 CMS-remark: 1402358K(1415616K)] 1417514K(1572864K), 0.0141797 secs] [Times: user=0.02 sys=0.00, real=0.01 secs] 
94.681: [CMS-concurrent-sweep-start]
95.094: [CMS-concurrent-sweep: 0.413/0.413 secs] [Times: user=0.42 sys=0.00, real=0.41 secs] 
95.094: [CMS-concurrent-reset-start]
95.095: [CMS-concurrent-reset: 0.001/0.001 secs] [Times: user=0.00 sys=0.00, real=0.00 secs] 
97.094: [GC (CMS Initial Mark) [1 CMS-initial-mark: 1402233K(1415616K)] 1419816K(1572864K), 0.0028955 secs] [Times: user=0.00 sys=0.00, real=0.00 secs] 
97.097: [CMS-concurrent-mark-start]
98.464: [CMS-concurrent-mark: 1.366/1.366 secs] [Times: user=2.72 sys=0.00, real=1.37 secs] 
98.464: [CMS-concurrent-preclean-start]
98.467: [CMS-concurrent-preclean: 0.003/0.003 secs] [Times: user=0.00 sys=0.00, real=0.00 secs] 
98.467: [CMS-concurrent-abortable-preclean-start]
98.467: [CMS-concurrent-abortable-preclean: 0.000/0.000 secs] [Times: user=0.00 sys=0.00, real=0.00 secs] 
98.467: [GC (CMS Final Remark) [YG occupancy: 19606 K (157248 K)]98.467: [Rescan (parallel) , 0.0032224 secs]98.470: [weak refs processing, 0.0001520 secs]98.470: [class unloading, 0.0061977 secs]98.476: [scrub symbol table, 0.0090530 secs]98.486: [scrub string table, 0.0008487 secs][1 CMS-remark: 1402233K(1415616K)] 1421839K(1572864K), 0.0196707 secs] [Times: user=0.13 sys=0.00, real=0.02 secs] 
98.487: [CMS-concurrent-sweep-start]
98.914: [CMS-concurrent-sweep: 0.427/0.427 secs] [Times: user=0.45 sys=0.00, real=0.43 secs] 
98.914: [CMS-concurrent-reset-start]
98.915: [CMS-concurrent-reset: 0.001/0.001 secs] [Times: user=0.00 sys=0.00, real=0.00 secs] 
100.915: [GC (CMS Initial Mark) [1 CMS-initial-mark: 1402222K(1415616K)] 1424940K(1572864K), 0.0038307 secs] [Times: user=0.00 sys=0.00, real=0.00 secs] 
100.919: [CMS-concurrent-mark-start]
102.296: [CMS-concurrent-mark: 1.378/1.378 secs] [Times: user=2.75 sys=0.00, real=1.38 secs] 
102.296: [CMS-concurrent-preclean-start]
102.299: [CMS-concurrent-preclean: 0.003/0.003 secs] [Times: user=0.00 sys=0.00, real=0.00 secs] 
102.299: [CMS-concurrent-abortable-preclean-start]
102.299: [CMS-concurrent-abortable-preclean: 0.000/0.000 secs] [Times: user=0.00 sys=0.00, real=0.00 secs] 
102.299: [GC (CMS Final Remark) [YG occupancy: 24197 K (157248 K)]102.299: [Rescan (parallel) , 0.0039057 secs]102.303: [weak refs processing, 0.0001259 secs]102.304: [class unloading, 0.0063098 secs]102.310: [scrub symbol table, 0.0066572 secs]102.317: [scrub string table, 0.0007512 secs][1 CMS-remark: 1402222K(1415616K)] 1426419K(1572864K), 0.0179385 secs] [Times: user=0.01 sys=0.00, real=0.02 secs] 
102.317: [CMS-concurrent-sweep-start]
102.747: [CMS-concurrent-sweep: 0.430/0.430 secs] [Times: user=0.42 sys=0.00, real=0.43 secs] 
102.748: [CMS-concurrent-reset-start]
102.749: [CMS-concurrent-reset: 0.001/0.001 secs] [Times: user=0.00 sys=0.00, real=0.00 secs] 
104.749: [GC (CMS Initial Mark) [1 CMS-initial-mark: 1402221K(1415616K)] 1431311K(1572864K), 0.0049392 secs] [Times: user=0.09 sys=0.00, real=0.00 secs] 
104.754: [CMS-concurrent-mark-start]
106.145: [CMS-concurrent-mark: 1.388/1.391 secs] [Times: user=2.84 sys=0.00, real=1.39 secs] 
106.145: [CMS-concurrent-preclean-start]
106.149: [CMS-concurrent-preclean: 0.004/0.004 secs] [Times: user=0.00 sys=0.00, real=0.00 secs] 
106.149: [CMS-concurrent-abortable-preclean-start]
106.149: [CMS-concurrent-abortable-preclean: 0.000/0.000 secs] [Times: user=0.00 sys=0.00, real=0.00 secs] 
106.149: [GC (CMS Final Remark) [YG occupancy: 30955 K (157248 K)]106.149: [Rescan (parallel) , 0.0047391 secs]106.154: [weak refs processing, 0.0001220 secs]106.154: [class unloading, 0.0061783 secs]106.160: [scrub symbol table, 0.0091994 secs]106.169: [scrub string table, 0.0008590 secs][1 CMS-remark: 1402221K(1415616K)] 1433177K(1572864K), 0.0212774 secs] [Times: user=0.02 sys=0.00, real=0.02 secs] 
106.170: [CMS-concurrent-sweep-start]
106.588: [CMS-concurrent-sweep: 0.418/0.418 secs] [Times: user=0.44 sys=0.00, real=0.42 secs] 
106.588: [CMS-concurrent-reset-start]
106.589: [CMS-concurrent-reset: 0.001/0.001 secs] [Times: user=0.00 sys=0.00, real=0.00 secs] 
108.589: [GC (CMS Initial Mark) [1 CMS-initial-mark: 1402221K(1415616K)] 1439762K(1572864K), 0.0060027 secs] [Times: user=0.13 sys=0.00, real=0.01 secs] 
108.595: [CMS-concurrent-mark-start]
109.986: [CMS-concurrent-mark: 1.389/1.391 secs] [Times: user=2.81 sys=0.00, real=1.39 secs] 
109.986: [CMS-concurrent-preclean-start]
109.991: [CMS-concurrent-preclean: 0.004/0.005 secs] [Times: user=0.00 sys=0.00, real=0.00 secs] 
109.991: [CMS-concurrent-abortable-preclean-start]
109.991: [CMS-concurrent-abortable-preclean: 0.000/0.000 secs] [Times: user=0.00 sys=0.00, real=0.00 secs] 
109.991: [GC (CMS Final Remark) [YG occupancy: 39347 K (157248 K)]109.991: [Rescan (parallel) , 0.0070164 secs]109.998: [weak refs processing, 0.0001832 secs]109.998: [class unloading, 0.0073109 secs]110.006: [scrub symbol table, 0.0067223 secs]110.012: [scrub string table, 0.0007125 secs][1 CMS-remark: 1402221K(1415616K)] 1441569K(1572864K), 0.0221455 secs] [Times: user=0.02 sys=0.00, real=0.02 secs] 
110.013: [CMS-concurrent-sweep-start]
110.432: [CMS-concurrent-sweep: 0.419/0.419 secs] [Times: user=0.42 sys=0.00, real=0.42 secs] 
110.432: [CMS-concurrent-reset-start]
110.434: [CMS-concurrent-reset: 0.001/0.001 secs] [Times: user=0.00 sys=0.00, real=0.00 secs] 
112.433: [GC (CMS Initial Mark) [1 CMS-initial-mark: 1402214K(1415616K)] 1444357K(1572864K), 0.0077451 secs] [Times: user=0.11 sys=0.00, real=0.01 secs] 
112.441: [CMS-concurrent-mark-start]
113.793: [CMS-concurrent-mark: 1.348/1.352 secs] [Times: user=2.70 sys=0.00, real=1.35 secs] 
113.793: [CMS-concurrent-preclean-start]
113.796: [CMS-concurrent-preclean: 0.003/0.003 secs] [Times: user=0.00 sys=0.00, real=0.00 secs] 
113.796: [CMS-concurrent-abortable-preclean-start]
113.796: [CMS-concurrent-abortable-preclean: 0.000/0.000 secs] [Times: user=0.00 sys=0.00, real=0.00 secs] 
113.796: [GC (CMS Final Remark) [YG occupancy: 43552 K (157248 K)]113.796: [Rescan (parallel) , 0.0080353 secs]113.805: [weak refs processing, 0.0001192 secs]113.805: [class unloading, 0.0059332 secs]113.811: [scrub symbol table, 0.0054133 secs]113.816: [scrub string table, 0.0006967 secs][1 CMS-remark: 1402214K(1415616K)] 1445766K(1572864K), 0.0203513 secs] [Times: user=0.02 sys=0.00, real=0.02 secs] 
113.817: [CMS-concurrent-sweep-start]
114.234: [CMS-concurrent-sweep: 0.417/0.417 secs] [Times: user=0.42 sys=0.00, real=0.42 secs] 
114.234: [CMS-concurrent-reset-start]
114.235: [CMS-concurrent-reset: 0.001/0.001 secs] [Times: user=0.00 sys=0.00, real=0.00 secs] 
116.234: [GC (CMS Initial Mark) [1 CMS-initial-mark: 1402211K(1415616K)] 1448790K(1572864K), 0.0097035 secs] [Times: user=0.00 sys=0.00, real=0.01 secs] 
116.244: [CMS-concurrent-mark-start]
117.685: [CMS-concurrent-mark: 1.439/1.441 secs] [Times: user=2.88 sys=0.00, real=1.44 secs] 
117.685: [CMS-concurrent-preclean-start]
117.688: [CMS-concurrent-preclean: 0.003/0.003 secs] [Times: user=0.02 sys=0.00, real=0.00 secs] 
117.688: [CMS-concurrent-abortable-preclean-start]
117.688: [CMS-concurrent-abortable-preclean: 0.000/0.000 secs] [Times: user=0.00 sys=0.00, real=0.00 secs] 
117.688: [GC (CMS Final Remark) [YG occupancy: 48082 K (157248 K)]117.688: [Rescan (parallel) , 0.0088836 secs]117.697: [weak refs processing, 0.0001188 secs]117.697: [class unloading, 0.0060994 secs]117.703: [scrub symbol table, 0.0069169 secs]117.710: [scrub string table, 0.0006904 secs][1 CMS-remark: 1402211K(1415616K)] 1450294K(1572864K), 0.0228821 secs] [Times: user=0.01 sys=0.00, real=0.02 secs] 
117.711: [CMS-concurrent-sweep-start]
118.134: [CMS-concurrent-sweep: 0.422/0.422 secs] [Times: user=0.42 sys=0.00, real=0.42 secs] 
118.134: [CMS-concurrent-reset-start]
118.135: [CMS-concurrent-reset: 0.001/0.001 secs] [Times: user=0.00 sys=0.00, real=0.00 secs] 
120.135: [GC (CMS Initial Mark) [1 CMS-initial-mark: 1402211K(1415616K)] 1452818K(1572864K), 0.0099806 secs] [Times: user=0.11 sys=0.00, real=0.01 secs] 
120.145: [CMS-concurrent-mark-start]
121.565: [CMS-concurrent-mark: 1.418/1.420 secs] [Times: user=2.84 sys=0.00, real=1.42 secs] 
121.565: [CMS-concurrent-preclean-start]
121.568: [CMS-concurrent-preclean: 0.003/0.003 secs] [Times: user=0.00 sys=0.00, real=0.00 secs] 
121.568: [CMS-concurrent-abortable-preclean-start]
121.568: [CMS-concurrent-abortable-preclean: 0.000/0.000 secs] [Times: user=0.00 sys=0.00, real=0.00 secs] 
121.568: [GC (CMS Final Remark) [YG occupancy: 53362 K (157248 K)]121.568: [Rescan (parallel) , 0.0093056 secs]121.578: [weak refs processing, 0.0001216 secs]121.578: [class unloading, 0.0062640 secs]121.584: [scrub symbol table, 0.0087498 secs]121.593: [scrub string table, 0.0007658 secs][1 CMS-remark: 1402211K(1415616K)] 1455574K(1572864K), 0.0254073 secs] [Times: user=0.13 sys=0.00, real=0.03 secs] 
121.594: [CMS-concurrent-sweep-start]
122.020: [CMS-concurrent-sweep: 0.426/0.426 secs] [Times: user=0.42 sys=0.00, real=0.43 secs] 
122.020: [CMS-concurrent-reset-start]
122.021: [CMS-concurrent-reset: 0.001/0.001 secs] [Times: user=0.00 sys=0.00, real=0.00 secs] 
124.021: [GC (CMS Initial Mark) [1 CMS-initial-mark: 1402211K(1415616K)] 1459819K(1572864K), 0.0110271 secs] [Times: user=0.13 sys=0.00, real=0.01 secs] 
124.032: [CMS-concurrent-mark-start]
125.403: [CMS-concurrent-mark: 1.368/1.371 secs] [Times: user=2.75 sys=0.02, real=1.37 secs] 
125.403: [CMS-concurrent-preclean-start]
125.406: [CMS-concurrent-preclean: 0.003/0.003 secs] [Times: user=0.03 sys=0.00, real=0.00 secs] 
125.406: [CMS-concurrent-abortable-preclean-start]
125.406: [CMS-concurrent-abortable-preclean: 0.000/0.000 secs] [Times: user=0.00 sys=0.00, real=0.00 secs] 
125.406: [GC (CMS Final Remark) [YG occupancy: 59437 K (157248 K)]125.406: [Rescan (parallel) , 0.0107030 secs]125.417: [weak refs processing, 0.0001828 secs]125.417: [class unloading, 0.0070160 secs]125.424: [scrub symbol table, 0.0066655 secs]125.431: [scrub string table, 0.0007346 secs][1 CMS-remark: 1402211K(1415616K)] 1461649K(1572864K), 0.0254879 secs] [Times: user=0.02 sys=0.00, real=0.03 secs] 
125.432: [CMS-concurrent-sweep-start]
125.854: [CMS-concurrent-sweep: 0.422/0.422 secs] [Times: user=0.42 sys=0.00, real=0.42 secs] 
125.854: [CMS-concurrent-reset-start]
125.855: [CMS-concurrent-reset: 0.001/0.001 secs] [Times: user=0.00 sys=0.00, real=0.00 secs] 
127.855: [GC (CMS Initial Mark) [1 CMS-initial-mark: 1402197K(1415616K)] 1465002K(1572864K), 0.0137861 secs] [Times: user=0.09 sys=0.00, real=0.01 secs] 
127.868: [CMS-concurrent-mark-start]
129.289: [CMS-concurrent-mark: 1.418/1.420 secs] [Times: user=2.91 sys=0.00, real=1.42 secs] 
129.289: [CMS-concurrent-preclean-start]
129.292: [CMS-concurrent-preclean: 0.003/0.003 secs] [Times: user=0.00 sys=0.00, real=0.00 secs] 
129.292: [CMS-concurrent-abortable-preclean-start]
129.292: [CMS-concurrent-abortable-preclean: 0.000/0.000 secs] [Times: user=0.00 sys=0.00, real=0.00 secs] 
129.292: [GC (CMS Final Remark) [YG occupancy: 64517 K (157248 K)]129.292: [Rescan (parallel) , 0.0122292 secs]129.304: [weak refs processing, 0.0001832 secs]129.304: [class unloading, 0.0065545 secs]129.311: [scrub symbol table, 0.0094126 secs]129.320: [scrub string table, 0.0009091 secs][1 CMS-remark: 1402197K(1415616K)] 1466714K(1572864K), 0.0294950 secs] [Times: user=0.13 sys=0.00, real=0.03 secs] 
129.321: [CMS-concurrent-sweep-start]
129.740: [CMS-concurrent-sweep: 0.419/0.419 secs] [Times: user=0.42 sys=0.00, real=0.42 secs] 
129.740: [CMS-concurrent-reset-start]
129.742: [CMS-concurrent-reset: 0.001/0.001 secs] [Times: user=0.00 sys=0.00, real=0.00 secs] 
131.741: [GC (CMS Initial Mark) [1 CMS-initial-mark: 1402197K(1415616K)] 1469834K(1572864K), 0.0126827 secs] [Times: user=0.13 sys=0.00, real=0.01 secs] 
131.754: [CMS-concurrent-mark-start]
133.162: [CMS-concurrent-mark: 1.407/1.408 secs] [Times: user=2.81 sys=0.00, real=1.41 secs] 
133.162: [CMS-concurrent-preclean-start]
133.165: [CMS-concurrent-preclean: 0.003/0.003 secs] [Times: user=0.00 sys=0.00, real=0.00 secs] 
133.165: [CMS-concurrent-abortable-preclean-start]
133.165: [CMS-concurrent-abortable-preclean: 0.000/0.000 secs] [Times: user=0.00 sys=0.00, real=0.00 secs] 
133.165: [GC (CMS Final Remark) [YG occupancy: 69163 K (157248 K)]133.165: [Rescan (parallel) , 0.0122536 secs]133.177: [weak refs processing, 0.0001184 secs]133.177: [class unloading, 0.0061618 secs]133.184: [scrub symbol table, 0.0067444 secs]133.190: [scrub string table, 0.0006987 secs][1 CMS-remark: 1402197K(1415616K)] 1471361K(1572864K), 0.0261621 secs] [Times: user=0.14 sys=0.00, real=0.03 secs] 
133.191: [CMS-concurrent-sweep-start]
133.607: [CMS-concurrent-sweep: 0.416/0.416 secs] [Times: user=0.41 sys=0.00, real=0.42 secs] 
133.607: [CMS-concurrent-reset-start]
133.608: [CMS-concurrent-reset: 0.001/0.001 secs] [Times: user=0.00 sys=0.00, real=0.00 secs] 
135.608: [GC (CMS Initial Mark) [1 CMS-initial-mark: 1402191K(1415616K)] 1474723K(1572864K), 0.0146980 secs] [Times: user=0.11 sys=0.00, real=0.01 secs] 
135.623: [CMS-concurrent-mark-start]
136.939: [CMS-concurrent-mark: 1.317/1.317 secs] [Times: user=2.67 sys=0.00, real=1.32 secs] 
136.939: [CMS-concurrent-preclean-start]
136.943: [CMS-concurrent-preclean: 0.003/0.003 secs] [Times: user=0.00 sys=0.00, real=0.00 secs] 
136.943: [CMS-concurrent-abortable-preclean-start]
136.943: [CMS-concurrent-abortable-preclean: 0.000/0.000 secs] [Times: user=0.00 sys=0.00, real=0.00 secs] 
136.943: [GC (CMS Final Remark) [YG occupancy: 74263 K (157248 K)]136.943: [Rescan (parallel) , 0.0127360 secs]136.956: [weak refs processing, 0.0001287 secs]136.956: [class unloading, 0.0060907 secs]136.962: [scrub symbol table, 0.0052096 secs]136.967: [scrub string table, 0.0007335 secs][1 CMS-remark: 1402191K(1415616K)] 1476455K(1572864K), 0.0250730 secs] [Times: user=0.14 sys=0.00, real=0.03 secs] 
136.968: [CMS-concurrent-sweep-start]
137.385: [CMS-concurrent-sweep: 0.417/0.417 secs] [Times: user=0.41 sys=0.00, real=0.42 secs] 
137.385: [CMS-concurrent-reset-start]
137.386: [CMS-concurrent-reset: 0.001/0.001 secs] [Times: user=0.00 sys=0.00, real=0.00 secs] 
139.387: [GC (CMS Initial Mark) [1 CMS-initial-mark: 1402191K(1415616K)] 1478892K(1572864K), 0.0357559 secs] [Times: user=0.38 sys=0.00, real=0.04 secs] 
139.423: [CMS-concurrent-mark-start]
140.703: [CMS-concurrent-mark: 1.278/1.280 secs] [Times: user=2.56 sys=0.00, real=1.28 secs] 
140.703: [CMS-concurrent-preclean-start]
140.706: [CMS-concurrent-preclean: 0.003/0.003 secs] [Times: user=0.00 sys=0.00, real=0.00 secs] 
140.706: [CMS-concurrent-abortable-preclean-start]
140.706: [CMS-concurrent-abortable-preclean: 0.000/0.000 secs] [Times: user=0.00 sys=0.00, real=0.00 secs] 
140.706: [GC (CMS Final Remark) [YG occupancy: 78434 K (157248 K)]140.706: [Rescan (parallel) , 0.0135662 secs]140.720: [weak refs processing, 0.0001161 secs]140.720: [class unloading, 0.0063047 secs]140.726: [scrub symbol table, 0.0052593 secs]140.731: [scrub string table, 0.0006932 secs][1 CMS-remark: 1402191K(1415616K)] 1480625K(1572864K), 0.0261293 secs] [Times: user=0.13 sys=0.00, real=0.03 secs] 
140.732: [CMS-concurrent-sweep-start]
141.157: [CMS-concurrent-sweep: 0.425/0.425 secs] [Times: user=0.44 sys=0.00, real=0.42 secs] 
141.157: [CMS-concurrent-reset-start]
141.159: [CMS-concurrent-reset: 0.001/0.001 secs] [Times: user=0.00 sys=0.00, real=0.00 secs] 
143.159: [GC (CMS Initial Mark) [1 CMS-initial-mark: 1402191K(1415616K)] 1483401K(1572864K), 0.0276519 secs] [Times: user=0.13 sys=0.03, real=0.03 secs] 
143.186: [CMS-concurrent-mark-start]
144.471: [CMS-concurrent-mark: 1.283/1.285 secs] [Times: user=2.56 sys=0.00, real=1.29 secs] 
144.471: [CMS-concurrent-preclean-start]
144.474: [CMS-concurrent-preclean: 0.003/0.003 secs] [Times: user=0.00 sys=0.00, real=0.00 secs] 
144.474: [CMS-concurrent-abortable-preclean-start]
144.474: [CMS-concurrent-abortable-preclean: 0.000/0.000 secs] [Times: user=0.00 sys=0.00, real=0.00 secs] 
144.474: [GC (CMS Final Remark) [YG occupancy: 83213 K (157248 K)]144.475: [Rescan (parallel) , 0.0143972 secs]144.489: [weak refs processing, 0.0001311 secs]144.489: [class unloading, 0.0060082 secs]144.495: [scrub symbol table, 0.0052033 secs]144.500: [scrub string table, 0.0007189 secs][1 CMS-remark: 1402191K(1415616K)] 1485404K(1572864K), 0.0266319 secs] [Times: user=0.14 sys=0.00, real=0.03 secs] 
144.501: [CMS-concurrent-sweep-start]
144.913: [CMS-concurrent-sweep: 0.412/0.412 secs] [Times: user=0.41 sys=0.00, real=0.41 secs] 
144.913: [CMS-concurrent-reset-start]
144.914: [CMS-concurrent-reset: 0.001/0.001 secs] [Times: user=0.00 sys=0.00, real=0.00 secs] 
146.914: [GC (CMS Initial Mark) [1 CMS-initial-mark: 1402190K(1415616K)] 1488150K(1572864K), 0.0207153 secs] [Times: user=0.13 sys=0.00, real=0.02 secs] 
146.935: [CMS-concurrent-mark-start]
148.301: [CMS-concurrent-mark: 1.366/1.366 secs] [Times: user=2.77 sys=0.00, real=1.37 secs] 
148.301: [CMS-concurrent-preclean-start]
148.304: [CMS-concurrent-preclean: 0.003/0.003 secs] [Times: user=0.00 sys=0.00, real=0.00 secs] 
148.304: [CMS-concurrent-abortable-preclean-start]
148.304: [CMS-concurrent-abortable-preclean: 0.000/0.000 secs] [Times: user=0.00 sys=0.00, real=0.00 secs] 
148.304: [GC (CMS Final Remark) [YG occupancy: 88065 K (157248 K)]148.304: [Rescan (parallel) , 0.0154555 secs]148.320: [weak refs processing, 0.0001188 secs]148.320: [class unloading, 0.0060524 secs]148.326: [scrub symbol table, 0.0068490 secs]148.333: [scrub string table, 0.0007090 secs][1 CMS-remark: 1402190K(1415616K)] 1490256K(1572864K), 0.0293537 secs] [Times: user=0.14 sys=0.00, real=0.03 secs] 
148.334: [CMS-concurrent-sweep-start]
148.751: [CMS-concurrent-sweep: 0.417/0.417 secs] [Times: user=0.42 sys=0.00, real=0.42 secs] 
148.751: [CMS-concurrent-reset-start]
148.753: [CMS-concurrent-reset: 0.001/0.001 secs] [Times: user=0.00 sys=0.00, real=0.00 secs] 
150.753: [GC (CMS Initial Mark) [1 CMS-initial-mark: 1402190K(1415616K)] 1493630K(1572864K), 0.0198318 secs] [Times: user=0.11 sys=0.00, real=0.02 secs] 
150.773: [CMS-concurrent-mark-start]
152.125: [CMS-concurrent-mark: 1.353/1.353 secs] [Times: user=2.72 sys=0.00, real=1.35 secs] 
152.125: [CMS-concurrent-preclean-start]
152.128: [CMS-concurrent-preclean: 0.003/0.003 secs] [Times: user=0.00 sys=0.00, real=0.00 secs] 
152.128: [CMS-concurrent-abortable-preclean-start]
152.128: [CMS-concurrent-abortable-preclean: 0.000/0.000 secs] [Times: user=0.00 sys=0.00, real=0.00 secs] 
152.128: [GC (CMS Final Remark) [YG occupancy: 92901 K (157248 K)]152.128: [Rescan (parallel) , 0.0169078 secs]152.145: [weak refs processing, 0.0001180 secs]152.145: [class unloading, 0.0062036 secs]152.152: [scrub symbol table, 0.0074380 secs]152.159: [scrub string table, 0.0006920 secs][1 CMS-remark: 1402190K(1415616K)] 1495092K(1572864K), 0.0315241 secs] [Times: user=0.14 sys=0.00, real=0.03 secs] 
152.160: [CMS-concurrent-sweep-start]
152.580: [CMS-concurrent-sweep: 0.420/0.420 secs] [Times: user=0.42 sys=0.00, real=0.42 secs] 
152.580: [CMS-concurrent-reset-start]
152.581: [CMS-concurrent-reset: 0.001/0.001 secs] [Times: user=0.00 sys=0.00, real=0.00 secs] 
154.581: [GC (CMS Initial Mark) [1 CMS-initial-mark: 1402190K(1415616K)] 1497890K(1572864K), 0.0197505 secs] [Times: user=0.11 sys=0.00, real=0.02 secs] 
154.601: [CMS-concurrent-mark-start]
155.981: [CMS-concurrent-mark: 1.380/1.380 secs] [Times: user=2.75 sys=0.00, real=1.38 secs] 
155.981: [CMS-concurrent-preclean-start]
155.984: [CMS-concurrent-preclean: 0.003/0.003 secs] [Times: user=0.01 sys=0.00, real=0.00 secs] 
155.984: [CMS-concurrent-abortable-preclean-start]
155.984: [CMS-concurrent-abortable-preclean: 0.000/0.000 secs] [Times: user=0.00 sys=0.00, real=0.00 secs] 
155.984: [GC (CMS Final Remark) [YG occupancy: 97502 K (157248 K)]155.984: [Rescan (parallel) , 0.0174242 secs]156.002: [weak refs processing, 0.0002001 secs]156.002: [class unloading, 0.0077779 secs]156.010: [scrub symbol table, 0.0073208 secs]156.017: [scrub string table, 0.0006892 secs][1 CMS-remark: 1402190K(1415616K)] 1499693K(1572864K), 0.0336191 secs] [Times: user=0.14 sys=0.00, real=0.03 secs] 
156.018: [CMS-concurrent-sweep-start]
156.440: [CMS-concurrent-sweep: 0.422/0.422 secs] [Times: user=0.42 sys=0.00, real=0.42 secs] 
156.440: [CMS-concurrent-reset-start]
156.441: [CMS-concurrent-reset: 0.001/0.001 secs] [Times: user=0.00 sys=0.00, real=0.00 secs] 
158.441: [GC (CMS Initial Mark) [1 CMS-initial-mark: 1402190K(1415616K)] 1502574K(1572864K), 0.0244224 secs] [Times: user=0.11 sys=0.00, real=0.02 secs] 
158.466: [CMS-concurrent-mark-start]
159.807: [CMS-concurrent-mark: 1.341/1.341 secs] [Times: user=2.69 sys=0.00, real=1.34 secs] 
159.807: [CMS-concurrent-preclean-start]
159.810: [CMS-concurrent-preclean: 0.003/0.003 secs] [Times: user=0.00 sys=0.00, real=0.00 secs] 
159.810: [CMS-concurrent-abortable-preclean-start]
159.810: [CMS-concurrent-abortable-preclean: 0.000/0.000 secs] [Times: user=0.00 sys=0.00, real=0.00 secs] 
159.810: [GC (CMS Final Remark) [YG occupancy: 102057 K (157248 K)]159.810: [Rescan (parallel) , 0.0180416 secs]159.828: [weak refs processing, 0.0001184 secs]159.828: [class unloading, 0.0060875 secs]159.834: [scrub symbol table, 0.0056198 secs]159.840: [scrub string table, 0.0006952 secs][1 CMS-remark: 1402190K(1415616K)] 1504247K(1572864K), 0.0307215 secs] [Times: user=0.24 sys=0.00, real=0.03 secs] 
159.841: [CMS-concurrent-sweep-start]
160.265: [CMS-concurrent-sweep: 0.424/0.424 secs] [Times: user=0.44 sys=0.00, real=0.42 secs] 
160.265: [CMS-concurrent-reset-start]
160.266: [CMS-concurrent-reset: 0.001/0.001 secs] [Times: user=0.00 sys=0.00, real=0.00 secs] 
162.266: [GC (CMS Initial Mark) [1 CMS-initial-mark: 1402189K(1415616K)] 1507429K(1572864K), 0.0256185 secs] [Times: user=0.13 sys=0.00, real=0.03 secs] 
162.292: [CMS-concurrent-mark-start]
163.576: [CMS-concurrent-mark: 1.284/1.284 secs] [Times: user=2.56 sys=0.00, real=1.28 secs] 
163.576: [CMS-concurrent-preclean-start]
163.579: [CMS-concurrent-preclean: 0.003/0.003 secs] [Times: user=0.02 sys=0.00, real=0.00 secs] 
163.579: [CMS-concurrent-abortable-preclean-start]
163.579: [CMS-concurrent-abortable-preclean: 0.000/0.000 secs] [Times: user=0.00 sys=0.00, real=0.00 secs] 
163.579: [GC (CMS Final Remark) [YG occupancy: 106757 K (157248 K)]163.579: [Rescan (parallel) , 0.0208810 secs]163.600: [weak refs processing, 0.0001749 secs]163.600: [class unloading, 0.0064645 secs]163.607: [scrub symbol table, 0.0077068 secs]163.615: [scrub string table, 0.0007212 secs][1 CMS-remark: 1402189K(1415616K)] 1508947K(1572864K), 0.0361538 secs] [Times: user=0.14 sys=0.00, real=0.04 secs] 
163.615: [CMS-concurrent-sweep-start]
164.037: [CMS-concurrent-sweep: 0.422/0.422 secs] [Times: user=0.42 sys=0.00, real=0.42 secs] 
164.037: [CMS-concurrent-reset-start]
164.039: [CMS-concurrent-reset: 0.001/0.001 secs] [Times: user=0.00 sys=0.00, real=0.00 secs] 
166.039: [GC (CMS Initial Mark) [1 CMS-initial-mark: 1402189K(1415616K)] 1511959K(1572864K), 0.0870091 secs] [Times: user=0.72 sys=0.00, real=0.09 secs] 
166.126: [CMS-concurrent-mark-start]
167.428: [CMS-concurrent-mark: 1.300/1.302 secs] [Times: user=2.59 sys=0.00, real=1.30 secs] 
167.428: [CMS-concurrent-preclean-start]
167.432: [CMS-concurrent-preclean: 0.003/0.004 secs] [Times: user=0.00 sys=0.00, real=0.00 secs] 
167.432: [CMS-concurrent-abortable-preclean-start]
167.432: [CMS-concurrent-abortable-preclean: 0.000/0.000 secs] [Times: user=0.00 sys=0.00, real=0.00 secs] 
167.432: [GC (CMS Final Remark) [YG occupancy: 111732 K (157248 K)]167.432: [Rescan (parallel) , 0.0203825 secs]167.453: [weak refs processing, 0.0001216 secs]167.453: [class unloading, 0.0060106 secs]167.459: [scrub symbol table, 0.0060165 secs]167.465: [scrub string table, 0.0006881 secs][1 CMS-remark: 1402189K(1415616K)] 1513921K(1572864K), 0.0333897 secs] [Times: user=0.14 sys=0.02, real=0.03 secs] 
167.466: [CMS-concurrent-sweep-start]
167.878: [CMS-concurrent-sweep: 0.412/0.413 secs] [Times: user=0.42 sys=0.00, real=0.41 secs] 
167.878: [CMS-concurrent-reset-start]
167.879: [CMS-concurrent-reset: 0.001/0.001 secs] [Times: user=0.00 sys=0.00, real=0.00 secs] 
169.880: [GC (CMS Initial Mark) [1 CMS-initial-mark: 1402189K(1415616K)] 1516621K(1572864K), 0.0897787 secs] [Times: user=0.73 sys=0.00, real=0.09 secs] 
169.970: [CMS-concurrent-mark-start]
171.269: [CMS-concurrent-mark: 1.298/1.299 secs] [Times: user=2.59 sys=0.00, real=1.30 secs] 
171.269: [CMS-concurrent-preclean-start]
171.273: [CMS-concurrent-preclean: 0.003/0.003 secs] [Times: user=0.00 sys=0.00, real=0.00 secs] 
171.273: [CMS-concurrent-abortable-preclean-start]
171.273: [CMS-concurrent-abortable-preclean: 0.000/0.000 secs] [Times: user=0.00 sys=0.00, real=0.00 secs] 
171.273: [GC (CMS Final Remark) [YG occupancy: 116811 K (157248 K)]171.273: [Rescan (parallel) , 0.0209253 secs]171.294: [weak refs processing, 0.0001180 secs]171.294: [class unloading, 0.0059802 secs]171.300: [scrub symbol table, 0.0052629 secs]171.305: [scrub string table, 0.0007007 secs][1 CMS-remark: 1402189K(1415616K)] 1519000K(1572864K), 0.0331540 secs] [Times: user=0.14 sys=0.00, real=0.03 secs] 
171.306: [CMS-concurrent-sweep-start]
171.717: [CMS-concurrent-sweep: 0.411/0.411 secs] [Times: user=0.41 sys=0.00, real=0.41 secs] 
171.717: [CMS-concurrent-reset-start]
171.719: [CMS-concurrent-reset: 0.001/0.001 secs] [Times: user=0.02 sys=0.00, real=0.00 secs] 
173.719: [GC (CMS Initial Mark) [1 CMS-initial-mark: 1402186K(1415616K)] 1522263K(1572864K), 0.0250532 secs] [Times: user=0.13 sys=0.00, real=0.02 secs] 
173.744: [CMS-concurrent-mark-start]
175.304: [CMS-concurrent-mark: 1.560/1.560 secs] [Times: user=3.17 sys=0.00, real=1.56 secs] 
175.304: [CMS-concurrent-preclean-start]
175.307: [CMS-concurrent-preclean: 0.003/0.003 secs] [Times: user=0.00 sys=0.00, real=0.00 secs] 
175.307: [CMS-concurrent-abortable-preclean-start]
175.307: [CMS-concurrent-abortable-preclean: 0.000/0.000 secs] [Times: user=0.00 sys=0.00, real=0.00 secs] 
175.308: [GC (CMS Final Remark) [YG occupancy: 121953 K (157248 K)]175.308: [Rescan (parallel) , 0.0232808 secs]175.331: [weak refs processing, 0.0001547 secs]175.331: [class unloading, 0.0063777 secs]175.337: [scrub symbol table, 0.0074664 secs]175.345: [scrub string table, 0.0008073 secs][1 CMS-remark: 1402186K(1415616K)] 1524139K(1572864K), 0.0382898 secs] [Times: user=0.23 sys=0.00, real=0.04 secs] 
175.346: [CMS-concurrent-sweep-start]
175.854: [CMS-concurrent-sweep: 0.508/0.508 secs] [Times: user=0.50 sys=0.00, real=0.51 secs] 
175.854: [CMS-concurrent-reset-start]
175.856: [CMS-concurrent-reset: 0.002/0.002 secs] [Times: user=0.00 sys=0.00, real=0.00 secs] 
177.856: [GC (CMS Initial Mark) [1 CMS-initial-mark: 1402186K(1415616K)] 1531195K(1572864K), 0.0300655 secs] [Times: user=0.23 sys=0.00, real=0.03 secs] 
177.886: [CMS-concurrent-mark-start]
179.293: [CMS-concurrent-mark: 1.405/1.407 secs] [Times: user=2.83 sys=0.00, real=1.41 secs] 
179.293: [CMS-concurrent-preclean-start]
179.296: [CMS-concurrent-preclean: 0.003/0.003 secs] [Times: user=0.00 sys=0.00, real=0.00 secs] 
179.296: [CMS-concurrent-abortable-preclean-start]
179.296: [CMS-concurrent-abortable-preclean: 0.000/0.000 secs] [Times: user=0.00 sys=0.00, real=0.00 secs] 
179.296: [GC (CMS Final Remark) [YG occupancy: 131812 K (157248 K)]179.296: [Rescan (parallel) , 0.0342901 secs]179.331: [weak refs processing, 0.0001212 secs]179.331: [class unloading, 0.0061065 secs]179.337: [scrub symbol table, 0.0066138 secs]179.344: [scrub string table, 0.0006896 secs][1 CMS-remark: 1402186K(1415616K)] 1533999K(1572864K), 0.0480075 secs] [Times: user=0.33 sys=0.00, real=0.05 secs] 
179.344: [CMS-concurrent-sweep-start]
179.764: [CMS-concurrent-sweep: 0.420/0.420 secs] [Times: user=0.41 sys=0.00, real=0.42 secs] 
179.764: [CMS-concurrent-reset-start]
179.766: [CMS-concurrent-reset: 0.001/0.001 secs] [Times: user=0.03 sys=0.00, real=0.00 secs] 
181.765: [GC (CMS Initial Mark) [1 CMS-initial-mark: 1402186K(1415616K)] 1537732K(1572864K), 0.0307058 secs] [Times: user=0.13 sys=0.00, real=0.03 secs] 
181.796: [CMS-concurrent-mark-start]
183.163: [CMS-concurrent-mark: 1.367/1.367 secs] [Times: user=2.72 sys=0.03, real=1.37 secs] 
183.163: [CMS-concurrent-preclean-start]
183.167: [CMS-concurrent-preclean: 0.003/0.003 secs] [Times: user=0.00 sys=0.00, real=0.00 secs] 
183.167: [CMS-concurrent-abortable-preclean-start]
183.167: [CMS-concurrent-abortable-preclean: 0.000/0.000 secs] [Times: user=0.00 sys=0.00, real=0.00 secs] 
183.167: [GC (CMS Final Remark) [YG occupancy: 137212 K (157248 K)]183.167: [Rescan (parallel) , 0.0311554 secs]183.198: [weak refs processing, 0.0001216 secs]183.198: [class unloading, 0.0063248 secs]183.205: [scrub symbol table, 0.0087083 secs]183.213: [scrub string table, 0.0009636 secs][1 CMS-remark: 1402186K(1415616K)] 1539398K(1572864K), 0.0474770 secs] [Times: user=0.25 sys=0.00, real=0.05 secs] 
183.214: [CMS-concurrent-sweep-start]
183.632: [CMS-concurrent-sweep: 0.418/0.418 secs] [Times: user=0.44 sys=0.00, real=0.42 secs] 
183.632: [CMS-concurrent-reset-start]
183.633: [CMS-concurrent-reset: 0.001/0.001 secs] [Times: user=0.00 sys=0.00, real=0.00 secs] 
185.633: [GC (CMS Initial Mark) [1 CMS-initial-mark: 1402185K(1415616K)] 1542938K(1572864K), 0.0904597 secs] [Times: user=0.69 sys=0.00, real=0.09 secs] 
185.723: [CMS-concurrent-mark-start]
187.018: [CMS-concurrent-mark: 1.293/1.295 secs] [Times: user=2.59 sys=0.00, real=1.30 secs] 
187.018: [CMS-concurrent-preclean-start]
187.021: [CMS-concurrent-preclean: 0.003/0.003 secs] [Times: user=0.00 sys=0.00, real=0.00 secs] 
187.021: [CMS-concurrent-abortable-preclean-start]
187.021: [CMS-concurrent-abortable-preclean: 0.000/0.000 secs] [Times: user=0.00 sys=0.00, real=0.00 secs] 
187.021: [GC (CMS Final Remark) [YG occupancy: 142594 K (157248 K)]187.021: [Rescan (parallel) , 0.0312383 secs]187.052: [weak refs processing, 0.0001220 secs]187.052: [class unloading, 0.0060050 secs]187.058: [scrub symbol table, 0.0053849 secs]187.064: [scrub string table, 0.0006960 secs][1 CMS-remark: 1402185K(1415616K)] 1544780K(1572864K), 0.0436135 secs] [Times: user=0.27 sys=0.00, real=0.04 secs] 
187.065: [CMS-concurrent-sweep-start]
187.483: [CMS-concurrent-sweep: 0.419/0.419 secs] [Times: user=0.41 sys=0.00, real=0.42 secs] 
187.483: [CMS-concurrent-reset-start]
187.485: [CMS-concurrent-reset: 0.001/0.001 secs] [Times: user=0.01 sys=0.00, real=0.00 secs] 
189.485: [GC (CMS Initial Mark) [1 CMS-initial-mark: 1402185K(1415616K)] 1547898K(1572864K), 0.0409311 secs] [Times: user=0.25 sys=0.00, real=0.04 secs] 
189.526: [CMS-concurrent-mark-start]
190.807: [CMS-concurrent-mark: 1.281/1.281 secs] [Times: user=2.56 sys=0.00, real=1.28 secs] 
190.807: [CMS-concurrent-preclean-start]
190.810: [CMS-concurrent-preclean: 0.003/0.003 secs] [Times: user=0.00 sys=0.00, real=0.00 secs] 
190.810: [CMS-concurrent-abortable-preclean-start]
190.810: [CMS-concurrent-abortable-preclean: 0.000/0.000 secs] [Times: user=0.00 sys=0.00, real=0.00 secs] 
190.811: [GC (CMS Final Remark) [YG occupancy: 147083 K (157248 K)]190.811: [Rescan (parallel) , 0.0314124 secs]190.842: [weak refs processing, 0.0001165 secs]190.842: [class unloading, 0.0060800 secs]190.848: [scrub symbol table, 0.0052834 secs]190.854: [scrub string table, 0.0006814 secs][1 CMS-remark: 1402185K(1415616K)] 1549268K(1572864K), 0.0437584 secs] [Times: user=0.27 sys=0.00, real=0.04 secs] 
190.854: [CMS-concurrent-sweep-start]
191.267: [CMS-concurrent-sweep: 0.412/0.412 secs] [Times: user=0.42 sys=0.00, real=0.41 secs] 
191.267: [CMS-concurrent-reset-start]
191.268: [CMS-concurrent-reset: 0.001/0.001 secs] [Times: user=0.00 sys=0.00, real=0.00 secs] 
193.268: [GC (CMS Initial Mark) [1 CMS-initial-mark: 1402185K(1415616K)] 1552909K(1572864K), 0.0349707 secs] [Times: user=0.25 sys=0.00, real=0.04 secs] 
193.303: [CMS-concurrent-mark-start]
194.313: [GC (Allocation Failure) 194.313: [ParNew: 152080K->152080K(157248K), 0.0000150 secs]194.313: [CMS194.651: [CMS-concurrent-mark: 1.346/1.348 secs] [Times: user=2.72 sys=0.00, real=1.35 secs] 
 (concurrent mode failure): 1402185K->1379792K(1415616K), 3.2277525 secs] 1554266K->1379792K(1572864K), [Metaspace: 41574K->41574K(1085440K)], 3.2284966 secs] [Times: user=3.55 sys=0.00, real=3.23 secs] 
199.542: [GC (CMS Initial Mark) [1 CMS-initial-mark: 1379792K(1415616K)] 1388468K(2029056K), 0.0018490 secs] [Times: user=0.00 sys=0.00, real=0.00 secs] 
199.544: [CMS-concurrent-mark-start]
200.944: [CMS-concurrent-mark: 1.399/1.400 secs] [Times: user=2.89 sys=0.01, real=1.40 secs] 
200.944: [CMS-concurrent-preclean-start]
200.947: [CMS-concurrent-preclean: 0.003/0.003 secs] [Times: user=0.00 sys=0.00, real=0.00 secs] 
200.947: [CMS-concurrent-abortable-preclean-start]
 CMS: abort preclean due to time 206.009: [CMS-concurrent-abortable-preclean: 0.217/5.062 secs] [Times: user=0.31 sys=0.00, real=5.06 secs] 
206.009: [GC (CMS Final Remark) [YG occupancy: 19533 K (613440 K)]206.009: [Rescan (parallel) , 0.0043384 secs]206.014: [weak refs processing, 0.0001283 secs]206.014: [class unloading, 0.0065072 secs]206.020: [scrub symbol table, 0.0089231 secs]206.029: [scrub string table, 0.0008614 secs][1 CMS-remark: 1379792K(1415616K)] 1399326K(2029056K), 0.0209411 secs] [Times: user=0.02 sys=0.00, real=0.02 secs] 
206.030: [CMS-concurrent-sweep-start]
206.454: [CMS-concurrent-sweep: 0.424/0.424 secs] [Times: user=0.44 sys=0.00, real=0.42 secs] 
206.454: [CMS-concurrent-reset-start]
206.455: [CMS-concurrent-reset: 0.001/0.001 secs] [Times: user=0.00 sys=0.00, real=0.00 secs] 
208.455: [GC (CMS Initial Mark) [1 CMS-initial-mark: 1379464K(1415616K)] 1401734K(2029056K), 0.0054311 secs] [Times: user=0.00 sys=0.00, real=0.00 secs] 
208.460: [CMS-concurrent-mark-start]
209.830: [CMS-concurrent-mark: 1.370/1.370 secs] [Times: user=2.75 sys=0.00, real=1.37 secs] 
209.830: [CMS-concurrent-preclean-start]
209.833: [CMS-concurrent-preclean: 0.003/0.003 secs] [Times: user=0.00 sys=0.00, real=0.00 secs] 
209.833: [CMS-concurrent-abortable-preclean-start]
 CMS: abort preclean due to time 214.880: [CMS-concurrent-abortable-preclean: 0.206/5.047 secs] [Times: user=0.23 sys=0.00, real=5.05 secs] 
214.880: [GC (CMS Final Remark) [YG occupancy: 31472 K (613440 K)]214.880: [Rescan (parallel) , 0.0064574 secs]214.886: [weak refs processing, 0.0001216 secs]214.887: [class unloading, 0.0064689 secs]214.893: [scrub symbol table, 0.0080108 secs]214.901: [scrub string table, 0.0007054 secs][1 CMS-remark: 1379464K(1415616K)] 1410937K(2029056K), 0.0219331 secs] [Times: user=0.02 sys=0.00, real=0.02 secs] 
214.902: [CMS-concurrent-sweep-start]
215.332: [CMS-concurrent-sweep: 0.430/0.430 secs] [Times: user=0.44 sys=0.00, real=0.43 secs] 
215.332: [CMS-concurrent-reset-start]
215.334: [CMS-concurrent-reset: 0.001/0.001 secs] [Times: user=0.00 sys=0.00, real=0.00 secs] 
217.334: [GC (CMS Initial Mark) [1 CMS-initial-mark: 1379154K(1415616K)] 1413722K(2029056K), 0.0091911 secs] [Times: user=0.02 sys=0.00, real=0.01 secs] 
217.343: [CMS-concurrent-mark-start]
218.660: [CMS-concurrent-mark: 1.315/1.317 secs] [Times: user=2.63 sys=0.00, real=1.32 secs] 
218.660: [CMS-concurrent-preclean-start]
218.663: [CMS-concurrent-preclean: 0.003/0.003 secs] [Times: user=0.00 sys=0.00, real=0.00 secs] 
218.663: [CMS-concurrent-abortable-preclean-start]
 CMS: abort preclean due to time 223.723: [CMS-concurrent-abortable-preclean: 0.583/5.060 secs] [Times: user=0.64 sys=0.00, real=5.06 secs] 
223.724: [GC (CMS Final Remark) [YG occupancy: 43524 K (613440 K)]223.724: [Rescan (parallel) , 0.0354314 secs]223.760: [weak refs processing, 0.0002404 secs]223.760: [class unloading, 0.0085263 secs]223.768: [scrub symbol table, 0.0065597 secs]223.775: [scrub string table, 0.0009415 secs][1 CMS-remark: 1379154K(1415616K)] 1422679K(2029056K), 0.0519946 secs] [Times: user=0.27 sys=0.00, real=0.05 secs] 
223.776: [CMS-concurrent-sweep-start]
224.188: [CMS-concurrent-sweep: 0.412/0.412 secs] [Times: user=0.42 sys=0.00, real=0.41 secs] 
224.188: [CMS-concurrent-reset-start]
224.189: [CMS-concurrent-reset: 0.001/0.001 secs] [Times: user=0.00 sys=0.00, real=0.00 secs] 
226.189: [GC (CMS Initial Mark) [1 CMS-initial-mark: 1379093K(1415616K)] 1426250K(2029056K), 0.0380060 secs] [Times: user=0.25 sys=0.00, real=0.04 secs] 
226.228: [CMS-concurrent-mark-start]
227.507: [CMS-concurrent-mark: 1.277/1.279 secs] [Times: user=2.56 sys=0.00, real=1.28 secs] 
227.507: [CMS-concurrent-preclean-start]
227.510: [CMS-concurrent-preclean: 0.003/0.003 secs] [Times: user=0.00 sys=0.00, real=0.00 secs] 
227.510: [CMS-concurrent-abortable-preclean-start]
 CMS: abort preclean due to time 232.540: [CMS-concurrent-abortable-preclean: 0.598/5.030 secs] [Times: user=0.64 sys=0.00, real=5.03 secs] 
232.540: [GC (CMS Final Remark) [YG occupancy: 57049 K (613440 K)]232.540: [Rescan (parallel) , 0.0462971 secs]232.587: [weak refs processing, 0.0003225 secs]232.587: [class unloading, 0.0084715 secs]232.596: [scrub symbol table, 0.0065103 secs]232.602: [scrub string table, 0.0009494 secs][1 CMS-remark: 1379093K(1415616K)] 1436143K(2029056K), 0.0628409 secs] [Times: user=0.39 sys=0.00, real=0.06 secs] 
232.603: [CMS-concurrent-sweep-start]
233.016: [CMS-concurrent-sweep: 0.413/0.413 secs] [Times: user=0.42 sys=0.00, real=0.41 secs] 
233.016: [CMS-concurrent-reset-start]
233.017: [CMS-concurrent-reset: 0.001/0.001 secs] [Times: user=0.00 sys=0.00, real=0.00 secs] 
235.018: [GC (CMS Initial Mark) [1 CMS-initial-mark: 1379019K(1415616K)] 1440426K(2029056K), 0.0519133 secs] [Times: user=0.38 sys=0.00, real=0.05 secs] 
235.070: [CMS-concurrent-mark-start]
236.353: [CMS-concurrent-mark: 1.283/1.283 secs] [Times: user=2.56 sys=0.00, real=1.28 secs] 
236.353: [CMS-concurrent-preclean-start]
236.356: [CMS-concurrent-preclean: 0.003/0.003 secs] [Times: user=0.00 sys=0.00, real=0.00 secs] 
236.356: [CMS-concurrent-abortable-preclean-start]
 CMS: abort preclean due to time 241.408: [CMS-concurrent-abortable-preclean: 0.598/5.053 secs] [Times: user=0.69 sys=0.02, real=5.05 secs] 
241.409: [GC (CMS Final Remark) [YG occupancy: 74451 K (613440 K)]241.409: [Rescan (parallel) , 0.0584812 secs]241.467: [weak refs processing, 0.0001820 secs]241.468: [class unloading, 0.0084817 secs]241.476: [scrub symbol table, 0.0064997 secs]241.483: [scrub string table, 0.0009407 secs][1 CMS-remark: 1379019K(1415616K)] 1453470K(2029056K), 0.0748956 secs] [Times: user=0.39 sys=0.00, real=0.07 secs] 
241.484: [CMS-concurrent-sweep-start]
241.890: [CMS-concurrent-sweep: 0.406/0.406 secs] [Times: user=0.47 sys=0.01, real=0.41 secs] 
241.890: [CMS-concurrent-reset-start]
241.891: [CMS-concurrent-reset: 0.001/0.001 secs] [Times: user=0.00 sys=0.00, real=0.00 secs] 
243.891: [GC (CMS Initial Mark) [1 CMS-initial-mark: 1378961K(1415616K)] 1456743K(2029056K), 0.0631354 secs] [Times: user=0.50 sys=0.00, real=0.06 secs] 
243.954: [CMS-concurrent-mark-start]
245.232: [CMS-concurrent-mark: 1.278/1.278 secs] [Times: user=2.55 sys=0.00, real=1.28 secs] 
245.232: [CMS-concurrent-preclean-start]
245.236: [CMS-concurrent-preclean: 0.003/0.004 secs] [Times: user=0.02 sys=0.00, real=0.00 secs] 
245.236: [CMS-concurrent-abortable-preclean-start]
 CMS: abort preclean due to time 250.301: [CMS-concurrent-abortable-preclean: 0.579/5.065 secs] [Times: user=0.69 sys=0.00, real=5.07 secs] 
250.302: [GC (CMS Final Remark) [YG occupancy: 88498 K (613440 K)]250.302: [Rescan (parallel) , 0.0692391 secs]250.371: [weak refs processing, 0.0001808 secs]250.371: [class unloading, 0.0085066 secs]250.380: [scrub symbol table, 0.0065786 secs]250.387: [scrub string table, 0.0009525 secs][1 CMS-remark: 1378961K(1415616K)] 1467460K(2029056K), 0.0857593 secs] [Times: user=0.52 sys=0.00, real=0.09 secs] 
250.388: [CMS-concurrent-sweep-start]
250.799: [CMS-concurrent-sweep: 0.411/0.411 secs] [Times: user=0.44 sys=0.00, real=0.41 secs] 
250.799: [CMS-concurrent-reset-start]
250.800: [CMS-concurrent-reset: 0.001/0.001 secs] [Times: user=0.00 sys=0.00, real=0.00 secs] 
252.800: [GC (CMS Initial Mark) [1 CMS-initial-mark: 1378942K(1415616K)] 1470169K(2029056K), 0.0750117 secs] [Times: user=0.58 sys=0.00, real=0.08 secs] 
252.875: [CMS-concurrent-mark-start]
254.147: [CMS-concurrent-mark: 1.272/1.272 secs] [Times: user=2.53 sys=0.00, real=1.27 secs] 
254.147: [CMS-concurrent-preclean-start]
254.150: [CMS-concurrent-preclean: 0.003/0.003 secs] [Times: user=0.00 sys=0.00, real=0.00 secs] 
254.150: [CMS-concurrent-abortable-preclean-start]
 CMS: abort preclean due to time 259.160: [CMS-concurrent-abortable-preclean: 0.573/5.010 secs] [Times: user=0.66 sys=0.03, real=5.01 secs] 
259.160: [GC (CMS Final Remark) [YG occupancy: 103866 K (613440 K)]259.160: [Rescan (parallel) , 0.0759366 secs]259.236: [weak refs processing, 0.0001611 secs]259.237: [class unloading, 0.0084340 secs]259.245: [scrub symbol table, 0.0055404 secs]259.251: [scrub string table, 0.0006932 secs][1 CMS-remark: 1378942K(1415616K)] 1482809K(2029056K), 0.0909863 secs] [Times: user=0.64 sys=0.00, real=0.09 secs] 
259.251: [CMS-concurrent-sweep-start]
259.656: [CMS-concurrent-sweep: 0.405/0.405 secs] [Times: user=0.41 sys=0.00, real=0.40 secs] 
259.657: [CMS-concurrent-reset-start]
259.658: [CMS-concurrent-reset: 0.001/0.001 secs] [Times: user=0.00 sys=0.00, real=0.00 secs] 
261.657: [GC (CMS Initial Mark) [1 CMS-initial-mark: 1378936K(1415616K)] 1486093K(2029056K), 0.0868220 secs] [Times: user=0.63 sys=0.00, real=0.09 secs] 
261.744: [CMS-concurrent-mark-start]
263.021: [CMS-concurrent-mark: 1.277/1.277 secs] [Times: user=2.56 sys=0.00, real=1.28 secs] 
263.021: [CMS-concurrent-preclean-start]
263.025: [CMS-concurrent-preclean: 0.004/0.004 secs] [Times: user=0.00 sys=0.00, real=0.00 secs] 
263.025: [CMS-concurrent-abortable-preclean-start]
 CMS: abort preclean due to time 268.076: [CMS-concurrent-abortable-preclean: 0.610/5.051 secs] [Times: user=0.59 sys=0.00, real=5.05 secs] 
268.076: [GC (CMS Final Remark) [YG occupancy: 115843 K (613440 K)]268.076: [Rescan (parallel) , 0.0767494 secs]268.153: [weak refs processing, 0.0001634 secs]268.153: [class unloading, 0.0070144 secs]268.160: [scrub symbol table, 0.0051196 secs]268.166: [scrub string table, 0.0007686 secs][1 CMS-remark: 1378936K(1415616K)] 1494779K(2029056K), 0.0900393 secs] [Times: user=0.64 sys=0.00, real=0.09 secs] 
268.166: [CMS-concurrent-sweep-start]
268.568: [CMS-concurrent-sweep: 0.401/0.401 secs] [Times: user=0.41 sys=0.00, real=0.40 secs] 
268.568: [CMS-concurrent-reset-start]
268.569: [CMS-concurrent-reset: 0.001/0.001 secs] [Times: user=0.00 sys=0.00, real=0.00 secs] 
270.569: [GC (CMS Initial Mark) [1 CMS-initial-mark: 1378919K(1415616K)] 1498910K(2029056K), 0.0969396 secs] [Times: user=0.75 sys=0.00, real=0.10 secs] 
270.666: [CMS-concurrent-mark-start]
271.941: [CMS-concurrent-mark: 1.275/1.275 secs] [Times: user=2.58 sys=0.00, real=1.28 secs] 
271.941: [CMS-concurrent-preclean-start]
271.945: [CMS-concurrent-preclean: 0.003/0.003 secs] [Times: user=0.00 sys=0.00, real=0.00 secs] 
271.945: [CMS-concurrent-abortable-preclean-start]
 CMS: abort preclean due to time 276.948: [CMS-concurrent-abortable-preclean: 0.614/5.003 secs] [Times: user=0.66 sys=0.00, real=5.00 secs] 
276.949: [GC (CMS Final Remark) [YG occupancy: 129884 K (613440 K)]276.949: [Rescan (parallel) , 0.1006859 secs]277.049: [weak refs processing, 0.0003371 secs]277.050: [class unloading, 0.0093928 secs]277.059: [scrub symbol table, 0.0065948 secs]277.066: [scrub string table, 0.0008175 secs][1 CMS-remark: 1378919K(1415616K)] 1508803K(2029056K), 0.1181471 secs] [Times: user=0.89 sys=0.00, real=0.12 secs] 
277.067: [CMS-concurrent-sweep-start]
277.471: [CMS-concurrent-sweep: 0.404/0.404 secs] [Times: user=0.41 sys=0.00, real=0.40 secs] 
277.471: [CMS-concurrent-reset-start]
277.472: [CMS-concurrent-reset: 0.001/0.001 secs] [Times: user=0.00 sys=0.00, real=0.00 secs] 
279.472: [GC (CMS Initial Mark) [1 CMS-initial-mark: 1378900K(1415616K)] 1512081K(2029056K), 0.1077129 secs] [Times: user=0.88 sys=0.00, real=0.11 secs] 
279.580: [CMS-concurrent-mark-start]
280.876: [CMS-concurrent-mark: 1.294/1.296 secs] [Times: user=2.69 sys=0.00, real=1.30 secs] 
280.876: [CMS-concurrent-preclean-start]
280.879: [CMS-concurrent-preclean: 0.004/0.004 secs] [Times: user=0.00 sys=0.00, real=0.00 secs] 
280.879: [CMS-concurrent-abortable-preclean-start]
 CMS: abort preclean due to time 285.950: [CMS-concurrent-abortable-preclean: 0.600/5.071 secs] [Times: user=0.64 sys=0.00, real=5.07 secs] 
285.950: [GC (CMS Final Remark) [YG occupancy: 142884 K (613440 K)]285.951: [Rescan (parallel) , 0.1115523 secs]286.062: [weak refs processing, 0.0003253 secs]286.063: [class unloading, 0.0090837 secs]286.072: [scrub symbol table, 0.0059612 secs]286.078: [scrub string table, 0.0008823 secs][1 CMS-remark: 1378900K(1415616K)] 1521784K(2029056K), 0.1281183 secs] [Times: user=1.02 sys=0.00, real=0.13 secs] 
286.079: [CMS-concurrent-sweep-start]
286.490: [CMS-concurrent-sweep: 0.411/0.411 secs] [Times: user=0.41 sys=0.00, real=0.41 secs] 
286.490: [CMS-concurrent-reset-start]
286.491: [CMS-concurrent-reset: 0.001/0.001 secs] [Times: user=0.00 sys=0.00, real=0.00 secs] 
288.492: [GC (CMS Initial Mark) [1 CMS-initial-mark: 1378871K(1415616K)] 1526660K(2029056K), 0.1202970 secs] [Times: user=1.00 sys=0.00, real=0.12 secs] 
288.612: [CMS-concurrent-mark-start]
289.886: [CMS-concurrent-mark: 1.274/1.274 secs] [Times: user=2.53 sys=0.00, real=1.27 secs] 
289.886: [CMS-concurrent-preclean-start]
289.889: [CMS-concurrent-preclean: 0.003/0.003 secs] [Times: user=0.00 sys=0.00, real=0.00 secs] 
289.889: [CMS-concurrent-abortable-preclean-start]
 CMS: abort preclean due to time 294.961: [CMS-concurrent-abortable-preclean: 0.627/5.072 secs] [Times: user=0.64 sys=0.03, real=5.07 secs] 
294.962: [GC (CMS Final Remark) [YG occupancy: 157506 K (613440 K)]294.962: [Rescan (parallel) , 0.1243152 secs]295.086: [weak refs processing, 0.0003821 secs]295.087: [class unloading, 0.0097426 secs]295.096: [scrub symbol table, 0.0059071 secs]295.102: [scrub string table, 0.0007117 secs][1 CMS-remark: 1378871K(1415616K)] 1536377K(2029056K), 0.1413509 secs] [Times: user=1.02 sys=0.00, real=0.14 secs] 
295.103: [CMS-concurrent-sweep-start]
295.506: [CMS-concurrent-sweep: 0.403/0.403 secs] [Times: user=0.41 sys=0.00, real=0.40 secs] 
295.506: [CMS-concurrent-reset-start]
295.508: [CMS-concurrent-reset: 0.001/0.001 secs] [Times: user=0.00 sys=0.00, real=0.00 secs] 
297.508: [GC (CMS Initial Mark) [1 CMS-initial-mark: 1378846K(1415616K)] 1541000K(2029056K), 0.1323347 secs] [Times: user=1.13 sys=0.00, real=0.13 secs] 
297.640: [CMS-concurrent-mark-start]
298.929: [CMS-concurrent-mark: 1.288/1.288 secs] [Times: user=2.56 sys=0.00, real=1.29 secs] 
298.929: [CMS-concurrent-preclean-start]
298.932: [CMS-concurrent-preclean: 0.003/0.003 secs] [Times: user=0.00 sys=0.00, real=0.00 secs] 
298.932: [CMS-concurrent-abortable-preclean-start]
 CMS: abort preclean due to time 303.941: [CMS-concurrent-abortable-preclean: 0.609/5.009 secs] [Times: user=0.66 sys=0.00, real=5.01 secs] 
303.942: [GC (CMS Final Remark) [YG occupancy: 173084 K (613440 K)]303.942: [Rescan (parallel) , 0.1369004 secs]304.079: [weak refs processing, 0.0003628 secs]304.079: [class unloading, 0.0102637 secs]304.090: [scrub symbol table, 0.0065980 secs]304.096: [scrub string table, 0.0008037 secs][1 CMS-remark: 1378846K(1415616K)] 1551931K(2029056K), 0.1552436 secs] [Times: user=1.14 sys=0.00, real=0.16 secs] 
304.097: [CMS-concurrent-sweep-start]
304.503: [CMS-concurrent-sweep: 0.405/0.405 secs] [Times: user=0.41 sys=0.00, real=0.40 secs] 
304.503: [CMS-concurrent-reset-start]
304.504: [CMS-concurrent-reset: 0.001/0.001 secs] [Times: user=0.00 sys=0.00, real=0.00 secs] 
306.503: [GC (CMS Initial Mark) [1 CMS-initial-mark: 1378839K(1415616K)] 1556835K(2029056K), 0.1462487 secs] [Times: user=1.13 sys=0.00, real=0.15 secs] 
306.650: [CMS-concurrent-mark-start]
307.934: [CMS-concurrent-mark: 1.284/1.284 secs] [Times: user=2.56 sys=0.00, real=1.28 secs] 
307.934: [CMS-concurrent-preclean-start]
307.937: [CMS-concurrent-preclean: 0.004/0.004 secs] [Times: user=0.02 sys=0.00, real=0.00 secs] 
307.937: [CMS-concurrent-abortable-preclean-start]
 CMS: abort preclean due to time 312.996: [CMS-concurrent-abortable-preclean: 0.575/5.059 secs] [Times: user=0.58 sys=0.00, real=5.06 secs] 
312.997: [GC (CMS Final Remark) [YG occupancy: 188720 K (613440 K)]312.997: [Rescan (parallel) , 0.1510438 secs]313.148: [weak refs processing, 0.0005708 secs]313.149: [class unloading, 0.0096005 secs]313.158: [scrub symbol table, 0.0051445 secs]313.164: [scrub string table, 0.0006940 secs][1 CMS-remark: 1378839K(1415616K)] 1567560K(2029056K), 0.1673824 secs] [Times: user=1.27 sys=0.00, real=0.17 secs] 
313.164: [CMS-concurrent-sweep-start]
313.564: [CMS-concurrent-sweep: 0.400/0.400 secs] [Times: user=0.41 sys=0.00, real=0.40 secs] 
313.564: [CMS-concurrent-reset-start]
313.565: [CMS-concurrent-reset: 0.001/0.001 secs] [Times: user=0.00 sys=0.00, real=0.00 secs] 
315.565: [GC (CMS Initial Mark) [1 CMS-initial-mark: 1378804K(1415616K)] 1572446K(2029056K), 0.1611819 secs] [Times: user=1.23 sys=0.00, real=0.16 secs] 
315.726: [CMS-concurrent-mark-start]
317.004: [CMS-concurrent-mark: 1.278/1.278 secs] [Times: user=2.56 sys=0.00, real=1.28 secs] 
317.004: [CMS-concurrent-preclean-start]
317.007: [CMS-concurrent-preclean: 0.003/0.003 secs] [Times: user=0.00 sys=0.00, real=0.00 secs] 
317.007: [CMS-concurrent-abortable-preclean-start]
 CMS: abort preclean due to time 322.018: [CMS-concurrent-abortable-preclean: 0.623/5.012 secs] [Times: user=0.66 sys=0.00, real=5.01 secs] 
322.019: [GC (CMS Final Remark) [YG occupancy: 203904 K (613440 K)]322.019: [Rescan (parallel) , 0.1626630 secs]322.182: [weak refs processing, 0.0002744 secs]322.182: [class unloading, 0.0082520 secs]322.191: [scrub symbol table, 0.0060753 secs]322.197: [scrub string table, 0.0009020 secs][1 CMS-remark: 1378804K(1415616K)] 1582709K(2029056K), 0.1784588 secs] [Times: user=1.26 sys=0.00, real=0.18 secs] 
322.198: [CMS-concurrent-sweep-start]
322.619: [CMS-concurrent-sweep: 0.422/0.422 secs] [Times: user=0.42 sys=0.00, real=0.42 secs] 
322.619: [CMS-concurrent-reset-start]
322.621: [CMS-concurrent-reset: 0.001/0.001 secs] [Times: user=0.00 sys=0.00, real=0.00 secs] 
324.620: [GC (CMS Initial Mark) [1 CMS-initial-mark: 1378803K(1415616K)] 1586818K(2029056K), 0.1741580 secs] [Times: user=1.36 sys=0.00, real=0.17 secs] 
324.795: [CMS-concurrent-mark-start]
326.071: [CMS-concurrent-mark: 1.276/1.276 secs] [Times: user=2.58 sys=0.00, real=1.28 secs] 
326.071: [CMS-concurrent-preclean-start]
326.075: [CMS-concurrent-preclean: 0.003/0.003 secs] [Times: user=0.00 sys=0.00, real=0.00 secs] 
326.075: [CMS-concurrent-abortable-preclean-start]
 CMS: abort preclean due to time 331.152: [CMS-concurrent-abortable-preclean: 0.616/5.077 secs] [Times: user=0.72 sys=0.00, real=5.08 secs] 
331.152: [GC (CMS Final Remark) [YG occupancy: 226194 K (613440 K)]331.152: [Rescan (parallel) , 0.1850659 secs]331.337: [weak refs processing, 0.0003359 secs]331.338: [class unloading, 0.0086886 secs]331.346: [scrub symbol table, 0.0067503 secs]331.353: [scrub string table, 0.0009707 secs][1 CMS-remark: 1378803K(1415616K)] 1604998K(2029056K), 0.2021273 secs] [Times: user=1.50 sys=0.00, real=0.20 secs] 
331.354: [CMS-concurrent-sweep-start]
331.763: [CMS-concurrent-sweep: 0.409/0.409 secs] [Times: user=0.41 sys=0.00, real=0.41 secs] 
331.763: [CMS-concurrent-reset-start]
331.764: [CMS-concurrent-reset: 0.001/0.001 secs] [Times: user=0.00 sys=0.00, real=0.00 secs] 
333.765: [GC (CMS Initial Mark) [1 CMS-initial-mark: 1378803K(1415616K)] 1608622K(2029056K), 0.1565234 secs] [Times: user=1.19 sys=0.00, real=0.16 secs] 
333.921: [CMS-concurrent-mark-start]
335.183: [CMS-concurrent-mark: 1.261/1.261 secs] [Times: user=2.50 sys=0.00, real=1.26 secs] 
335.183: [CMS-concurrent-preclean-start]
335.186: [CMS-concurrent-preclean: 0.003/0.003 secs] [Times: user=0.00 sys=0.00, real=0.00 secs] 
335.186: [CMS-concurrent-abortable-preclean-start]
 CMS: abort preclean due to time 340.292: [CMS-concurrent-abortable-preclean: 0.603/5.107 secs] [Times: user=0.59 sys=0.02, real=5.11 secs] 
340.293: [GC (CMS Final Remark) [YG occupancy: 238879 K (613440 K)]340.293: [Rescan (parallel) , 0.1950994 secs]340.488: [weak refs processing, 0.0004508 secs]340.489: [class unloading, 0.0093735 secs]340.498: [scrub symbol table, 0.0068885 secs]340.505: [scrub string table, 0.0010276 secs][1 CMS-remark: 1378803K(1415616K)] 1617683K(2029056K), 0.2131572 secs] [Times: user=1.64 sys=0.00, real=0.21 secs] 
340.506: [CMS-concurrent-sweep-start]
340.915: [CMS-concurrent-sweep: 0.409/0.409 secs] [Times: user=0.41 sys=0.00, real=0.41 secs] 
340.915: [CMS-concurrent-reset-start]
340.916: [CMS-concurrent-reset: 0.001/0.001 secs] [Times: user=0.00 sys=0.00, real=0.00 secs] 
342.916: [GC (CMS Initial Mark) [1 CMS-initial-mark: 1378798K(1415616K)] 1621162K(2029056K), 0.2068099 secs] [Times: user=1.63 sys=0.00, real=0.21 secs] 
343.123: [CMS-concurrent-mark-start]
344.399: [CMS-concurrent-mark: 1.274/1.276 secs] [Times: user=2.55 sys=0.00, real=1.28 secs] 
344.399: [CMS-concurrent-preclean-start]
344.402: [CMS-concurrent-preclean: 0.004/0.004 secs] [Times: user=0.00 sys=0.00, real=0.00 secs] 
344.402: [CMS-concurrent-abortable-preclean-start]
 CMS: abort preclean due to time 349.408: [CMS-concurrent-abortable-preclean: 0.604/5.005 secs] [Times: user=0.58 sys=0.02, real=5.01 secs] 
349.408: [GC (CMS Final Remark) [YG occupancy: 251043 K (613440 K)]349.409: [Rescan (parallel) , 0.2049292 secs]349.614: [weak refs processing, 0.0002882 secs]349.614: [class unloading, 0.0091769 secs]349.623: [scrub symbol table, 0.0067420 secs]349.630: [scrub string table, 0.0009904 secs][1 CMS-remark: 1378798K(1415616K)] 1629842K(2029056K), 0.2224260 secs] [Times: user=1.64 sys=0.00, real=0.22 secs] 
349.631: [CMS-concurrent-sweep-start]
350.036: [CMS-concurrent-sweep: 0.406/0.406 secs] [Times: user=0.41 sys=0.00, real=0.41 secs] 
350.037: [CMS-concurrent-reset-start]
350.038: [CMS-concurrent-reset: 0.001/0.001 secs] [Times: user=0.00 sys=0.00, real=0.00 secs] 
352.038: [GC (CMS Initial Mark) [1 CMS-initial-mark: 1378798K(1415616K)] 1633328K(2029056K), 0.2179463 secs] [Times: user=1.75 sys=0.00, real=0.22 secs] 
352.256: [CMS-concurrent-mark-start]
353.530: [CMS-concurrent-mark: 1.274/1.274 secs] [Times: user=2.53 sys=0.00, real=1.27 secs] 
353.530: [CMS-concurrent-preclean-start]
353.533: [CMS-concurrent-preclean: 0.003/0.004 secs] [Times: user=0.02 sys=0.00, real=0.00 secs] 
353.533: [CMS-concurrent-abortable-preclean-start]
 CMS: abort preclean due to time 358.581: [CMS-concurrent-abortable-preclean: 0.607/5.047 secs] [Times: user=0.66 sys=0.02, real=5.05 secs] 
358.581: [GC (CMS Final Remark) [YG occupancy: 264366 K (613440 K)]358.581: [Rescan (parallel) , 0.2167972 secs]358.798: [weak refs processing, 0.0004623 secs]358.799: [class unloading, 0.0102396 secs]358.809: [scrub symbol table, 0.0066911 secs]358.816: [scrub string table, 0.0009368 secs][1 CMS-remark: 1378798K(1415616K)] 1643164K(2029056K), 0.2354329 secs] [Times: user=1.77 sys=0.00, real=0.24 secs] 
358.817: [CMS-concurrent-sweep-start]
359.220: [CMS-concurrent-sweep: 0.403/0.403 secs] [Times: user=0.41 sys=0.00, real=0.40 secs] 
359.220: [CMS-concurrent-reset-start]
359.221: [CMS-concurrent-reset: 0.001/0.001 secs] [Times: user=0.00 sys=0.00, real=0.00 secs] 
361.221: [GC (CMS Initial Mark) [1 CMS-initial-mark: 1378798K(1415616K)] 1647820K(2029056K), 0.2297342 secs] [Times: user=1.75 sys=0.00, real=0.23 secs] 
361.451: [CMS-concurrent-mark-start]
362.727: [CMS-concurrent-mark: 1.277/1.277 secs] [Times: user=2.58 sys=0.00, real=1.28 secs] 
362.727: [CMS-concurrent-preclean-start]
362.730: [CMS-concurrent-preclean: 0.003/0.003 secs] [Times: user=0.00 sys=0.00, real=0.00 secs] 
362.730: [CMS-concurrent-abortable-preclean-start]
 CMS: abort preclean due to time 367.764: [CMS-concurrent-abortable-preclean: 0.604/5.034 secs] [Times: user=0.73 sys=0.02, real=5.03 secs] 
367.764: [GC (CMS Final Remark) [YG occupancy: 277982 K (613440 K)]367.764: [Rescan (parallel) , 0.2289478 secs]367.993: [weak refs processing, 0.0005404 secs]367.994: [class unloading, 0.0091659 secs]368.003: [scrub symbol table, 0.0068419 secs]368.010: [scrub string table, 0.0009308 secs][1 CMS-remark: 1378798K(1415616K)] 1656780K(2029056K), 0.2467269 secs] [Times: user=1.78 sys=0.00, real=0.25 secs] 
368.011: [CMS-concurrent-sweep-start]
368.425: [CMS-concurrent-sweep: 0.414/0.414 secs] [Times: user=0.44 sys=0.00, real=0.41 secs] 
368.425: [CMS-concurrent-reset-start]
368.427: [CMS-concurrent-reset: 0.001/0.001 secs] [Times: user=0.00 sys=0.00, real=0.00 secs] 
370.427: [GC (CMS Initial Mark) [1 CMS-initial-mark: 1378797K(1415616K)] 1661232K(2029056K), 0.2404731 secs] [Times: user=1.88 sys=0.00, real=0.24 secs] 
370.667: [CMS-concurrent-mark-start]
371.941: [CMS-concurrent-mark: 1.273/1.273 secs] [Times: user=2.56 sys=0.00, real=1.27 secs] 
371.941: [CMS-concurrent-preclean-start]
371.944: [CMS-concurrent-preclean: 0.003/0.003 secs] [Times: user=0.00 sys=0.00, real=0.00 secs] 
371.944: [CMS-concurrent-abortable-preclean-start]
 CMS: abort preclean due to time 376.950: [CMS-concurrent-abortable-preclean: 0.603/5.005 secs] [Times: user=0.67 sys=0.00, real=5.01 secs] 
376.950: [GC (CMS Final Remark) [YG occupancy: 291374 K (613440 K)]376.950: [Rescan (parallel) , 0.2383687 secs]377.189: [weak refs processing, 0.0004291 secs]377.189: [class unloading, 0.0107998 secs]377.200: [scrub symbol table, 0.0067030 secs]377.207: [scrub string table, 0.0007986 secs][1 CMS-remark: 1378797K(1415616K)] 1670172K(2029056K), 0.2574027 secs] [Times: user=2.01 sys=0.00, real=0.26 secs] 
377.208: [CMS-concurrent-sweep-start]
377.616: [CMS-concurrent-sweep: 0.409/0.409 secs] [Times: user=0.41 sys=0.00, real=0.41 secs] 
377.616: [CMS-concurrent-reset-start]
377.618: [CMS-concurrent-reset: 0.001/0.001 secs] [Times: user=0.00 sys=0.00, real=0.00 secs] 
379.618: [GC (CMS Initial Mark) [1 CMS-initial-mark: 1378797K(1415616K)] 1673256K(2029056K), 0.2539714 secs] [Times: user=1.98 sys=0.00, real=0.25 secs] 
379.872: [CMS-concurrent-mark-start]
381.154: [CMS-concurrent-mark: 1.280/1.282 secs] [Times: user=2.59 sys=0.00, real=1.28 secs] 
381.154: [CMS-concurrent-preclean-start]
381.157: [CMS-concurrent-preclean: 0.003/0.003 secs] [Times: user=0.02 sys=0.00, real=0.00 secs] 
381.157: [CMS-concurrent-abortable-preclean-start]
 CMS: abort preclean due to time 386.206: [CMS-concurrent-abortable-preclean: 0.606/5.048 secs] [Times: user=0.80 sys=0.00, real=5.05 secs] 
386.207: [GC (CMS Final Remark) [YG occupancy: 304832 K (613440 K)]386.207: [Rescan (parallel) , 0.1453289 secs]386.352: [weak refs processing, 0.0002309 secs]386.352: [class unloading, 0.0065174 secs]386.359: [scrub symbol table, 0.0054271 secs]386.364: [scrub string table, 0.0007224 secs][1 CMS-remark: 1378797K(1415616K)] 1683630K(2029056K), 0.1584719 secs] [Times: user=1.14 sys=0.00, real=0.16 secs] 
386.365: [CMS-concurrent-sweep-start]
386.766: [CMS-concurrent-sweep: 0.401/0.401 secs] [Times: user=0.41 sys=0.00, real=0.40 secs] 
386.766: [CMS-concurrent-reset-start]
386.768: [CMS-concurrent-reset: 0.001/0.001 secs] [Times: user=0.00 sys=0.00, real=0.00 secs] 
388.768: [GC (CMS Initial Mark) [1 CMS-initial-mark: 1378797K(1415616K)] 1686742K(2029056K), 0.1452784 secs] [Times: user=1.13 sys=0.00, real=0.14 secs] 
388.913: [CMS-concurrent-mark-start]
390.179: [CMS-concurrent-mark: 1.266/1.266 secs] [Times: user=2.53 sys=0.00, real=1.27 secs] 
390.180: [CMS-concurrent-preclean-start]
390.183: [CMS-concurrent-preclean: 0.003/0.003 secs] [Times: user=0.00 sys=0.00, real=0.00 secs] 
390.183: [CMS-concurrent-abortable-preclean-start]
 CMS: abort preclean due to time 395.201: [CMS-concurrent-abortable-preclean: 0.586/5.018 secs] [Times: user=0.56 sys=0.00, real=5.02 secs] 
395.202: [GC (CMS Final Remark) [YG occupancy: 317318 K (613440 K)]395.202: [Rescan (parallel) , 0.2602619 secs]395.462: [weak refs processing, 0.0004330 secs]395.462: [class unloading, 0.0087628 secs]395.471: [scrub symbol table, 0.0064093 secs]395.478: [scrub string table, 0.0007457 secs][1 CMS-remark: 1378797K(1415616K)] 1696115K(2029056K), 0.2769001 secs] [Times: user=2.14 sys=0.00, real=0.28 secs] 
395.479: [CMS-concurrent-sweep-start]
395.882: [CMS-concurrent-sweep: 0.404/0.404 secs] [Times: user=0.41 sys=0.00, real=0.40 secs] 
395.882: [CMS-concurrent-reset-start]
395.884: [CMS-concurrent-reset: 0.001/0.001 secs] [Times: user=0.00 sys=0.00, real=0.00 secs] 
397.885: [GC (CMS Initial Mark) [1 CMS-initial-mark: 1378797K(1415616K)] 1699570K(2029056K), 0.2744041 secs] [Times: user=2.25 sys=0.00, real=0.27 secs] 
398.159: [CMS-concurrent-mark-start]
399.441: [CMS-concurrent-mark: 1.281/1.281 secs] [Times: user=2.61 sys=0.00, real=1.28 secs] 
399.441: [CMS-concurrent-preclean-start]
399.444: [CMS-concurrent-preclean: 0.003/0.003 secs] [Times: user=0.00 sys=0.00, real=0.00 secs] 
399.444: [CMS-concurrent-abortable-preclean-start]
 CMS: abort preclean due to time 404.446: [CMS-concurrent-abortable-preclean: 0.600/5.002 secs] [Times: user=0.69 sys=0.03, real=5.00 secs] 
404.447: [GC (CMS Final Remark) [YG occupancy: 329975 K (613440 K)]404.447: [Rescan (parallel) , 0.2701284 secs]404.717: [weak refs processing, 0.0002270 secs]404.717: [class unloading, 0.0086921 secs]404.726: [scrub symbol table, 0.0066422 secs]404.733: [scrub string table, 0.0009679 secs][1 CMS-remark: 1378797K(1415616K)] 1708773K(2029056K), 0.2869838 secs] [Times: user=2.16 sys=0.00, real=0.29 secs] 
404.734: [CMS-concurrent-sweep-start]
405.146: [CMS-concurrent-sweep: 0.413/0.413 secs] [Times: user=0.41 sys=0.00, real=0.41 secs] 
405.146: [CMS-concurrent-reset-start]
405.148: [CMS-concurrent-reset: 0.001/0.001 secs] [Times: user=0.00 sys=0.00, real=0.00 secs] 
407.147: [GC (CMS Initial Mark) [1 CMS-initial-mark: 1378797K(1415616K)] 1712115K(2029056K), 0.2856309 secs] [Times: user=2.22 sys=0.00, real=0.29 secs] 
407.433: [CMS-concurrent-mark-start]
408.709: [CMS-concurrent-mark: 1.274/1.276 secs] [Times: user=2.58 sys=0.00, real=1.28 secs] 
408.709: [CMS-concurrent-preclean-start]
408.713: [CMS-concurrent-preclean: 0.004/0.004 secs] [Times: user=0.00 sys=0.00, real=0.00 secs] 
408.713: [CMS-concurrent-abortable-preclean-start]
 CMS: abort preclean due to time 413.808: [CMS-concurrent-abortable-preclean: 0.614/5.095 secs] [Times: user=0.64 sys=0.02, real=5.10 secs] 
413.808: [GC (CMS Final Remark) [YG occupancy: 342271 K (613440 K)]413.808: [Rescan (parallel) , 0.2804600 secs]414.089: [weak refs processing, 0.0006012 secs]414.090: [class unloading, 0.0142215 secs]414.104: [scrub symbol table, 0.0057299 secs]414.110: [scrub string table, 0.0007437 secs][1 CMS-remark: 1378797K(1415616K)] 1721068K(2029056K), 0.3059755 secs] [Times: user=2.28 sys=0.00, real=0.31 secs] 
414.114: [CMS-concurrent-sweep-start]
414.523: [CMS-concurrent-sweep: 0.408/0.408 secs] [Times: user=0.41 sys=0.00, real=0.41 secs] 
414.523: [CMS-concurrent-reset-start]
414.524: [CMS-concurrent-reset: 0.001/0.001 secs] [Times: user=0.00 sys=0.00, real=0.00 secs] 
416.524: [GC (CMS Initial Mark) [1 CMS-initial-mark: 1376341K(1415616K)] 1723578K(2029056K), 0.2967947 secs] [Times: user=2.38 sys=0.00, real=0.30 secs] 
416.821: [CMS-concurrent-mark-start]
418.093: [CMS-concurrent-mark: 1.273/1.273 secs] [Times: user=2.53 sys=0.00, real=1.27 secs] 
418.093: [CMS-concurrent-preclean-start]
418.097: [CMS-concurrent-preclean: 0.004/0.004 secs] [Times: user=0.02 sys=0.00, real=0.00 secs] 
418.097: [CMS-concurrent-abortable-preclean-start]
 CMS: abort preclean due to time 423.187: [CMS-concurrent-abortable-preclean: 0.616/5.090 secs] [Times: user=0.64 sys=0.02, real=5.09 secs] 
423.188: [GC (CMS Final Remark) [YG occupancy: 357887 K (613440 K)]423.188: [Rescan (parallel) , 0.1841840 secs]423.372: [weak refs processing, 0.0002195 secs]423.373: [class unloading, 0.0065620 secs]423.379: [scrub symbol table, 0.0052625 secs]423.385: [scrub string table, 0.0006770 secs][1 CMS-remark: 1376341K(1415616K)] 1734228K(2029056K), 0.1971620 secs] [Times: user=1.39 sys=0.00, real=0.20 secs] 
423.385: [CMS-concurrent-sweep-start]
423.794: [CMS-concurrent-sweep: 0.409/0.409 secs] [Times: user=0.41 sys=0.00, real=0.41 secs] 
423.794: [CMS-concurrent-reset-start]
423.795: [CMS-concurrent-reset: 0.001/0.001 secs] [Times: user=0.00 sys=0.00, real=0.00 secs] 
425.796: [GC (CMS Initial Mark) [1 CMS-initial-mark: 1376298K(1415616K)] 1737237K(2029056K), 0.3104418 secs] [Times: user=2.50 sys=0.00, real=0.31 secs] 
426.106: [CMS-concurrent-mark-start]
427.385: [CMS-concurrent-mark: 1.277/1.279 secs] [Times: user=2.58 sys=0.00, real=1.28 secs] 
427.385: [CMS-concurrent-preclean-start]
427.389: [CMS-concurrent-preclean: 0.004/0.004 secs] [Times: user=0.00 sys=0.00, real=0.00 secs] 
427.389: [CMS-concurrent-abortable-preclean-start]
 CMS: abort preclean due to time 432.393: [CMS-concurrent-abortable-preclean: 0.591/5.004 secs] [Times: user=0.63 sys=0.03, real=5.00 secs] 
432.394: [GC (CMS Final Remark) [YG occupancy: 370921 K (613440 K)]432.394: [Rescan (parallel) , 0.3017066 secs]432.696: [weak refs processing, 0.0003825 secs]432.696: [class unloading, 0.0088876 secs]432.705: [scrub symbol table, 0.0055901 secs]432.710: [scrub string table, 0.0007761 secs][1 CMS-remark: 1376298K(1415616K)] 1747219K(2029056K), 0.3176346 secs] [Times: user=2.39 sys=0.00, real=0.32 secs] 
432.711: [CMS-concurrent-sweep-start]
433.120: [CMS-concurrent-sweep: 0.409/0.409 secs] [Times: user=0.41 sys=0.00, real=0.41 secs] 
433.120: [CMS-concurrent-reset-start]
433.121: [CMS-concurrent-reset: 0.001/0.001 secs] [Times: user=0.00 sys=0.00, real=0.00 secs] 
435.121: [GC (CMS Initial Mark) [1 CMS-initial-mark: 1376298K(1415616K)] 1750495K(2029056K), 0.3209281 secs] [Times: user=2.63 sys=0.00, real=0.32 secs] 
435.442: [CMS-concurrent-mark-start]
436.720: [CMS-concurrent-mark: 1.276/1.278 secs] [Times: user=2.56 sys=0.00, real=1.28 secs] 
436.720: [CMS-concurrent-preclean-start]
436.724: [CMS-concurrent-preclean: 0.004/0.004 secs] [Times: user=0.00 sys=0.00, real=0.00 secs] 
436.724: [CMS-concurrent-abortable-preclean-start]
 CMS: abort preclean due to time 441.816: [CMS-concurrent-abortable-preclean: 0.613/5.092 secs] [Times: user=0.59 sys=0.01, real=5.09 secs] 
441.816: [GC (CMS Final Remark) [YG occupancy: 383913 K (613440 K)]441.816: [Rescan (parallel) , 0.3127049 secs]442.129: [weak refs processing, 0.0003857 secs]442.130: [class unloading, 0.0110386 secs]442.141: [scrub symbol table, 0.0068889 secs]442.148: [scrub string table, 0.0009040 secs][1 CMS-remark: 1376298K(1415616K)] 1760212K(2029056K), 0.3322537 secs] [Times: user=2.50 sys=0.00, real=0.33 secs] 
442.149: [CMS-concurrent-sweep-start]
442.554: [CMS-concurrent-sweep: 0.406/0.406 secs] [Times: user=0.41 sys=0.00, real=0.40 secs] 
442.554: [CMS-concurrent-reset-start]
442.556: [CMS-concurrent-reset: 0.001/0.001 secs] [Times: user=0.00 sys=0.00, real=0.00 secs] 
444.555: [GC (CMS Initial Mark) [1 CMS-initial-mark: 1376294K(1415616K)] 1764220K(2029056K), 0.3318198 secs] [Times: user=2.61 sys=0.00, real=0.33 secs] 
444.887: [CMS-concurrent-mark-start]
446.166: [CMS-concurrent-mark: 1.278/1.278 secs] [Times: user=2.58 sys=0.00, real=1.28 secs] 
446.166: [CMS-concurrent-preclean-start]
446.170: [CMS-concurrent-preclean: 0.004/0.004 secs] [Times: user=0.00 sys=0.00, real=0.00 secs] 
446.170: [CMS-concurrent-abortable-preclean-start]
 CMS: abort preclean due to time 451.176: [CMS-concurrent-abortable-preclean: 0.596/5.006 secs] [Times: user=0.67 sys=0.00, real=5.01 secs] 
451.176: [GC (CMS Final Remark) [YG occupancy: 397273 K (613440 K)]451.176: [Rescan (parallel) , 0.3260445 secs]451.502: [weak refs processing, 0.0004129 secs]451.503: [class unloading, 0.0086665 secs]451.512: [scrub symbol table, 0.0061262 secs]451.518: [scrub string table, 0.0006782 secs][1 CMS-remark: 1376294K(1415616K)] 1773567K(2029056K), 0.3422248 secs] [Times: user=2.63 sys=0.00, real=0.34 secs] 
451.519: [CMS-concurrent-sweep-start]
451.928: [CMS-concurrent-sweep: 0.409/0.409 secs] [Times: user=0.41 sys=0.00, real=0.41 secs] 
451.928: [CMS-concurrent-reset-start]
451.929: [CMS-concurrent-reset: 0.001/0.001 secs] [Times: user=0.00 sys=0.00, real=0.00 secs] 
453.929: [GC (CMS Initial Mark) [1 CMS-initial-mark: 1376294K(1415616K)] 1777168K(2029056K), 0.3423973 secs] [Times: user=2.75 sys=0.00, real=0.34 secs] 
454.272: [CMS-concurrent-mark-start]
455.557: [CMS-concurrent-mark: 1.284/1.286 secs] [Times: user=2.56 sys=0.00, real=1.29 secs] 
455.557: [CMS-concurrent-preclean-start]
455.561: [CMS-concurrent-preclean: 0.003/0.003 secs] [Times: user=0.00 sys=0.00, real=0.00 secs] 
455.561: [CMS-concurrent-abortable-preclean-start]
 CMS: abort preclean due to time 460.593: [CMS-concurrent-abortable-preclean: 0.531/5.032 secs] [Times: user=0.55 sys=0.00, real=5.03 secs] 
460.593: [GC (CMS Final Remark) [YG occupancy: 409189 K (613440 K)]460.593: [Rescan (parallel) , 0.0792439 secs]460.672: [weak refs processing, 0.0001334 secs]460.673: [class unloading, 0.0062569 secs]460.679: [scrub symbol table, 0.0058965 secs]460.685: [scrub string table, 0.0007540 secs][1 CMS-remark: 1376294K(1415616K)] 1785483K(2029056K), 0.0924449 secs] [Times: user=0.63 sys=0.00, real=0.09 secs] 
460.686: [CMS-concurrent-sweep-start]
461.104: [CMS-concurrent-sweep: 0.418/0.418 secs] [Times: user=0.44 sys=0.00, real=0.42 secs] 
461.104: [CMS-concurrent-reset-start]
461.105: [CMS-concurrent-reset: 0.001/0.001 secs] [Times: user=0.00 sys=0.00, real=0.00 secs] 
463.105: [GC (CMS Initial Mark) [1 CMS-initial-mark: 1376260K(1415616K)] 1788711K(2029056K), 0.1827976 secs] [Times: user=1.47 sys=0.00, real=0.18 secs] 
463.288: [CMS-concurrent-mark-start]
464.564: [CMS-concurrent-mark: 1.274/1.276 secs] [Times: user=2.56 sys=0.00, real=1.28 secs] 
464.564: [CMS-concurrent-preclean-start]
464.567: [CMS-concurrent-preclean: 0.003/0.003 secs] [Times: user=0.00 sys=0.00, real=0.00 secs] 
464.567: [CMS-concurrent-abortable-preclean-start]
 CMS: abort preclean due to time 469.589: [CMS-concurrent-abortable-preclean: 0.620/5.022 secs] [Times: user=0.67 sys=0.02, real=5.02 secs] 
469.590: [GC (CMS Final Remark) [YG occupancy: 421302 K (613440 K)]469.590: [Rescan (parallel) , 0.3456340 secs]469.936: [weak refs processing, 0.0003596 secs]469.936: [class unloading, 0.0086120 secs]469.945: [scrub symbol table, 0.0065613 secs]469.951: [scrub string table, 0.0009072 secs][1 CMS-remark: 1376260K(1415616K)] 1797562K(2029056K), 0.3623744 secs] [Times: user=2.77 sys=0.00, real=0.36 secs] 
469.952: [CMS-concurrent-sweep-start]
470.372: [CMS-concurrent-sweep: 0.420/0.420 secs] [Times: user=0.41 sys=0.00, real=0.42 secs] 
470.373: [CMS-concurrent-reset-start]
470.374: [CMS-concurrent-reset: 0.001/0.001 secs] [Times: user=0.00 sys=0.00, real=0.00 secs] 
472.374: [GC (CMS Initial Mark) [1 CMS-initial-mark: 1376260K(1415616K)] 1801245K(2029056K), 0.3628339 secs] [Times: user=2.88 sys=0.00, real=0.36 secs] 
472.737: [CMS-concurrent-mark-start]
474.010: [CMS-concurrent-mark: 1.271/1.273 secs] [Times: user=2.53 sys=0.00, real=1.27 secs] 
474.010: [CMS-concurrent-preclean-start]
474.013: [CMS-concurrent-preclean: 0.003/0.004 secs] [Times: user=0.00 sys=0.00, real=0.00 secs] 
474.013: [CMS-concurrent-abortable-preclean-start]
 CMS: abort preclean due to time 479.100: [CMS-concurrent-abortable-preclean: 0.578/5.086 secs] [Times: user=0.83 sys=0.02, real=5.09 secs] 
479.100: [GC (CMS Final Remark) [YG occupancy: 441125 K (613440 K)]479.100: [Rescan (parallel) , 0.3817495 secs]479.482: [weak refs processing, 0.0001461 secs]479.482: [class unloading, 0.0065526 secs]479.489: [scrub symbol table, 0.0050608 secs]479.494: [scrub string table, 0.0006829 secs][1 CMS-remark: 1376260K(1415616K)] 1817385K(2029056K), 0.3943923 secs] [Times: user=2.97 sys=0.00, real=0.39 secs] 
479.495: [CMS-concurrent-sweep-start]
479.900: [CMS-concurrent-sweep: 0.405/0.405 secs] [Times: user=0.41 sys=0.00, real=0.40 secs] 
479.900: [CMS-concurrent-reset-start]
479.901: [CMS-concurrent-reset: 0.001/0.001 secs] [Times: user=0.00 sys=0.00, real=0.00 secs] 
481.901: [GC (CMS Initial Mark) [1 CMS-initial-mark: 1376260K(1415616K)] 1822328K(2029056K), 0.3923151 secs] [Times: user=3.02 sys=0.00, real=0.39 secs] 
482.294: [CMS-concurrent-mark-start]
483.560: [CMS-concurrent-mark: 1.267/1.267 secs] [Times: user=2.55 sys=0.00, real=1.27 secs] 
483.560: [CMS-concurrent-preclean-start]
483.564: [CMS-concurrent-preclean: 0.003/0.004 secs] [Times: user=0.02 sys=0.00, real=0.00 secs] 
483.564: [CMS-concurrent-abortable-preclean-start]
 CMS: abort preclean due to time 488.592: [CMS-concurrent-abortable-preclean: 0.620/5.028 secs] [Times: user=0.55 sys=0.00, real=5.03 secs] 
488.593: [GC (CMS Final Remark) [YG occupancy: 455540 K (613440 K)]488.593: [Rescan (parallel) , 0.1737672 secs]488.767: [weak refs processing, 0.0001259 secs]488.767: [class unloading, 0.0063023 secs]488.773: [scrub symbol table, 0.0053568 secs]488.778: [scrub string table, 0.0006845 secs][1 CMS-remark: 1376260K(1415616K)] 1831800K(2029056K), 0.1864041 secs] [Times: user=1.50 sys=0.00, real=0.19 secs] 
488.779: [CMS-concurrent-sweep-start]
489.186: [CMS-concurrent-sweep: 0.407/0.407 secs] [Times: user=0.42 sys=0.00, real=0.41 secs] 
489.186: [CMS-concurrent-reset-start]
489.187: [CMS-concurrent-reset: 0.001/0.001 secs] [Times: user=0.02 sys=0.00, real=0.00 secs] 
491.188: [GC (CMS Initial Mark) [1 CMS-initial-mark: 1376259K(1415616K)] 1836066K(2029056K), 0.4021525 secs] [Times: user=3.13 sys=0.00, real=0.40 secs] 
491.590: [CMS-concurrent-mark-start]
492.861: [CMS-concurrent-mark: 1.271/1.271 secs] [Times: user=2.58 sys=0.00, real=1.27 secs] 
492.861: [CMS-concurrent-preclean-start]
492.864: [CMS-concurrent-preclean: 0.003/0.003 secs] [Times: user=0.00 sys=0.00, real=0.00 secs] 
492.864: [CMS-concurrent-abortable-preclean-start]
 CMS: abort preclean due to time 497.967: [CMS-concurrent-abortable-preclean: 0.599/5.103 secs] [Times: user=0.63 sys=0.00, real=5.10 secs] 
497.968: [GC (CMS Final Remark) [YG occupancy: 468854 K (613440 K)]497.968: [Rescan (parallel) , 0.2297429 secs]498.198: [weak refs processing, 0.0001903 secs]498.198: [class unloading, 0.0067144 secs]498.205: [scrub symbol table, 0.0050805 secs]498.210: [scrub string table, 0.0006817 secs][1 CMS-remark: 1376259K(1415616K)] 1845114K(2029056K), 0.2426360 secs] [Times: user=1.77 sys=0.02, real=0.24 secs] 
498.210: [CMS-concurrent-sweep-start]
498.622: [CMS-concurrent-sweep: 0.411/0.411 secs] [Times: user=0.42 sys=0.00, real=0.41 secs] 
498.622: [CMS-concurrent-reset-start]
498.623: [CMS-concurrent-reset: 0.001/0.001 secs] [Times: user=0.00 sys=0.00, real=0.00 secs] 
500.624: [GC (CMS Initial Mark) [1 CMS-initial-mark: 1376254K(1415616K)] 1848941K(2029056K), 0.2462919 secs] [Times: user=1.88 sys=0.00, real=0.25 secs] 
500.871: [CMS-concurrent-mark-start]
502.128: [CMS-concurrent-mark: 1.257/1.257 secs] [Times: user=2.53 sys=0.00, real=1.26 secs] 
502.128: [CMS-concurrent-preclean-start]
502.131: [CMS-concurrent-preclean: 0.003/0.003 secs] [Times: user=0.00 sys=0.00, real=0.00 secs] 
502.131: [CMS-concurrent-abortable-preclean-start]
 CMS: abort preclean due to time 507.146: [CMS-concurrent-abortable-preclean: 0.563/5.015 secs] [Times: user=0.64 sys=0.03, real=5.01 secs] 
507.147: [GC (CMS Final Remark) [YG occupancy: 481615 K (613440 K)]507.147: [Rescan (parallel) , 0.4023151 secs]507.549: [weak refs processing, 0.0001682 secs]507.549: [class unloading, 0.0082804 secs]507.558: [scrub symbol table, 0.0050410 secs]507.563: [scrub string table, 0.0006806 secs][1 CMS-remark: 1376254K(1415616K)] 1857870K(2029056K), 0.4167020 secs] [Times: user=3.23 sys=0.00, real=0.42 secs] 
507.564: [CMS-concurrent-sweep-start]
507.968: [CMS-concurrent-sweep: 0.405/0.405 secs] [Times: user=0.41 sys=0.00, real=0.40 secs] 
507.968: [CMS-concurrent-reset-start]
507.969: [CMS-concurrent-reset: 0.001/0.001 secs] [Times: user=0.00 sys=0.00, real=0.00 secs] 
509.969: [GC (CMS Initial Mark) [1 CMS-initial-mark: 1376254K(1415616K)] 1862456K(2029056K), 0.4280070 secs] [Times: user=3.25 sys=0.00, real=0.43 secs] 
510.397: [CMS-concurrent-mark-start]
511.708: [CMS-concurrent-mark: 1.310/1.310 secs] [Times: user=2.63 sys=0.00, real=1.31 secs] 
511.708: [CMS-concurrent-preclean-start]
511.711: [CMS-concurrent-preclean: 0.003/0.003 secs] [Times: user=0.00 sys=0.00, real=0.00 secs] 
511.711: [CMS-concurrent-abortable-preclean-start]
 CMS: abort preclean due to time 516.762: [CMS-concurrent-abortable-preclean: 0.566/5.051 secs] [Times: user=0.58 sys=0.00, real=5.05 secs] 
516.763: [GC (CMS Final Remark) [YG occupancy: 495164 K (613440 K)]516.763: [Rescan (parallel) , 0.4130426 secs]517.176: [weak refs processing, 0.0002601 secs]517.176: [class unloading, 0.0089183 secs]517.185: [scrub symbol table, 0.0054224 secs]517.190: [scrub string table, 0.0006679 secs][1 CMS-remark: 1376254K(1415616K)] 1871419K(2029056K), 0.4285621 secs] [Times: user=3.36 sys=0.00, real=0.43 secs] 
517.191: [CMS-concurrent-sweep-start]
517.598: [CMS-concurrent-sweep: 0.407/0.407 secs] [Times: user=0.41 sys=0.00, real=0.41 secs] 
517.598: [CMS-concurrent-reset-start]
517.599: [CMS-concurrent-reset: 0.001/0.001 secs] [Times: user=0.00 sys=0.00, real=0.00 secs] 
519.600: [GC (CMS Initial Mark) [1 CMS-initial-mark: 1376254K(1415616K)] 1875407K(2029056K), 0.4322653 secs] [Times: user=3.41 sys=0.00, real=0.43 secs] 
520.032: [CMS-concurrent-mark-start]
521.313: [CMS-concurrent-mark: 1.281/1.281 secs] [Times: user=2.56 sys=0.00, real=1.28 secs] 
521.313: [CMS-concurrent-preclean-start]
521.316: [CMS-concurrent-preclean: 0.003/0.003 secs] [Times: user=0.00 sys=0.00, real=0.00 secs] 
521.316: [CMS-concurrent-abortable-preclean-start]
 CMS: abort preclean due to time 526.416: [CMS-concurrent-abortable-preclean: 0.596/5.099 secs] [Times: user=0.63 sys=0.00, real=5.10 secs] 
526.416: [GC (CMS Final Remark) [YG occupancy: 507918 K (613440 K)]526.416: [Rescan (parallel) , 0.4192205 secs]526.836: [weak refs processing, 0.0003995 secs]526.836: [class unloading, 0.0086606 secs]526.845: [scrub symbol table, 0.0055345 secs]526.850: [scrub string table, 0.0006687 secs][1 CMS-remark: 1376254K(1415616K)] 1884173K(2029056K), 0.4347811 secs] [Times: user=3.38 sys=0.00, real=0.44 secs] 
526.851: [CMS-concurrent-sweep-start]
527.256: [CMS-concurrent-sweep: 0.405/0.405 secs] [Times: user=0.41 sys=0.00, real=0.40 secs] 
527.257: [CMS-concurrent-reset-start]
527.258: [CMS-concurrent-reset: 0.001/0.001 secs] [Times: user=0.00 sys=0.00, real=0.00 secs] 
529.259: [GC (CMS Initial Mark) [1 CMS-initial-mark: 1376254K(1415616K)] 1888222K(2029056K), 0.4425550 secs] [Times: user=3.49 sys=0.00, real=0.44 secs] 
529.701: [CMS-concurrent-mark-start]
530.974: [CMS-concurrent-mark: 1.273/1.273 secs] [Times: user=2.58 sys=0.00, real=1.27 secs] 
530.974: [CMS-concurrent-preclean-start]
530.977: [CMS-concurrent-preclean: 0.003/0.003 secs] [Times: user=0.00 sys=0.00, real=0.00 secs] 
530.977: [CMS-concurrent-abortable-preclean-start]
 CMS: abort preclean due to time 535.979: [CMS-concurrent-abortable-preclean: 0.600/5.002 secs] [Times: user=0.64 sys=0.00, real=5.00 secs] 
535.979: [GC (CMS Final Remark) [YG occupancy: 521505 K (613440 K)]535.979: [Rescan (parallel) , 0.4301269 secs]536.410: [weak refs processing, 0.0005613 secs]536.410: [class unloading, 0.0097114 secs]536.420: [scrub symbol table, 0.0059415 secs]536.426: [scrub string table, 0.0007856 secs][1 CMS-remark: 1376254K(1415616K)] 1897759K(2029056K), 0.4474662 secs] [Times: user=3.51 sys=0.00, real=0.45 secs] 
536.427: [CMS-concurrent-sweep-start]
536.838: [CMS-concurrent-sweep: 0.411/0.411 secs] [Times: user=0.41 sys=0.00, real=0.41 secs] 
536.838: [CMS-concurrent-reset-start]
536.839: [CMS-concurrent-reset: 0.001/0.001 secs] [Times: user=0.00 sys=0.00, real=0.00 secs] 
538.841: [GC (CMS Initial Mark) [1 CMS-initial-mark: 1376254K(1415616K)] 1901438K(2029056K), 0.4518405 secs] [Times: user=3.63 sys=0.00, real=0.45 secs] 
539.293: [CMS-concurrent-mark-start]
540.568: [CMS-concurrent-mark: 1.276/1.276 secs] [Times: user=2.58 sys=0.00, real=1.28 secs] 
540.569: [CMS-concurrent-preclean-start]
540.571: [CMS-concurrent-preclean: 0.003/0.003 secs] [Times: user=0.00 sys=0.00, real=0.00 secs] 
540.571: [CMS-concurrent-abortable-preclean-start]
 CMS: abort preclean due to time 545.668: [CMS-concurrent-abortable-preclean: 0.617/5.096 secs] [Times: user=0.61 sys=0.03, real=5.10 secs] 
545.668: [GC (CMS Final Remark) [YG occupancy: 534798 K (613440 K)]545.668: [Rescan (parallel) , 0.4416356 secs]546.110: [weak refs processing, 0.0003877 secs]546.110: [class unloading, 0.0097679 secs]546.120: [scrub symbol table, 0.0064985 secs]546.127: [scrub string table, 0.0009095 secs][1 CMS-remark: 1376254K(1415616K)] 1911053K(2029056K), 0.4595070 secs] [Times: user=3.61 sys=0.00, real=0.46 secs] 
546.128: [CMS-concurrent-sweep-start]
546.539: [CMS-concurrent-sweep: 0.411/0.411 secs] [Times: user=0.41 sys=0.00, real=0.41 secs] 
546.539: [CMS-concurrent-reset-start]
546.540: [CMS-concurrent-reset: 0.001/0.001 secs] [Times: user=0.00 sys=0.00, real=0.00 secs] 
548.540: [GC (CMS Initial Mark) [1 CMS-initial-mark: 1376254K(1415616K)] 1915896K(2029056K), 0.2331082 secs] [Times: user=1.86 sys=0.00, real=0.23 secs] 
548.773: [CMS-concurrent-mark-start]
550.040: [CMS-concurrent-mark: 1.267/1.267 secs] [Times: user=2.53 sys=0.00, real=1.27 secs] 
550.040: [CMS-concurrent-preclean-start]
550.043: [CMS-concurrent-preclean: 0.003/0.003 secs] [Times: user=0.00 sys=0.00, real=0.00 secs] 
550.043: [CMS-concurrent-abortable-preclean-start]
551.915: [GC (Allocation Failure) 551.915: [ParNew: 545344K->4077K(613440K), 0.0100687 secs] 1921598K->1380331K(2029056K), 0.0102874 secs] [Times: user=0.13 sys=0.00, real=0.01 secs] 
 CMS: abort preclean due to time 555.173: [CMS-concurrent-abortable-preclean: 1.418/5.130 secs] [Times: user=1.59 sys=0.00, real=5.13 secs] 
555.174: [GC (CMS Final Remark) [YG occupancy: 16484 K (613440 K)]555.174: [Rescan (parallel) , 0.0043984 secs]555.178: [weak refs processing, 0.0002013 secs]555.178: [class unloading, 0.0102775 secs]555.189: [scrub symbol table, 0.0070081 secs]555.196: [scrub string table, 0.0009395 secs][1 CMS-remark: 1376254K(1415616K)] 1392738K(2029056K), 0.0230277 secs] [Times: user=0.01 sys=0.00, real=0.02 secs] 
555.197: [CMS-concurrent-sweep-start]
555.607: [CMS-concurrent-sweep: 0.410/0.410 secs] [Times: user=0.41 sys=0.00, real=0.41 secs] 
555.607: [CMS-concurrent-reset-start]
555.608: [CMS-concurrent-reset: 0.001/0.001 secs] [Times: user=0.00 sys=0.00, real=0.00 secs] 
557.608: [GC (CMS Initial Mark) [1 CMS-initial-mark: 1376253K(1415616K)] 1395387K(2029056K), 0.0116698 secs] [Times: user=0.13 sys=0.00, real=0.01 secs] 
557.620: [CMS-concurrent-mark-start]
558.926: [CMS-concurrent-mark: 1.306/1.306 secs] [Times: user=2.63 sys=0.00, real=1.31 secs] 
558.927: [CMS-concurrent-preclean-start]
558.930: [CMS-concurrent-preclean: 0.003/0.004 secs] [Times: user=0.00 sys=0.00, real=0.00 secs] 
558.930: [CMS-concurrent-abortable-preclean-start]
 CMS: abort preclean due to time 563.987: [CMS-concurrent-abortable-preclean: 1.826/5.057 secs] [Times: user=1.81 sys=0.00, real=5.06 secs] 
563.987: [GC (CMS Final Remark) [YG occupancy: 28889 K (613440 K)]563.987: [Rescan (parallel) , 0.0075446 secs]563.995: [weak refs processing, 0.0001883 secs]563.995: [class unloading, 0.0090478 secs]564.004: [scrub symbol table, 0.0062178 secs]564.010: [scrub string table, 0.0008420 secs][1 CMS-remark: 1376253K(1415616K)] 1405142K(2029056K), 0.0240324 secs] [Times: user=0.01 sys=0.00, real=0.02 secs] 
564.011: [CMS-concurrent-sweep-start]
564.424: [CMS-concurrent-sweep: 0.413/0.413 secs] [Times: user=0.42 sys=0.00, real=0.41 secs] 
564.424: [CMS-concurrent-reset-start]
564.425: [CMS-concurrent-reset: 0.001/0.001 secs] [Times: user=0.00 sys=0.00, real=0.00 secs] 
566.426: [GC (CMS Initial Mark) [1 CMS-initial-mark: 1376142K(1415616K)] 1407620K(2029056K), 0.0230479 secs] [Times: user=0.13 sys=0.00, real=0.02 secs] 
566.449: [CMS-concurrent-mark-start]
567.731: [CMS-concurrent-mark: 1.282/1.282 secs] [Times: user=2.56 sys=0.00, real=1.28 secs] 
567.731: [CMS-concurrent-preclean-start]
567.734: [CMS-concurrent-preclean: 0.003/0.003 secs] [Times: user=0.01 sys=0.00, real=0.00 secs] 
567.734: [CMS-concurrent-abortable-preclean-start]
 CMS: abort preclean due to time 572.775: [CMS-concurrent-abortable-preclean: 1.828/5.041 secs] [Times: user=1.81 sys=0.00, real=5.04 secs] 
572.775: [GC (CMS Final Remark) [YG occupancy: 41107 K (613440 K)]572.775: [Rescan (parallel) , 0.0306872 secs]572.806: [weak refs processing, 0.0002609 secs]572.806: [class unloading, 0.0085860 secs]572.815: [scrub symbol table, 0.0064839 secs]572.821: [scrub string table, 0.0008823 secs][1 CMS-remark: 1376142K(1415616K)] 1417250K(2029056K), 0.0471643 secs] [Times: user=0.27 sys=0.00, real=0.05 secs] 
572.822: [CMS-concurrent-sweep-start]
573.238: [CMS-concurrent-sweep: 0.415/0.415 secs] [Times: user=0.42 sys=0.00, real=0.42 secs] 
573.238: [CMS-concurrent-reset-start]
573.239: [CMS-concurrent-reset: 0.001/0.001 secs] [Times: user=0.00 sys=0.00, real=0.00 secs] 
575.239: [GC (CMS Initial Mark) [1 CMS-initial-mark: 1376142K(1415616K)] 1420809K(2029056K), 0.0340470 secs] [Times: user=0.25 sys=0.00, real=0.03 secs] 
575.273: [CMS-concurrent-mark-start]
576.548: [CMS-concurrent-mark: 1.275/1.275 secs] [Times: user=2.56 sys=0.00, real=1.28 secs] 
576.548: [CMS-concurrent-preclean-start]
576.551: [CMS-concurrent-preclean: 0.003/0.003 secs] [Times: user=0.00 sys=0.00, real=0.00 secs] 
576.551: [CMS-concurrent-abortable-preclean-start]
 CMS: abort preclean due to time 581.675: [CMS-concurrent-abortable-preclean: 1.868/5.124 secs] [Times: user=1.98 sys=0.00, real=5.12 secs] 
581.675: [GC (CMS Final Remark) [YG occupancy: 54310 K (613440 K)]581.675: [Rescan (parallel) , 0.0255131 secs]581.701: [weak refs processing, 0.0001682 secs]581.701: [class unloading, 0.0062222 secs]581.707: [scrub symbol table, 0.0051350 secs]581.712: [scrub string table, 0.0006249 secs][1 CMS-remark: 1376142K(1415616K)] 1430453K(2029056K), 0.0378647 secs] [Times: user=0.14 sys=0.00, real=0.04 secs] 
581.713: [CMS-concurrent-sweep-start]
582.135: [CMS-concurrent-sweep: 0.422/0.422 secs] [Times: user=0.42 sys=0.00, real=0.42 secs] 
582.135: [CMS-concurrent-reset-start]
582.136: [CMS-concurrent-reset: 0.001/0.001 secs] [Times: user=0.00 sys=0.00, real=0.00 secs] 
584.137: [GC (CMS Initial Mark) [1 CMS-initial-mark: 1376142K(1415616K)] 1433413K(2029056K), 0.0443872 secs] [Times: user=0.38 sys=0.00, real=0.04 secs] 
584.181: [CMS-concurrent-mark-start]
585.455: [CMS-concurrent-mark: 1.272/1.274 secs] [Times: user=2.56 sys=0.00, real=1.28 secs] 
585.455: [CMS-concurrent-preclean-start]
585.459: [CMS-concurrent-preclean: 0.003/0.003 secs] [Times: user=0.00 sys=0.00, real=0.00 secs] 
585.459: [CMS-concurrent-abortable-preclean-start]
 CMS: abort preclean due to time 590.571: [CMS-concurrent-abortable-preclean: 1.809/5.112 secs] [Times: user=1.80 sys=0.00, real=5.11 secs] 
590.571: [GC (CMS Final Remark) [YG occupancy: 66841 K (613440 K)]590.571: [Rescan (parallel) , 0.0211530 secs]590.592: [weak refs processing, 0.0001907 secs]590.592: [class unloading, 0.0077724 secs]590.600: [scrub symbol table, 0.0051559 secs]590.605: [scrub string table, 0.0006478 secs][1 CMS-remark: 1376142K(1415616K)] 1442983K(2029056K), 0.0350915 secs] [Times: user=0.14 sys=0.00, real=0.03 secs] 
590.606: [CMS-concurrent-sweep-start]
591.024: [CMS-concurrent-sweep: 0.418/0.418 secs] [Times: user=0.42 sys=0.00, real=0.42 secs] 
591.024: [CMS-concurrent-reset-start]
591.025: [CMS-concurrent-reset: 0.001/0.001 secs] [Times: user=0.00 sys=0.00, real=0.00 secs] 
593.025: [GC (CMS Initial Mark) [1 CMS-initial-mark: 1376142K(1415616K)] 1447504K(2029056K), 0.0557677 secs] [Times: user=0.50 sys=0.00, real=0.06 secs] 
593.081: [CMS-concurrent-mark-start]
594.362: [CMS-concurrent-mark: 1.281/1.281 secs] [Times: user=2.56 sys=0.00, real=1.28 secs] 
594.363: [CMS-concurrent-preclean-start]
594.366: [CMS-concurrent-preclean: 0.003/0.003 secs] [Times: user=0.00 sys=0.00, real=0.00 secs] 
594.366: [CMS-concurrent-abortable-preclean-start]
 CMS: abort preclean due to time 599.379: [CMS-concurrent-abortable-preclean: 1.809/5.013 secs] [Times: user=1.84 sys=0.00, real=5.01 secs] 
599.379: [GC (CMS Final Remark) [YG occupancy: 79679 K (613440 K)]599.379: [Rescan (parallel) , 0.0248428 secs]599.404: [weak refs processing, 0.0001694 secs]599.404: [class unloading, 0.0062810 secs]599.411: [scrub symbol table, 0.0051007 secs]599.416: [scrub string table, 0.0006521 secs][1 CMS-remark: 1376142K(1415616K)] 1455822K(2029056K), 0.0372188 secs] [Times: user=0.14 sys=0.00, real=0.04 secs] 
599.416: [CMS-concurrent-sweep-start]
599.818: [CMS-concurrent-sweep: 0.401/0.401 secs] [Times: user=0.41 sys=0.00, real=0.40 secs] 
599.818: [CMS-concurrent-reset-start]
599.819: [CMS-concurrent-reset: 0.001/0.001 secs] [Times: user=0.00 sys=0.00, real=0.00 secs] 
601.819: [GC (CMS Initial Mark) [1 CMS-initial-mark: 1376137K(1415616K)] 1462471K(2029056K), 0.0659327 secs] [Times: user=0.50 sys=0.00, real=0.07 secs] 
601.885: [CMS-concurrent-mark-start]
603.161: [CMS-concurrent-mark: 1.274/1.276 secs] [Times: user=2.56 sys=0.00, real=1.28 secs] 
603.161: [CMS-concurrent-preclean-start]
603.164: [CMS-concurrent-preclean: 0.003/0.003 secs] [Times: user=0.00 sys=0.00, real=0.00 secs] 
603.164: [CMS-concurrent-abortable-preclean-start]
 CMS: abort preclean due to time 608.242: [CMS-concurrent-abortable-preclean: 1.773/5.078 secs] [Times: user=1.70 sys=0.00, real=5.08 secs] 
608.242: [GC (CMS Final Remark) [YG occupancy: 95561 K (613440 K)]608.242: [Rescan (parallel) , 0.0267625 secs]608.269: [weak refs processing, 0.0001543 secs]608.269: [class unloading, 0.0062269 secs]608.275: [scrub symbol table, 0.0051184 secs]608.280: [scrub string table, 0.0006557 secs][1 CMS-remark: 1376137K(1415616K)] 1471698K(2029056K), 0.0390813 secs] [Times: user=0.26 sys=0.00, real=0.04 secs] 
608.281: [CMS-concurrent-sweep-start]
608.687: [CMS-concurrent-sweep: 0.406/0.406 secs] [Times: user=0.45 sys=0.00, real=0.41 secs] 
608.687: [CMS-concurrent-reset-start]
608.689: [CMS-concurrent-reset: 0.001/0.001 secs] [Times: user=0.00 sys=0.00, real=0.00 secs] 
610.689: [GC (CMS Initial Mark) [1 CMS-initial-mark: 1376137K(1415616K)] 1476170K(2029056K), 0.0783142 secs] [Times: user=0.63 sys=0.00, real=0.08 secs] 
610.767: [CMS-concurrent-mark-start]
612.039: [CMS-concurrent-mark: 1.272/1.272 secs] [Times: user=2.53 sys=0.00, real=1.27 secs] 
612.039: [CMS-concurrent-preclean-start]
612.042: [CMS-concurrent-preclean: 0.003/0.003 secs] [Times: user=0.00 sys=0.00, real=0.00 secs] 
612.043: [CMS-concurrent-abortable-preclean-start]
 CMS: abort preclean due to time 617.072: [CMS-concurrent-abortable-preclean: 1.829/5.029 secs] [Times: user=1.86 sys=0.00, real=5.03 secs] 
617.072: [GC (CMS Final Remark) [YG occupancy: 110284 K (613440 K)]617.072: [Rescan (parallel) , 0.0483719 secs]617.121: [weak refs processing, 0.0001749 secs]617.121: [class unloading, 0.0067227 secs]617.127: [scrub symbol table, 0.0052009 secs]617.133: [scrub string table, 0.0006774 secs][1 CMS-remark: 1376137K(1415616K)] 1486421K(2029056K), 0.0613566 secs] [Times: user=0.39 sys=0.00, real=0.06 secs] 
617.134: [CMS-concurrent-sweep-start]
617.546: [CMS-concurrent-sweep: 0.412/0.412 secs] [Times: user=0.41 sys=0.00, real=0.41 secs] 
617.546: [CMS-concurrent-reset-start]
617.547: [CMS-concurrent-reset: 0.001/0.001 secs] [Times: user=0.01 sys=0.00, real=0.00 secs] 
619.547: [GC (CMS Initial Mark) [1 CMS-initial-mark: 1376137K(1415616K)] 1489909K(2029056K), 0.0900120 secs] [Times: user=0.63 sys=0.00, real=0.09 secs] 
619.637: [CMS-concurrent-mark-start]
620.914: [CMS-concurrent-mark: 1.277/1.277 secs] [Times: user=2.56 sys=0.00, real=1.28 secs] 
620.914: [CMS-concurrent-preclean-start]
620.917: [CMS-concurrent-preclean: 0.003/0.003 secs] [Times: user=0.00 sys=0.00, real=0.00 secs] 
620.917: [CMS-concurrent-abortable-preclean-start]
 CMS: abort preclean due to time 625.930: [CMS-concurrent-abortable-preclean: 1.791/5.013 secs] [Times: user=1.88 sys=0.02, real=5.01 secs] 
625.930: [GC (CMS Final Remark) [YG occupancy: 124868 K (613440 K)]625.930: [Rescan (parallel) , 0.0384067 secs]625.968: [weak refs processing, 0.0001737 secs]625.969: [class unloading, 0.0063520 secs]625.975: [scrub symbol table, 0.0050403 secs]625.980: [scrub string table, 0.0006470 secs][1 CMS-remark: 1376137K(1415616K)] 1501005K(2029056K), 0.0507874 secs] [Times: user=0.33 sys=0.05, real=0.05 secs] 
625.981: [CMS-concurrent-sweep-start]
626.387: [CMS-concurrent-sweep: 0.406/0.406 secs] [Times: user=0.41 sys=0.00, real=0.41 secs] 
626.387: [CMS-concurrent-reset-start]
626.388: [CMS-concurrent-reset: 0.001/0.001 secs] [Times: user=0.00 sys=0.00, real=0.00 secs] 
628.390: [GC (CMS Initial Mark) [1 CMS-initial-mark: 1376137K(1415616K)] 1505807K(2029056K), 0.1064150 secs] [Times: user=0.83 sys=0.02, real=0.11 secs] 
628.496: [CMS-concurrent-mark-start]
629.775: [CMS-concurrent-mark: 1.279/1.279 secs] [Times: user=2.58 sys=0.00, real=1.28 secs] 
629.775: [CMS-concurrent-preclean-start]
629.778: [CMS-concurrent-preclean: 0.003/0.004 secs] [Times: user=0.00 sys=0.00, real=0.00 secs] 
629.778: [CMS-concurrent-abortable-preclean-start]
 CMS: abort preclean due to time 634.845: [CMS-concurrent-abortable-preclean: 1.867/5.066 secs] [Times: user=1.86 sys=0.02, real=5.07 secs] 
634.845: [GC (CMS Final Remark) [YG occupancy: 140258 K (613440 K)]634.845: [Rescan (parallel) , 0.0786087 secs]634.924: [weak refs processing, 0.0001788 secs]634.924: [class unloading, 0.0077700 secs]634.932: [scrub symbol table, 0.0058700 secs]634.938: [scrub string table, 0.0006427 secs][1 CMS-remark: 1376137K(1415616K)] 1516395K(2029056K), 0.0932932 secs] [Times: user=0.64 sys=0.00, real=0.09 secs] 
634.939: [CMS-concurrent-sweep-start]
635.345: [CMS-concurrent-sweep: 0.406/0.406 secs] [Times: user=0.41 sys=0.00, real=0.41 secs] 
635.345: [CMS-concurrent-reset-start]
635.346: [CMS-concurrent-reset: 0.001/0.001 secs] [Times: user=0.00 sys=0.00, real=0.00 secs] 
637.346: [GC (CMS Initial Mark) [1 CMS-initial-mark: 1376136K(1415616K)] 1520539K(2029056K), 0.1163585 secs] [Times: user=0.88 sys=0.00, real=0.12 secs] 
637.462: [CMS-concurrent-mark-start]
638.733: [CMS-concurrent-mark: 1.271/1.271 secs] [Times: user=2.53 sys=0.00, real=1.27 secs] 
638.733: [CMS-concurrent-preclean-start]
638.736: [CMS-concurrent-preclean: 0.003/0.003 secs] [Times: user=0.02 sys=0.00, real=0.00 secs] 
638.736: [CMS-concurrent-abortable-preclean-start]
 CMS: abort preclean due to time 643.744: [CMS-concurrent-abortable-preclean: 1.838/5.008 secs] [Times: user=1.80 sys=0.00, real=5.01 secs] 
643.744: [GC (CMS Final Remark) [YG occupancy: 152757 K (613440 K)]643.744: [Rescan (parallel) , 0.0439842 secs]643.788: [weak refs processing, 0.0001725 secs]643.788: [class unloading, 0.0063287 secs]643.795: [scrub symbol table, 0.0051757 secs]643.800: [scrub string table, 0.0006746 secs][1 CMS-remark: 1376136K(1415616K)] 1528893K(2029056K), 0.0565059 secs] [Times: user=0.39 sys=0.00, real=0.06 secs] 
643.801: [CMS-concurrent-sweep-start]
644.213: [CMS-concurrent-sweep: 0.412/0.412 secs] [Times: user=0.41 sys=0.00, real=0.41 secs] 
644.213: [CMS-concurrent-reset-start]
644.214: [CMS-concurrent-reset: 0.001/0.001 secs] [Times: user=0.00 sys=0.00, real=0.00 secs] 
646.213: [GC (CMS Initial Mark) [1 CMS-initial-mark: 1376135K(1415616K)] 1532508K(2029056K), 0.1273205 secs] [Times: user=1.00 sys=0.00, real=0.13 secs] 
646.341: [CMS-concurrent-mark-start]
647.617: [CMS-concurrent-mark: 1.275/1.277 secs] [Times: user=2.53 sys=0.00, real=1.28 secs] 
647.618: [CMS-concurrent-preclean-start]
647.620: [CMS-concurrent-preclean: 0.003/0.003 secs] [Times: user=0.00 sys=0.00, real=0.00 secs] 
647.620: [CMS-concurrent-abortable-preclean-start]
 CMS: abort preclean due to time 652.629: [CMS-concurrent-abortable-preclean: 1.877/5.009 secs] [Times: user=1.83 sys=0.02, real=5.01 secs] 
652.630: [GC (CMS Final Remark) [YG occupancy: 163575 K (613440 K)]652.630: [Rescan (parallel) , 0.0521813 secs]652.682: [weak refs processing, 0.0001690 secs]652.682: [class unloading, 0.0063966 secs]652.689: [scrub symbol table, 0.0051220 secs]652.694: [scrub string table, 0.0006663 secs][1 CMS-remark: 1376135K(1415616K)] 1539711K(2029056K), 0.0647085 secs] [Times: user=0.39 sys=0.00, real=0.07 secs] 
652.695: [CMS-concurrent-sweep-start]
653.102: [CMS-concurrent-sweep: 0.407/0.407 secs] [Times: user=0.41 sys=0.00, real=0.41 secs] 
653.102: [CMS-concurrent-reset-start]
653.103: [CMS-concurrent-reset: 0.001/0.001 secs] [Times: user=0.00 sys=0.00, real=0.00 secs] 
655.103: [GC (CMS Initial Mark) [1 CMS-initial-mark: 1376135K(1415616K)] 1544931K(2029056K), 0.1383109 secs] [Times: user=1.13 sys=0.00, real=0.14 secs] 
655.241: [CMS-concurrent-mark-start]
656.519: [CMS-concurrent-mark: 1.278/1.278 secs] [Times: user=2.56 sys=0.00, real=1.28 secs] 
656.519: [CMS-concurrent-preclean-start]
656.522: [CMS-concurrent-preclean: 0.003/0.003 secs] [Times: user=0.00 sys=0.00, real=0.00 secs] 
656.522: [CMS-concurrent-abortable-preclean-start]
 CMS: abort preclean due to time 661.646: [CMS-concurrent-abortable-preclean: 1.833/5.124 secs] [Times: user=1.91 sys=0.00, real=5.12 secs] 
661.646: [GC (CMS Final Remark) [YG occupancy: 177946 K (613440 K)]661.646: [Rescan (parallel) , 0.0663369 secs]661.713: [weak refs processing, 0.0001887 secs]661.713: [class unloading, 0.0065009 secs]661.720: [scrub symbol table, 0.0052874 secs]661.725: [scrub string table, 0.0007512 secs][1 CMS-remark: 1376135K(1415616K)] 1554082K(2029056K), 0.0792510 secs] [Times: user=0.52 sys=0.00, real=0.08 secs] 
661.726: [CMS-concurrent-sweep-start]
662.132: [CMS-concurrent-sweep: 0.406/0.406 secs] [Times: user=0.41 sys=0.00, real=0.41 secs] 
662.132: [CMS-concurrent-reset-start]
662.133: [CMS-concurrent-reset: 0.001/0.001 secs] [Times: user=0.00 sys=0.00, real=0.00 secs] 
664.134: [GC (CMS Initial Mark) [1 CMS-initial-mark: 1376135K(1415616K)] 1558658K(2029056K), 0.1500924 secs] [Times: user=1.25 sys=0.00, real=0.15 secs] 
664.284: [CMS-concurrent-mark-start]
665.564: [CMS-concurrent-mark: 1.276/1.280 secs] [Times: user=2.56 sys=0.00, real=1.28 secs] 
665.564: [CMS-concurrent-preclean-start]
665.567: [CMS-concurrent-preclean: 0.003/0.003 secs] [Times: user=0.00 sys=0.00, real=0.00 secs] 
665.567: [CMS-concurrent-abortable-preclean-start]
 CMS: abort preclean due to time 670.580: [CMS-concurrent-abortable-preclean: 1.848/5.013 secs] [Times: user=1.88 sys=0.00, real=5.01 secs] 
670.580: [GC (CMS Final Remark) [YG occupancy: 192293 K (613440 K)]670.580: [Rescan (parallel) , 0.0586869 secs]670.639: [weak refs processing, 0.0001816 secs]670.639: [class unloading, 0.0065222 secs]670.645: [scrub symbol table, 0.0051275 secs]670.651: [scrub string table, 0.0006766 secs][1 CMS-remark: 1376135K(1415616K)] 1568428K(2029056K), 0.0713649 secs] [Times: user=0.39 sys=0.00, real=0.07 secs] 
670.651: [CMS-concurrent-sweep-start]
671.057: [CMS-concurrent-sweep: 0.406/0.406 secs] [Times: user=0.41 sys=0.00, real=0.41 secs] 
671.057: [CMS-concurrent-reset-start]
671.059: [CMS-concurrent-reset: 0.001/0.001 secs] [Times: user=0.00 sys=0.00, real=0.00 secs] 
673.059: [GC (CMS Initial Mark) [1 CMS-initial-mark: 1376116K(1415616K)] 1571851K(2029056K), 0.1626117 secs] [Times: user=1.36 sys=0.00, real=0.16 secs] 
673.222: [CMS-concurrent-mark-start]
674.518: [CMS-concurrent-mark: 1.296/1.296 secs] [Times: user=2.59 sys=0.00, real=1.30 secs] 
674.518: [CMS-concurrent-preclean-start]
674.521: [CMS-concurrent-preclean: 0.003/0.003 secs] [Times: user=0.00 sys=0.00, real=0.00 secs] 
674.521: [CMS-concurrent-abortable-preclean-start]
 CMS: abort preclean due to time 679.649: [CMS-concurrent-abortable-preclean: 1.825/5.128 secs] [Times: user=1.84 sys=0.00, real=5.13 secs] 
679.649: [GC (CMS Final Remark) [YG occupancy: 205397 K (613440 K)]679.649: [Rescan (parallel) , 0.0821374 secs]679.731: [weak refs processing, 0.0001942 secs]679.731: [class unloading, 0.0063698 secs]679.738: [scrub symbol table, 0.0053233 secs]679.743: [scrub string table, 0.0006687 secs][1 CMS-remark: 1376116K(1415616K)] 1581514K(2029056K), 0.0948813 secs] [Times: user=0.64 sys=0.00, real=0.10 secs] 
679.744: [CMS-concurrent-sweep-start]
680.148: [CMS-concurrent-sweep: 0.404/0.404 secs] [Times: user=0.41 sys=0.00, real=0.40 secs] 
680.148: [CMS-concurrent-reset-start]
680.149: [CMS-concurrent-reset: 0.001/0.001 secs] [Times: user=0.00 sys=0.00, real=0.00 secs] 
682.150: [GC (CMS Initial Mark) [1 CMS-initial-mark: 1376116K(1415616K)] 1585825K(2029056K), 0.1729745 secs] [Times: user=1.38 sys=0.00, real=0.17 secs] 
682.323: [CMS-concurrent-mark-start]
683.598: [CMS-concurrent-mark: 1.272/1.275 secs] [Times: user=2.55 sys=0.00, real=1.27 secs] 
683.598: [CMS-concurrent-preclean-start]
683.602: [CMS-concurrent-preclean: 0.003/0.003 secs] [Times: user=0.00 sys=0.00, real=0.00 secs] 
683.602: [CMS-concurrent-abortable-preclean-start]
 CMS: abort preclean due to time 688.732: [CMS-concurrent-abortable-preclean: 1.890/5.130 secs] [Times: user=1.89 sys=0.02, real=5.13 secs] 
688.732: [GC (CMS Final Remark) [YG occupancy: 221768 K (613440 K)]688.732: [Rescan (parallel) , 0.0684757 secs]688.801: [weak refs processing, 0.0001516 secs]688.801: [class unloading, 0.0063639 secs]688.808: [scrub symbol table, 0.0051622 secs]688.813: [scrub string table, 0.0006786 secs][1 CMS-remark: 1376116K(1415616K)] 1597884K(2029056K), 0.0810088 secs] [Times: user=0.64 sys=0.00, real=0.08 secs] 
688.814: [CMS-concurrent-sweep-start]
689.218: [CMS-concurrent-sweep: 0.405/0.405 secs] [Times: user=0.41 sys=0.00, real=0.40 secs] 
689.218: [CMS-concurrent-reset-start]
689.219: [CMS-concurrent-reset: 0.001/0.001 secs] [Times: user=0.00 sys=0.00, real=0.00 secs] 
691.219: [GC (CMS Initial Mark) [1 CMS-initial-mark: 1376081K(1415616K)] 1601563K(2029056K), 0.1893332 secs] [Times: user=1.50 sys=0.00, real=0.19 secs] 
691.408: [CMS-concurrent-mark-start]
692.680: [CMS-concurrent-mark: 1.270/1.271 secs] [Times: user=2.53 sys=0.00, real=1.27 secs] 
692.680: [CMS-concurrent-preclean-start]
692.683: [CMS-concurrent-preclean: 0.003/0.003 secs] [Times: user=0.00 sys=0.00, real=0.00 secs] 
692.683: [CMS-concurrent-abortable-preclean-start]
 CMS: abort preclean due to time 697.738: [CMS-concurrent-abortable-preclean: 1.852/5.055 secs] [Times: user=1.91 sys=0.00, real=5.05 secs] 
697.738: [GC (CMS Final Remark) [YG occupancy: 236413 K (613440 K)]697.738: [Rescan (parallel) , 0.0952639 secs]697.834: [weak refs processing, 0.0002029 secs]697.834: [class unloading, 0.0064203 secs]697.840: [scrub symbol table, 0.0052396 secs]697.845: [scrub string table, 0.0006715 secs][1 CMS-remark: 1376081K(1415616K)] 1612495K(2029056K), 0.1080035 secs] [Times: user=0.76 sys=0.00, real=0.11 secs] 
697.846: [CMS-concurrent-sweep-start]
698.252: [CMS-concurrent-sweep: 0.405/0.405 secs] [Times: user=0.41 sys=0.00, real=0.40 secs] 
698.252: [CMS-concurrent-reset-start]
698.253: [CMS-concurrent-reset: 0.001/0.001 secs] [Times: user=0.00 sys=0.00, real=0.00 secs] 
700.253: [GC (CMS Initial Mark) [1 CMS-initial-mark: 1376081K(1415616K)] 1616978K(2029056K), 0.2024293 secs] [Times: user=1.63 sys=0.00, real=0.20 secs] 
700.455: [CMS-concurrent-mark-start]
701.725: [CMS-concurrent-mark: 1.270/1.270 secs] [Times: user=2.53 sys=0.00, real=1.27 secs] 
701.725: [CMS-concurrent-preclean-start]
701.729: [CMS-concurrent-preclean: 0.003/0.003 secs] [Times: user=0.00 sys=0.00, real=0.00 secs] 
701.729: [CMS-concurrent-abortable-preclean-start]
 CMS: abort preclean due to time 706.853: [CMS-concurrent-abortable-preclean: 1.821/5.124 secs] [Times: user=1.98 sys=0.00, real=5.12 secs] 
706.853: [GC (CMS Final Remark) [YG occupancy: 251306 K (613440 K)]706.853: [Rescan (parallel) , 0.0851763 secs]706.938: [weak refs processing, 0.0001804 secs]706.938: [class unloading, 0.0064282 secs]706.945: [scrub symbol table, 0.0054259 secs]706.950: [scrub string table, 0.0006675 secs][1 CMS-remark: 1376081K(1415616K)] 1627387K(2029056K), 0.0980532 secs] [Times: user=0.75 sys=0.00, real=0.10 secs] 
706.951: [CMS-concurrent-sweep-start]
707.357: [CMS-concurrent-sweep: 0.406/0.406 secs] [Times: user=0.42 sys=0.00, real=0.41 secs] 
707.357: [CMS-concurrent-reset-start]
707.359: [CMS-concurrent-reset: 0.001/0.001 secs] [Times: user=0.00 sys=0.00, real=0.00 secs] 
709.358: [GC (CMS Initial Mark) [1 CMS-initial-mark: 1376081K(1415616K)] 1630481K(2029056K), 0.1317145 secs] [Times: user=0.98 sys=0.00, real=0.13 secs] 
709.490: [CMS-concurrent-mark-start]
710.754: [CMS-concurrent-mark: 1.262/1.264 secs] [Times: user=2.53 sys=0.00, real=1.27 secs] 
710.754: [CMS-concurrent-preclean-start]
710.757: [CMS-concurrent-preclean: 0.003/0.003 secs] [Times: user=0.00 sys=0.00, real=0.00 secs] 
710.757: [CMS-concurrent-abortable-preclean-start]
 CMS: abort preclean due to time 715.793: [CMS-concurrent-abortable-preclean: 1.834/5.037 secs] [Times: user=1.89 sys=0.00, real=5.04 secs] 
715.794: [GC (CMS Final Remark) [YG occupancy: 264816 K (613440 K)]715.794: [Rescan (parallel) , 0.0863838 secs]715.880: [weak refs processing, 0.0001757 secs]715.880: [class unloading, 0.0066074 secs]715.887: [scrub symbol table, 0.0053458 secs]715.892: [scrub string table, 0.0006837 secs][1 CMS-remark: 1376081K(1415616K)] 1640897K(2029056K), 0.0993674 secs] [Times: user=0.75 sys=0.00, real=0.10 secs] 
715.893: [CMS-concurrent-sweep-start]
716.300: [CMS-concurrent-sweep: 0.407/0.407 secs] [Times: user=0.41 sys=0.00, real=0.41 secs] 
716.300: [CMS-concurrent-reset-start]
716.301: [CMS-concurrent-reset: 0.001/0.001 secs] [Times: user=0.00 sys=0.00, real=0.00 secs] 
718.301: [GC (CMS Initial Mark) [1 CMS-initial-mark: 1376081K(1415616K)] 1646644K(2029056K), 0.2279708 secs] [Times: user=1.75 sys=0.00, real=0.23 secs] 
718.529: [CMS-concurrent-mark-start]
719.804: [CMS-concurrent-mark: 1.275/1.275 secs] [Times: user=2.61 sys=0.00, real=1.28 secs] 
719.804: [CMS-concurrent-preclean-start]
719.808: [CMS-concurrent-preclean: 0.003/0.004 secs] [Times: user=0.00 sys=0.00, real=0.00 secs] 
719.808: [CMS-concurrent-abortable-preclean-start]
 CMS: abort preclean due to time 724.846: [CMS-concurrent-abortable-preclean: 1.851/5.039 secs] [Times: user=1.88 sys=0.00, real=5.04 secs] 
724.847: [GC (CMS Final Remark) [YG occupancy: 279947 K (613440 K)]724.847: [Rescan (parallel) , 0.0910629 secs]724.938: [weak refs processing, 0.0001879 secs]724.938: [class unloading, 0.0064014 secs]724.944: [scrub symbol table, 0.0052175 secs]724.950: [scrub string table, 0.0006735 secs][1 CMS-remark: 1376081K(1415616K)] 1656028K(2029056K), 0.1037192 secs] [Times: user=0.75 sys=0.00, real=0.10 secs] 
724.950: [CMS-concurrent-sweep-start]
725.355: [CMS-concurrent-sweep: 0.405/0.405 secs] [Times: user=0.41 sys=0.00, real=0.40 secs] 
725.355: [CMS-concurrent-reset-start]
725.357: [CMS-concurrent-reset: 0.001/0.001 secs] [Times: user=0.00 sys=0.00, real=0.00 secs] 
727.357: [GC (CMS Initial Mark) [1 CMS-initial-mark: 1376081K(1415616K)] 1660316K(2029056K), 0.1354829 secs] [Times: user=1.13 sys=0.00, real=0.14 secs] 
727.492: [CMS-concurrent-mark-start]
728.754: [CMS-concurrent-mark: 1.262/1.262 secs] [Times: user=2.53 sys=0.00, real=1.26 secs] 
728.754: [CMS-concurrent-preclean-start]
728.757: [CMS-concurrent-preclean: 0.003/0.003 secs] [Times: user=0.00 sys=0.00, real=0.00 secs] 
728.757: [CMS-concurrent-abortable-preclean-start]
 CMS: abort preclean due to time 733.760: [CMS-concurrent-abortable-preclean: 1.805/5.004 secs] [Times: user=1.67 sys=0.01, real=5.00 secs] 
733.761: [GC (CMS Final Remark) [YG occupancy: 293871 K (613440 K)]733.761: [Rescan (parallel) , 0.0909875 secs]733.852: [weak refs processing, 0.0002072 secs]733.852: [class unloading, 0.0064219 secs]733.858: [scrub symbol table, 0.0051243 secs]733.864: [scrub string table, 0.0006885 secs][1 CMS-remark: 1376081K(1415616K)] 1669952K(2029056K), 0.1036098 secs] [Times: user=0.77 sys=0.00, real=0.10 secs] 
733.864: [CMS-concurrent-sweep-start]
734.271: [CMS-concurrent-sweep: 0.406/0.406 secs] [Times: user=0.41 sys=0.00, real=0.41 secs] 
734.271: [CMS-concurrent-reset-start]
734.272: [CMS-concurrent-reset: 0.001/0.001 secs] [Times: user=0.00 sys=0.00, real=0.00 secs] 
736.271: [GC (CMS Initial Mark) [1 CMS-initial-mark: 1376081K(1415616K)] 1675061K(2029056K), 0.2523668 secs] [Times: user=1.98 sys=0.00, real=0.25 secs] 
736.524: [CMS-concurrent-mark-start]
737.798: [CMS-concurrent-mark: 1.275/1.275 secs] [Times: user=2.56 sys=0.00, real=1.27 secs] 
737.799: [CMS-concurrent-preclean-start]
737.802: [CMS-concurrent-preclean: 0.003/0.004 secs] [Times: user=0.00 sys=0.00, real=0.00 secs] 
737.802: [CMS-concurrent-abortable-preclean-start]
 CMS: abort preclean due to time 742.877: [CMS-concurrent-abortable-preclean: 1.836/5.075 secs] [Times: user=1.92 sys=0.00, real=5.08 secs] 
742.878: [GC (CMS Final Remark) [YG occupancy: 308947 K (613440 K)]742.878: [Rescan (parallel) , 0.0597389 secs]742.938: [weak refs processing, 0.0001236 secs]742.938: [class unloading, 0.0061369 secs]742.944: [scrub symbol table, 0.0052424 secs]742.949: [scrub string table, 0.0006683 secs][1 CMS-remark: 1376081K(1415616K)] 1685028K(2029056K), 0.0720581 secs] [Times: user=0.50 sys=0.00, real=0.07 secs] 
742.950: [CMS-concurrent-sweep-start]
743.355: [CMS-concurrent-sweep: 0.405/0.405 secs] [Times: user=0.41 sys=0.00, real=0.40 secs] 
743.355: [CMS-concurrent-reset-start]
743.356: [CMS-concurrent-reset: 0.001/0.001 secs] [Times: user=0.00 sys=0.00, real=0.00 secs] 
745.355: [GC (CMS Initial Mark) [1 CMS-initial-mark: 1376081K(1415616K)] 1689248K(2029056K), 0.1504509 secs] [Times: user=1.25 sys=0.00, real=0.15 secs] 
745.506: [CMS-concurrent-mark-start]
746.765: [CMS-concurrent-mark: 1.259/1.259 secs] [Times: user=2.53 sys=0.00, real=1.26 secs] 
746.765: [CMS-concurrent-preclean-start]
746.769: [CMS-concurrent-preclean: 0.003/0.003 secs] [Times: user=0.00 sys=0.00, real=0.00 secs] 
746.769: [CMS-concurrent-abortable-preclean-start]
 CMS: abort preclean due to time 751.795: [CMS-concurrent-abortable-preclean: 1.729/5.026 secs] [Times: user=1.67 sys=0.00, real=5.03 secs] 
751.795: [GC (CMS Final Remark) [YG occupancy: 322872 K (613440 K)]751.795: [Rescan (parallel) , 0.1106073 secs]751.906: [weak refs processing, 0.0002436 secs]751.906: [class unloading, 0.0072805 secs]751.913: [scrub symbol table, 0.0051228 secs]751.918: [scrub string table, 0.0006750 secs][1 CMS-remark: 1376081K(1415616K)] 1698953K(2029056K), 0.1241214 secs] [Times: user=0.89 sys=0.00, real=0.12 secs] 
751.919: [CMS-concurrent-sweep-start]
752.322: [CMS-concurrent-sweep: 0.403/0.403 secs] [Times: user=0.41 sys=0.00, real=0.40 secs] 
752.323: [CMS-concurrent-reset-start]
752.324: [CMS-concurrent-reset: 0.001/0.001 secs] [Times: user=0.00 sys=0.00, real=0.00 secs] 
754.324: [GC (CMS Initial Mark) [1 CMS-initial-mark: 1376081K(1415616K)] 1703449K(2029056K), 0.2764378 secs] [Times: user=2.25 sys=0.00, real=0.28 secs] 
754.600: [CMS-concurrent-mark-start]
755.876: [CMS-concurrent-mark: 1.275/1.275 secs] [Times: user=2.56 sys=0.00, real=1.28 secs] 
755.876: [CMS-concurrent-preclean-start]
755.879: [CMS-concurrent-preclean: 0.003/0.003 secs] [Times: user=0.00 sys=0.00, real=0.00 secs] 
755.879: [CMS-concurrent-abortable-preclean-start]
 CMS: abort preclean due to time 760.883: [CMS-concurrent-abortable-preclean: 1.869/5.004 secs] [Times: user=1.92 sys=0.00, real=5.00 secs] 
760.883: [GC (CMS Final Remark) [YG occupancy: 338568 K (613440 K)]760.883: [Rescan (parallel) , 0.1099449 secs]760.993: [weak refs processing, 0.0001721 secs]760.993: [class unloading, 0.0075931 secs]761.001: [scrub symbol table, 0.0053470 secs]761.006: [scrub string table, 0.0006794 secs][1 CMS-remark: 1376081K(1415616K)] 1714649K(2029056K), 0.1239220 secs] [Times: user=0.89 sys=0.00, real=0.12 secs] 
761.007: [CMS-concurrent-sweep-start]
761.413: [CMS-concurrent-sweep: 0.406/0.406 secs] [Times: user=0.41 sys=0.00, real=0.41 secs] 
761.413: [CMS-concurrent-reset-start]
761.414: [CMS-concurrent-reset: 0.001/0.001 secs] [Times: user=0.00 sys=0.00, real=0.00 secs] 
763.415: [GC (CMS Initial Mark) [1 CMS-initial-mark: 1376081K(1415616K)] 1719574K(2029056K), 0.2900254 secs] [Times: user=2.36 sys=0.00, real=0.29 secs] 
763.705: [CMS-concurrent-mark-start]
764.987: [CMS-concurrent-mark: 1.280/1.282 secs] [Times: user=2.56 sys=0.00, real=1.28 secs] 
764.987: [CMS-concurrent-preclean-start]
764.991: [CMS-concurrent-preclean: 0.003/0.004 secs] [Times: user=0.00 sys=0.00, real=0.00 secs] 
764.991: [CMS-concurrent-abortable-preclean-start]
 CMS: abort preclean due to time 770.004: [CMS-concurrent-abortable-preclean: 1.900/5.013 secs] [Times: user=1.88 sys=0.00, real=5.01 secs] 
770.004: [GC (CMS Final Remark) [YG occupancy: 355172 K (613440 K)]770.004: [Rescan (parallel) , 0.0689936 secs]770.073: [weak refs processing, 0.0001267 secs]770.073: [class unloading, 0.0062222 secs]770.080: [scrub symbol table, 0.0051828 secs]770.085: [scrub string table, 0.0006908 secs][1 CMS-remark: 1376081K(1415616K)] 1731253K(2029056K), 0.0813684 secs] [Times: user=0.52 sys=0.00, real=0.08 secs] 
770.086: [CMS-concurrent-sweep-start]
770.491: [CMS-concurrent-sweep: 0.405/0.405 secs] [Times: user=0.41 sys=0.00, real=0.41 secs] 
770.491: [CMS-concurrent-reset-start]
770.492: [CMS-concurrent-reset: 0.001/0.001 secs] [Times: user=0.00 sys=0.00, real=0.00 secs] 
772.492: [GC (CMS Initial Mark) [1 CMS-initial-mark: 1376080K(1415616K)] 1736034K(2029056K), 0.3043661 secs] [Times: user=2.38 sys=0.00, real=0.30 secs] 
772.796: [CMS-concurrent-mark-start]
774.068: [CMS-concurrent-mark: 1.271/1.271 secs] [Times: user=2.53 sys=0.00, real=1.27 secs] 
774.068: [CMS-concurrent-preclean-start]
774.071: [CMS-concurrent-preclean: 0.003/0.003 secs] [Times: user=0.00 sys=0.00, real=0.00 secs] 
774.071: [CMS-concurrent-abortable-preclean-start]
 CMS: abort preclean due to time 779.129: [CMS-concurrent-abortable-preclean: 1.892/5.059 secs] [Times: user=1.95 sys=0.00, real=5.06 secs] 
779.130: [GC (CMS Final Remark) [YG occupancy: 371467 K (613440 K)]779.130: [Rescan (parallel) , 0.1626532 secs]779.292: [weak refs processing, 0.0002191 secs]779.293: [class unloading, 0.0066130 secs]779.299: [scrub symbol table, 0.0053111 secs]779.305: [scrub string table, 0.0006738 secs][1 CMS-remark: 1376080K(1415616K)] 1747548K(2029056K), 0.1756861 secs] [Times: user=1.27 sys=0.00, real=0.18 secs] 
779.305: [CMS-concurrent-sweep-start]
779.708: [CMS-concurrent-sweep: 0.403/0.403 secs] [Times: user=0.41 sys=0.00, real=0.40 secs] 
779.708: [CMS-concurrent-reset-start]
779.710: [CMS-concurrent-reset: 0.001/0.001 secs] [Times: user=0.00 sys=0.00, real=0.00 secs] 
781.710: [GC (CMS Initial Mark) [1 CMS-initial-mark: 1376080K(1415616K)] 1752595K(2029056K), 0.3205408 secs] [Times: user=2.52 sys=0.00, real=0.32 secs] 
782.031: [CMS-concurrent-mark-start]
783.309: [CMS-concurrent-mark: 1.278/1.278 secs] [Times: user=2.53 sys=0.00, real=1.28 secs] 
783.309: [CMS-concurrent-preclean-start]
783.312: [CMS-concurrent-preclean: 0.003/0.003 secs] [Times: user=0.02 sys=0.00, real=0.00 secs] 
783.312: [CMS-concurrent-abortable-preclean-start]
 CMS: abort preclean due to time 788.421: [CMS-concurrent-abortable-preclean: 1.907/5.109 secs] [Times: user=1.81 sys=0.00, real=5.11 secs] 
788.421: [GC (CMS Final Remark) [YG occupancy: 385889 K (613440 K)]788.421: [Rescan (parallel) , 0.1268140 secs]788.548: [weak refs processing, 0.0001867 secs]788.548: [class unloading, 0.0064539 secs]788.555: [scrub symbol table, 0.0052680 secs]788.560: [scrub string table, 0.0007749 secs][1 CMS-remark: 1376080K(1415616K)] 1761970K(2029056K), 0.1396937 secs] [Times: user=1.00 sys=0.00, real=0.14 secs] 
788.561: [CMS-concurrent-sweep-start]
788.965: [CMS-concurrent-sweep: 0.403/0.403 secs] [Times: user=0.41 sys=0.00, real=0.40 secs] 
788.965: [CMS-concurrent-reset-start]
788.966: [CMS-concurrent-reset: 0.001/0.001 secs] [Times: user=0.00 sys=0.00, real=0.00 secs] 
790.966: [GC (CMS Initial Mark) [1 CMS-initial-mark: 1376080K(1415616K)] 1767415K(2029056K), 0.3328912 secs] [Times: user=2.73 sys=0.00, real=0.33 secs] 
791.299: [CMS-concurrent-mark-start]
792.575: [CMS-concurrent-mark: 1.276/1.276 secs] [Times: user=2.53 sys=0.00, real=1.28 secs] 
792.575: [CMS-concurrent-preclean-start]
792.578: [CMS-concurrent-preclean: 0.003/0.003 secs] [Times: user=0.01 sys=0.00, real=0.00 secs] 
792.578: [CMS-concurrent-abortable-preclean-start]
 CMS: abort preclean due to time 797.635: [CMS-concurrent-abortable-preclean: 1.855/5.057 secs] [Times: user=1.86 sys=0.00, real=5.06 secs] 
797.636: [GC (CMS Final Remark) [YG occupancy: 401224 K (613440 K)]797.636: [Rescan (parallel) , 0.1457157 secs]797.782: [weak refs processing, 0.0001919 secs]797.782: [class unloading, 0.0065502 secs]797.788: [scrub symbol table, 0.0052159 secs]797.794: [scrub string table, 0.0007923 secs][1 CMS-remark: 1376080K(1415616K)] 1777305K(2029056K), 0.1586531 secs] [Times: user=1.25 sys=0.00, real=0.16 secs] 
797.794: [CMS-concurrent-sweep-start]
798.202: [CMS-concurrent-sweep: 0.407/0.407 secs] [Times: user=0.42 sys=0.00, real=0.41 secs] 
798.202: [CMS-concurrent-reset-start]
798.203: [CMS-concurrent-reset: 0.001/0.001 secs] [Times: user=0.02 sys=0.00, real=0.00 secs] 
800.203: [GC (CMS Initial Mark) [1 CMS-initial-mark: 1376080K(1415616K)] 1781823K(2029056K), 0.3460508 secs] [Times: user=2.75 sys=0.00, real=0.35 secs] 
800.549: [CMS-concurrent-mark-start]
801.827: [CMS-concurrent-mark: 1.276/1.278 secs] [Times: user=2.53 sys=0.00, real=1.28 secs] 
801.827: [CMS-concurrent-preclean-start]
801.829: [CMS-concurrent-preclean: 0.003/0.003 secs] [Times: user=0.02 sys=0.00, real=0.00 secs] 
801.829: [CMS-concurrent-abortable-preclean-start]
 CMS: abort preclean due to time 806.883: [CMS-concurrent-abortable-preclean: 1.855/5.054 secs] [Times: user=1.84 sys=0.00, real=5.06 secs] 
806.884: [GC (CMS Final Remark) [YG occupancy: 416550 K (613440 K)]806.884: [Rescan (parallel) , 0.2091326 secs]807.093: [weak refs processing, 0.0002850 secs]807.093: [class unloading, 0.0078588 secs]807.101: [scrub symbol table, 0.0051425 secs]807.106: [scrub string table, 0.0006774 secs][1 CMS-remark: 1376080K(1415616K)] 1792631K(2029056K), 0.2233277 secs] [Times: user=1.64 sys=0.00, real=0.22 secs] 
807.107: [CMS-concurrent-sweep-start]
807.513: [CMS-concurrent-sweep: 0.406/0.406 secs] [Times: user=0.42 sys=0.00, real=0.41 secs] 
807.513: [CMS-concurrent-reset-start]
807.514: [CMS-concurrent-reset: 0.001/0.001 secs] [Times: user=0.00 sys=0.00, real=0.00 secs] 
809.514: [GC (CMS Initial Mark) [1 CMS-initial-mark: 1376080K(1415616K)] 1796923K(2029056K), 0.3565348 secs] [Times: user=2.88 sys=0.00, real=0.36 secs] 
809.871: [CMS-concurrent-mark-start]
811.148: [CMS-concurrent-mark: 1.277/1.277 secs] [Times: user=2.56 sys=0.00, real=1.28 secs] 
811.148: [CMS-concurrent-preclean-start]
811.151: [CMS-concurrent-preclean: 0.003/0.003 secs] [Times: user=0.00 sys=0.00, real=0.00 secs] 
811.151: [CMS-concurrent-abortable-preclean-start]
 CMS: abort preclean due to time 816.260: [CMS-concurrent-abortable-preclean: 1.870/5.109 secs] [Times: user=1.81 sys=0.00, real=5.11 secs] 
816.260: [GC (CMS Final Remark) [YG occupancy: 431672 K (613440 K)]816.260: [Rescan (parallel) , 0.1284795 secs]816.389: [weak refs processing, 0.0001875 secs]816.389: [class unloading, 0.0063307 secs]816.396: [scrub symbol table, 0.0050928 secs]816.401: [scrub string table, 0.0006715 secs][1 CMS-remark: 1376080K(1415616K)] 1807753K(2029056K), 0.1409455 secs] [Times: user=1.01 sys=0.00, real=0.14 secs] 
816.401: [CMS-concurrent-sweep-start]
816.804: [CMS-concurrent-sweep: 0.402/0.402 secs] [Times: user=0.41 sys=0.00, real=0.40 secs] 
816.804: [CMS-concurrent-reset-start]
816.805: [CMS-concurrent-reset: 0.001/0.001 secs] [Times: user=0.00 sys=0.00, real=0.00 secs] 
818.807: [GC (CMS Initial Mark) [1 CMS-initial-mark: 1376080K(1415616K)] 1810409K(2029056K), 0.3712398 secs] [Times: user=2.99 sys=0.00, real=0.37 secs] 
819.178: [CMS-concurrent-mark-start]
820.459: [CMS-concurrent-mark: 1.279/1.281 secs] [Times: user=2.56 sys=0.00, real=1.28 secs] 
820.459: [CMS-concurrent-preclean-start]
820.462: [CMS-concurrent-preclean: 0.003/0.003 secs] [Times: user=0.00 sys=0.00, real=0.00 secs] 
820.462: [CMS-concurrent-abortable-preclean-start]
 CMS: abort preclean due to time 825.514: [CMS-concurrent-abortable-preclean: 1.875/5.052 secs] [Times: user=1.92 sys=0.05, real=5.05 secs] 
825.514: [GC (CMS Final Remark) [YG occupancy: 445492 K (613440 K)]825.514: [Rescan (parallel) , 0.2237386 secs]825.738: [weak refs processing, 0.0002720 secs]825.738: [class unloading, 0.0063560 secs]825.745: [scrub symbol table, 0.0051247 secs]825.750: [scrub string table, 0.0006738 secs][1 CMS-remark: 1376080K(1415616K)] 1821573K(2029056K), 0.2363961 secs] [Times: user=1.89 sys=0.00, real=0.24 secs] 
825.751: [CMS-concurrent-sweep-start]
826.157: [CMS-concurrent-sweep: 0.406/0.406 secs] [Times: user=0.41 sys=0.00, real=0.41 secs] 
826.157: [CMS-concurrent-reset-start]
826.158: [CMS-concurrent-reset: 0.001/0.001 secs] [Times: user=0.00 sys=0.00, real=0.00 secs] 
828.159: [GC (CMS Initial Mark) [1 CMS-initial-mark: 1376080K(1415616K)] 1826400K(2029056K), 0.3818442 secs] [Times: user=3.00 sys=0.00, real=0.38 secs] 
828.541: [CMS-concurrent-mark-start]
829.813: [CMS-concurrent-mark: 1.272/1.272 secs] [Times: user=2.56 sys=0.00, real=1.27 secs] 
829.813: [CMS-concurrent-preclean-start]
829.815: [CMS-concurrent-preclean: 0.003/0.003 secs] [Times: user=0.00 sys=0.00, real=0.00 secs] 
829.815: [CMS-concurrent-abortable-preclean-start]
 CMS: abort preclean due to time 834.890: [CMS-concurrent-abortable-preclean: 1.877/5.075 secs] [Times: user=1.89 sys=0.02, real=5.08 secs] 
834.891: [GC (CMS Final Remark) [YG occupancy: 459923 K (613440 K)]834.891: [Rescan (parallel) , 0.1369857 secs]835.028: [weak refs processing, 0.0002416 secs]835.028: [class unloading, 0.0073468 secs]835.035: [scrub symbol table, 0.0052728 secs]835.041: [scrub string table, 0.0006703 secs][1 CMS-remark: 1376080K(1415616K)] 1836004K(2029056K), 0.1507122 secs] [Times: user=1.02 sys=0.00, real=0.15 secs] 
835.041: [CMS-concurrent-sweep-start]
835.443: [CMS-concurrent-sweep: 0.402/0.402 secs] [Times: user=0.41 sys=0.00, real=0.40 secs] 
835.443: [CMS-concurrent-reset-start]
835.445: [CMS-concurrent-reset: 0.001/0.001 secs] [Times: user=0.00 sys=0.00, real=0.00 secs] 
837.445: [GC (CMS Initial Mark) [1 CMS-initial-mark: 1376080K(1415616K)] 1841268K(2029056K), 0.3959275 secs] [Times: user=3.13 sys=0.00, real=0.40 secs] 
837.841: [CMS-concurrent-mark-start]
839.115: [CMS-concurrent-mark: 1.274/1.274 secs] [Times: user=2.58 sys=0.00, real=1.27 secs] 
839.115: [CMS-concurrent-preclean-start]
839.118: [CMS-concurrent-preclean: 0.003/0.003 secs] [Times: user=0.00 sys=0.00, real=0.00 secs] 
839.118: [CMS-concurrent-abortable-preclean-start]
 CMS: abort preclean due to time 844.157: [CMS-concurrent-abortable-preclean: 1.853/5.039 secs] [Times: user=1.92 sys=0.00, real=5.04 secs] 
844.157: [GC (CMS Final Remark) [YG occupancy: 475121 K (613440 K)]844.157: [Rescan (parallel) , 0.1482457 secs]844.305: [weak refs processing, 0.0002459 secs]844.306: [class unloading, 0.0064010 secs]844.312: [scrub symbol table, 0.0054188 secs]844.317: [scrub string table, 0.0007216 secs][1 CMS-remark: 1376080K(1415616K)] 1851202K(2029056K), 0.1612261 secs] [Times: user=1.14 sys=0.00, real=0.16 secs] 
844.318: [CMS-concurrent-sweep-start]
844.724: [CMS-concurrent-sweep: 0.406/0.406 secs] [Times: user=0.41 sys=0.00, real=0.40 secs] 
844.724: [CMS-concurrent-reset-start]
844.725: [CMS-concurrent-reset: 0.001/0.001 secs] [Times: user=0.00 sys=0.00, real=0.00 secs] 
846.726: [GC (CMS Initial Mark) [1 CMS-initial-mark: 1376080K(1415616K)] 1855471K(2029056K), 0.4100061 secs] [Times: user=3.20 sys=0.00, real=0.41 secs] 
847.136: [CMS-concurrent-mark-start]
848.408: [CMS-concurrent-mark: 1.273/1.273 secs] [Times: user=2.58 sys=0.00, real=1.27 secs] 
848.409: [CMS-concurrent-preclean-start]
848.411: [CMS-concurrent-preclean: 0.003/0.003 secs] [Times: user=0.00 sys=0.00, real=0.00 secs] 
848.411: [CMS-concurrent-abortable-preclean-start]
 CMS: abort preclean due to time 853.431: [CMS-concurrent-abortable-preclean: 1.822/5.020 secs] [Times: user=1.75 sys=0.00, real=5.02 secs] 
853.431: [GC (CMS Final Remark) [YG occupancy: 491077 K (613440 K)]853.431: [Rescan (parallel) , 0.1601394 secs]853.592: [weak refs processing, 0.0001808 secs]853.592: [class unloading, 0.0063966 secs]853.598: [scrub symbol table, 0.0052443 secs]853.603: [scrub string table, 0.0007082 secs][1 CMS-remark: 1376080K(1415616K)] 1867158K(2029056K), 0.1728486 secs] [Times: user=1.27 sys=0.00, real=0.17 secs] 
853.604: [CMS-concurrent-sweep-start]
854.007: [CMS-concurrent-sweep: 0.403/0.403 secs] [Times: user=0.41 sys=0.00, real=0.40 secs] 
854.008: [CMS-concurrent-reset-start]
854.009: [CMS-concurrent-reset: 0.001/0.001 secs] [Times: user=0.00 sys=0.00, real=0.00 secs] 
856.008: [GC (CMS Initial Mark) [1 CMS-initial-mark: 1376080K(1415616K)] 1870195K(2029056K), 0.2556819 secs] [Times: user=1.98 sys=0.00, real=0.26 secs] 
856.264: [CMS-concurrent-mark-start]
857.538: [CMS-concurrent-mark: 1.273/1.274 secs] [Times: user=2.56 sys=0.00, real=1.27 secs] 
857.538: [CMS-concurrent-preclean-start]
857.541: [CMS-concurrent-preclean: 0.003/0.003 secs] [Times: user=0.00 sys=0.00, real=0.00 secs] 
857.541: [CMS-concurrent-abortable-preclean-start]
 CMS: abort preclean due to time 862.610: [CMS-concurrent-abortable-preclean: 1.861/5.069 secs] [Times: user=2.03 sys=0.01, real=5.07 secs] 
862.611: [GC (CMS Final Remark) [YG occupancy: 504683 K (613440 K)]862.611: [Rescan (parallel) , 0.1570563 secs]862.768: [weak refs processing, 0.0002029 secs]862.768: [class unloading, 0.0066177 secs]862.775: [scrub symbol table, 0.0052136 secs]862.780: [scrub string table, 0.0006707 secs][1 CMS-remark: 1376080K(1415616K)] 1880764K(2029056K), 0.1699439 secs] [Times: user=1.27 sys=0.00, real=0.17 secs] 
862.781: [CMS-concurrent-sweep-start]
863.187: [CMS-concurrent-sweep: 0.407/0.407 secs] [Times: user=0.41 sys=0.00, real=0.41 secs] 
863.187: [CMS-concurrent-reset-start]
863.189: [CMS-concurrent-reset: 0.001/0.001 secs] [Times: user=0.00 sys=0.00, real=0.00 secs] 
865.188: [GC (CMS Initial Mark) [1 CMS-initial-mark: 1376080K(1415616K)] 1884895K(2029056K), 0.2253026 secs] [Times: user=1.75 sys=0.00, real=0.22 secs] 
865.413: [CMS-concurrent-mark-start]
866.669: [CMS-concurrent-mark: 1.256/1.256 secs] [Times: user=2.50 sys=0.00, real=1.26 secs] 
866.669: [CMS-concurrent-preclean-start]
866.673: [CMS-concurrent-preclean: 0.003/0.003 secs] [Times: user=0.01 sys=0.00, real=0.00 secs] 
866.673: [CMS-concurrent-abortable-preclean-start]
 CMS: abort preclean due to time 871.690: [CMS-concurrent-abortable-preclean: 1.839/5.017 secs] [Times: user=1.81 sys=0.03, real=5.02 secs] 
871.690: [GC (CMS Final Remark) [YG occupancy: 519995 K (613440 K)]871.690: [Rescan (parallel) , 0.1697754 secs]871.860: [weak refs processing, 0.0002444 secs]871.860: [class unloading, 0.0073326 secs]871.867: [scrub symbol table, 0.0052814 secs]871.873: [scrub string table, 0.0006987 secs][1 CMS-remark: 1376080K(1415616K)] 1896076K(2029056K), 0.1835311 secs] [Times: user=1.38 sys=0.00, real=0.18 secs] 
871.874: [CMS-concurrent-sweep-start]
872.273: [CMS-concurrent-sweep: 0.400/0.400 secs] [Times: user=0.42 sys=0.00, real=0.40 secs] 
872.273: [CMS-concurrent-reset-start]
872.274: [CMS-concurrent-reset: 0.001/0.001 secs] [Times: user=0.00 sys=0.00, real=0.00 secs] 
874.275: [GC (CMS Initial Mark) [1 CMS-initial-mark: 1376080K(1415616K)] 1899557K(2029056K), 0.4466830 secs] [Times: user=3.61 sys=0.00, real=0.45 secs] 
874.722: [CMS-concurrent-mark-start]
875.996: [CMS-concurrent-mark: 1.274/1.274 secs] [Times: user=2.53 sys=0.00, real=1.27 secs] 
875.996: [CMS-concurrent-preclean-start]
876.000: [CMS-concurrent-preclean: 0.004/0.004 secs] [Times: user=0.02 sys=0.00, real=0.00 secs] 
876.000: [CMS-concurrent-abortable-preclean-start]
 CMS: abort preclean due to time 881.035: [CMS-concurrent-abortable-preclean: 1.835/5.035 secs] [Times: user=1.78 sys=0.00, real=5.03 secs] 
881.035: [GC (CMS Final Remark) [YG occupancy: 533870 K (613440 K)]881.035: [Rescan (parallel) , 0.1836708 secs]881.219: [weak refs processing, 0.0002191 secs]881.219: [class unloading, 0.0063919 secs]881.225: [scrub symbol table, 0.0051891 secs]881.230: [scrub string table, 0.0006691 secs][1 CMS-remark: 1376080K(1415616K)] 1909951K(2029056K), 0.1963350 secs] [Times: user=1.50 sys=0.00, real=0.20 secs] 
881.231: [CMS-concurrent-sweep-start]
881.634: [CMS-concurrent-sweep: 0.403/0.403 secs] [Times: user=0.41 sys=0.00, real=0.40 secs] 
881.634: [CMS-concurrent-reset-start]
881.636: [CMS-concurrent-reset: 0.001/0.001 secs] [Times: user=0.00 sys=0.00, real=0.00 secs] 
883.636: [GC (CMS Initial Mark) [1 CMS-initial-mark: 1376080K(1415616K)] 1913650K(2029056K), 0.4563585 secs] [Times: user=3.63 sys=0.00, real=0.46 secs] 
884.093: [CMS-concurrent-mark-start]
885.363: [CMS-concurrent-mark: 1.270/1.270 secs] [Times: user=2.61 sys=0.00, real=1.27 secs] 
885.363: [CMS-concurrent-preclean-start]
885.366: [CMS-concurrent-preclean: 0.004/0.004 secs] [Times: user=0.00 sys=0.00, real=0.00 secs] 
885.366: [CMS-concurrent-abortable-preclean-start]
 CMS: abort preclean due to time 890.496: [CMS-concurrent-abortable-preclean: 1.827/5.130 secs] [Times: user=1.81 sys=0.00, real=5.13 secs] 
890.497: [GC (CMS Final Remark) [YG occupancy: 548717 K (613440 K)]890.497: [Rescan (parallel) , 0.2982312 secs]890.795: [weak refs processing, 0.0002266 secs]890.795: [class unloading, 0.0064748 secs]890.802: [scrub symbol table, 0.0052708 secs]890.807: [scrub string table, 0.0006750 secs][1 CMS-remark: 1376080K(1415616K)] 1924798K(2029056K), 0.3111243 secs] [Times: user=2.39 sys=0.00, real=0.31 secs] 
890.808: [CMS-concurrent-sweep-start]
891.165: [GC (Allocation Failure) 891.166: [ParNew: 549421K->3278K(613440K), 0.0034091 secs] 1925502K->1379359K(2029056K), 0.0034873 secs] [Times: user=0.00 sys=0.00, real=0.00 secs] 
891.221: [CMS-concurrent-sweep: 0.409/0.413 secs] [Times: user=0.42 sys=0.00, real=0.41 secs] 
891.221: [CMS-concurrent-reset-start]
891.222: [CMS-concurrent-reset: 0.001/0.001 secs] [Times: user=0.00 sys=0.00, real=0.00 secs] 
893.223: [GC (CMS Initial Mark) [1 CMS-initial-mark: 1376080K(1415616K)] 1388903K(2029056K), 0.0058945 secs] [Times: user=0.00 sys=0.00, real=0.01 secs] 
893.229: [CMS-concurrent-mark-start]
894.525: [CMS-concurrent-mark: 1.297/1.297 secs] [Times: user=2.61 sys=0.00, real=1.30 secs] 
894.525: [CMS-concurrent-preclean-start]
894.529: [CMS-concurrent-preclean: 0.003/0.003 secs] [Times: user=0.00 sys=0.00, real=0.00 secs] 
894.529: [CMS-concurrent-abortable-preclean-start]
 CMS: abort preclean due to time 899.573: [CMS-concurrent-abortable-preclean: 2.047/5.045 secs] [Times: user=2.08 sys=0.02, real=5.05 secs] 
899.574: [GC (CMS Final Remark) [YG occupancy: 21232 K (613440 K)]899.574: [Rescan (parallel) , 0.0066307 secs]899.581: [weak refs processing, 0.0002913 secs]899.581: [class unloading, 0.0099577 secs]899.591: [scrub symbol table, 0.0072592 secs]899.598: [scrub string table, 0.0006450 secs][1 CMS-remark: 1376080K(1415616K)] 1397313K(2029056K), 0.0249680 secs] [Times: user=0.14 sys=0.00, real=0.02 secs] 
899.599: [CMS-concurrent-sweep-start]
900.006: [CMS-concurrent-sweep: 0.407/0.407 secs] [Times: user=0.41 sys=0.00, real=0.41 secs] 
900.006: [CMS-concurrent-reset-start]
900.007: [CMS-concurrent-reset: 0.001/0.001 secs] [Times: user=0.00 sys=0.00, real=0.00 secs] 
902.007: [GC (CMS Initial Mark) [1 CMS-initial-mark: 1376077K(1415616K)] 1403690K(2029056K), 0.0183657 secs] [Times: user=0.13 sys=0.00, real=0.02 secs] 
902.026: [CMS-concurrent-mark-start]
903.305: [CMS-concurrent-mark: 1.279/1.279 secs] [Times: user=2.56 sys=0.00, real=1.28 secs] 
903.305: [CMS-concurrent-preclean-start]
903.308: [CMS-concurrent-preclean: 0.003/0.003 secs] [Times: user=0.00 sys=0.00, real=0.00 secs] 
903.308: [CMS-concurrent-abortable-preclean-start]
 CMS: abort preclean due to time 908.407: [CMS-concurrent-abortable-preclean: 2.037/5.099 secs] [Times: user=2.06 sys=0.00, real=5.10 secs] 
908.407: [GC (CMS Final Remark) [YG occupancy: 35690 K (613440 K)]908.407: [Rescan (parallel) , 0.0155218 secs]908.423: [weak refs processing, 0.0001615 secs]908.423: [class unloading, 0.0063789 secs]908.429: [scrub symbol table, 0.0053979 secs]908.435: [scrub string table, 0.0007125 secs][1 CMS-remark: 1376077K(1415616K)] 1411768K(2029056K), 0.0283617 secs] [Times: user=0.13 sys=0.00, real=0.03 secs] 
908.436: [CMS-concurrent-sweep-start]
908.839: [CMS-concurrent-sweep: 0.404/0.404 secs] [Times: user=0.42 sys=0.00, real=0.40 secs] 
908.839: [CMS-concurrent-reset-start]
908.840: [CMS-concurrent-reset: 0.001/0.001 secs] [Times: user=0.00 sys=0.00, real=0.00 secs] 
910.841: [GC (CMS Initial Mark) [1 CMS-initial-mark: 1376018K(1415616K)] 1417558K(2029056K), 0.0294327 secs] [Times: user=0.25 sys=0.00, real=0.03 secs] 
910.871: [CMS-concurrent-mark-start]
912.145: [CMS-concurrent-mark: 1.275/1.275 secs] [Times: user=2.56 sys=0.00, real=1.28 secs] 
912.145: [CMS-concurrent-preclean-start]
912.148: [CMS-concurrent-preclean: 0.003/0.003 secs] [Times: user=0.00 sys=0.00, real=0.00 secs] 
912.148: [CMS-concurrent-abortable-preclean-start]
 CMS: abort preclean due to time 917.211: [CMS-concurrent-abortable-preclean: 1.970/5.062 secs] [Times: user=1.92 sys=0.00, real=5.06 secs] 
917.211: [GC (CMS Final Remark) [YG occupancy: 56029 K (613440 K)]917.211: [Rescan (parallel) , 0.0169718 secs]917.228: [weak refs processing, 0.0001626 secs]917.228: [class unloading, 0.0084012 secs]917.237: [scrub symbol table, 0.0050750 secs]917.242: [scrub string table, 0.0006285 secs][1 CMS-remark: 1376018K(1415616K)] 1432047K(2029056K), 0.0314120 secs] [Times: user=0.14 sys=0.00, real=0.03 secs] 
917.242: [CMS-concurrent-sweep-start]
917.663: [CMS-concurrent-sweep: 0.420/0.420 secs] [Times: user=0.42 sys=0.00, real=0.42 secs] 
917.663: [CMS-concurrent-reset-start]
917.664: [CMS-concurrent-reset: 0.001/0.001 secs] [Times: user=0.00 sys=0.00, real=0.00 secs] 
919.665: [GC (CMS Initial Mark) [1 CMS-initial-mark: 1376017K(1415616K)] 1435692K(2029056K), 0.0480186 secs] [Times: user=0.38 sys=0.00, real=0.05 secs] 
919.713: [CMS-concurrent-mark-start]
920.980: [CMS-concurrent-mark: 1.267/1.267 secs] [Times: user=2.53 sys=0.00, real=1.27 secs] 
920.980: [CMS-concurrent-preclean-start]
920.984: [CMS-concurrent-preclean: 0.003/0.003 secs] [Times: user=0.02 sys=0.00, real=0.00 secs] 
920.984: [CMS-concurrent-abortable-preclean-start]
 CMS: abort preclean due to time 926.034: [CMS-concurrent-abortable-preclean: 1.945/5.050 secs] [Times: user=1.92 sys=0.00, real=5.05 secs] 
926.034: [GC (CMS Final Remark) [YG occupancy: 69134 K (613440 K)]926.034: [Rescan (parallel) , 0.0223503 secs]926.057: [weak refs processing, 0.0001480 secs]926.057: [class unloading, 0.0062786 secs]926.063: [scrub symbol table, 0.0051232 secs]926.068: [scrub string table, 0.0006502 secs][1 CMS-remark: 1376017K(1415616K)] 1445152K(2029056K), 0.0347208 secs] [Times: user=0.14 sys=0.00, real=0.03 secs] 
926.069: [CMS-concurrent-sweep-start]
926.473: [CMS-concurrent-sweep: 0.404/0.404 secs] [Times: user=0.41 sys=0.00, real=0.40 secs] 
926.473: [CMS-concurrent-reset-start]
926.474: [CMS-concurrent-reset: 0.001/0.001 secs] [Times: user=0.00 sys=0.00, real=0.00 secs] 
928.474: [GC (CMS Initial Mark) [1 CMS-initial-mark: 1376011K(1415616K)] 1458123K(2029056K), 0.0715568 secs] [Times: user=0.50 sys=0.00, real=0.07 secs] 
928.546: [CMS-concurrent-mark-start]
929.822: [CMS-concurrent-mark: 1.276/1.276 secs] [Times: user=2.53 sys=0.00, real=1.27 secs] 
929.822: [CMS-concurrent-preclean-start]
929.825: [CMS-concurrent-preclean: 0.004/0.004 secs] [Times: user=0.00 sys=0.00, real=0.00 secs] 
929.825: [CMS-concurrent-abortable-preclean-start]
 CMS: abort preclean due to time 934.925: [CMS-concurrent-abortable-preclean: 1.999/5.100 secs] [Times: user=2.00 sys=0.00, real=5.10 secs] 
934.926: [GC (CMS Final Remark) [YG occupancy: 91586 K (613440 K)]934.926: [Rescan (parallel) , 0.0323629 secs]934.958: [weak refs processing, 0.0001946 secs]934.958: [class unloading, 0.0063986 secs]934.965: [scrub symbol table, 0.0053975 secs]934.970: [scrub string table, 0.0006707 secs][1 CMS-remark: 1376011K(1415616K)] 1467597K(2029056K), 0.0452150 secs] [Times: user=0.27 sys=0.00, real=0.05 secs] 
934.971: [CMS-concurrent-sweep-start]
935.380: [CMS-concurrent-sweep: 0.408/0.408 secs] [Times: user=0.41 sys=0.00, real=0.41 secs] 
935.380: [CMS-concurrent-reset-start]
935.381: [CMS-concurrent-reset: 0.001/0.001 secs] [Times: user=0.00 sys=0.00, real=0.00 secs] 
937.381: [GC (CMS Initial Mark) [1 CMS-initial-mark: 1376011K(1415616K)] 1471261K(2029056K), 0.0827682 secs] [Times: user=0.63 sys=0.00, real=0.08 secs] 
937.463: [CMS-concurrent-mark-start]
938.738: [CMS-concurrent-mark: 1.274/1.274 secs] [Times: user=2.56 sys=0.00, real=1.27 secs] 
938.738: [CMS-concurrent-preclean-start]
938.740: [CMS-concurrent-preclean: 0.003/0.003 secs] [Times: user=0.00 sys=0.00, real=0.00 secs] 
938.740: [CMS-concurrent-abortable-preclean-start]
 CMS: abort preclean due to time 943.745: [CMS-concurrent-abortable-preclean: 1.981/5.004 secs] [Times: user=1.98 sys=0.00, real=5.00 secs] 
943.745: [GC (CMS Final Remark) [YG occupancy: 102586 K (613440 K)]943.745: [Rescan (parallel) , 0.0429183 secs]943.788: [weak refs processing, 0.0001761 secs]943.788: [class unloading, 0.0063240 secs]943.795: [scrub symbol table, 0.0051662 secs]943.800: [scrub string table, 0.0006754 secs][1 CMS-remark: 1376011K(1415616K)] 1478598K(2029056K), 0.0554471 secs] [Times: user=0.39 sys=0.00, real=0.06 secs] 
943.801: [CMS-concurrent-sweep-start]
944.207: [CMS-concurrent-sweep: 0.407/0.407 secs] [Times: user=0.41 sys=0.00, real=0.41 secs] 
944.207: [CMS-concurrent-reset-start]
944.208: [CMS-concurrent-reset: 0.001/0.001 secs] [Times: user=0.00 sys=0.00, real=0.00 secs] 
946.209: [GC (CMS Initial Mark) [1 CMS-initial-mark: 1376011K(1415616K)] 1482796K(2029056K), 0.0915705 secs] [Times: user=0.75 sys=0.00, real=0.09 secs] 
946.300: [CMS-concurrent-mark-start]
947.573: [CMS-concurrent-mark: 1.273/1.273 secs] [Times: user=2.53 sys=0.00, real=1.27 secs] 
947.573: [CMS-concurrent-preclean-start]
947.575: [CMS-concurrent-preclean: 0.002/0.003 secs] [Times: user=0.00 sys=0.00, real=0.00 secs] 
947.575: [CMS-concurrent-abortable-preclean-start]
 CMS: abort preclean due to time 952.591: [CMS-concurrent-abortable-preclean: 2.024/5.015 secs] [Times: user=2.08 sys=0.00, real=5.02 secs] 
952.591: [GC (CMS Final Remark) [YG occupancy: 114736 K (613440 K)]952.591: [Rescan (parallel) , 0.0455727 secs]952.637: [weak refs processing, 0.0001393 secs]952.637: [class unloading, 0.0063789 secs]952.643: [scrub symbol table, 0.0051263 secs]952.648: [scrub string table, 0.0006494 secs][1 CMS-remark: 1376011K(1415616K)] 1490747K(2029056K), 0.0580348 secs] [Times: user=0.39 sys=0.00, real=0.06 secs] 
952.649: [CMS-concurrent-sweep-start]
953.055: [CMS-concurrent-sweep: 0.406/0.406 secs] [Times: user=0.41 sys=0.00, real=0.40 secs] 
953.055: [CMS-concurrent-reset-start]
953.056: [CMS-concurrent-reset: 0.001/0.001 secs] [Times: user=0.00 sys=0.00, real=0.00 secs] 
955.056: [GC (CMS Initial Mark) [1 CMS-initial-mark: 1376011K(1415616K)] 1495087K(2029056K), 0.1027129 secs] [Times: user=0.88 sys=0.00, real=0.10 secs] 
955.159: [CMS-concurrent-mark-start]
956.434: [CMS-concurrent-mark: 1.275/1.275 secs] [Times: user=2.53 sys=0.00, real=1.28 secs] 
956.434: [CMS-concurrent-preclean-start]
956.437: [CMS-concurrent-preclean: 0.002/0.003 secs] [Times: user=0.00 sys=0.00, real=0.00 secs] 
956.437: [CMS-concurrent-abortable-preclean-start]
 CMS: abort preclean due to time 961.455: [CMS-concurrent-abortable-preclean: 2.018/5.019 secs] [Times: user=2.06 sys=0.00, real=5.02 secs] 
961.456: [GC (CMS Final Remark) [YG occupancy: 128793 K (613440 K)]961.456: [Rescan (parallel) , 0.0256852 secs]961.482: [weak refs processing, 0.0001942 secs]961.482: [class unloading, 0.0073587 secs]961.489: [scrub symbol table, 0.0063761 secs]961.496: [scrub string table, 0.0007429 secs][1 CMS-remark: 1376011K(1415616K)] 1504805K(2029056K), 0.0405597 secs] [Times: user=0.14 sys=0.00, real=0.04 secs] 
961.496: [CMS-concurrent-sweep-start]
961.903: [CMS-concurrent-sweep: 0.406/0.406 secs] [Times: user=0.41 sys=0.00, real=0.41 secs] 
961.903: [CMS-concurrent-reset-start]
961.904: [CMS-concurrent-reset: 0.001/0.001 secs] [Times: user=0.00 sys=0.00, real=0.00 secs] 
963.905: [GC (CMS Initial Mark) [1 CMS-initial-mark: 1376011K(1415616K)] 1507048K(2029056K), 0.1131906 secs] [Times: user=1.00 sys=0.00, real=0.11 secs] 
964.018: [CMS-concurrent-mark-start]
965.292: [CMS-concurrent-mark: 1.273/1.273 secs] [Times: user=2.53 sys=0.00, real=1.27 secs] 
965.292: [CMS-concurrent-preclean-start]
965.295: [CMS-concurrent-preclean: 0.003/0.003 secs] [Times: user=0.00 sys=0.00, real=0.00 secs] 
965.295: [CMS-concurrent-abortable-preclean-start]
 CMS: abort preclean due to time 970.325: [CMS-concurrent-abortable-preclean: 1.979/5.030 secs] [Times: user=2.14 sys=0.00, real=5.03 secs] 
970.326: [GC (CMS Final Remark) [YG occupancy: 139738 K (613440 K)]970.326: [Rescan (parallel) , 0.0463026 secs]970.372: [weak refs processing, 0.0001678 secs]970.372: [class unloading, 0.0064697 secs]970.379: [scrub symbol table, 0.0052203 secs]970.384: [scrub string table, 0.0006695 secs][1 CMS-remark: 1376011K(1415616K)] 1515749K(2029056K), 0.0590067 secs] [Times: user=0.39 sys=0.00, real=0.06 secs] 
970.385: [CMS-concurrent-sweep-start]
970.789: [CMS-concurrent-sweep: 0.404/0.404 secs] [Times: user=0.41 sys=0.00, real=0.40 secs] 
970.789: [CMS-concurrent-reset-start]
970.790: [CMS-concurrent-reset: 0.001/0.001 secs] [Times: user=0.00 sys=0.00, real=0.00 secs] 
972.790: [GC (CMS Initial Mark) [1 CMS-initial-mark: 1376011K(1415616K)] 1519229K(2029056K), 0.1231116 secs] [Times: user=1.00 sys=0.00, real=0.12 secs] 
972.914: [CMS-concurrent-mark-start]
974.192: [CMS-concurrent-mark: 1.276/1.278 secs] [Times: user=2.56 sys=0.00, real=1.28 secs] 
974.192: [CMS-concurrent-preclean-start]
974.195: [CMS-concurrent-preclean: 0.003/0.003 secs] [Times: user=0.00 sys=0.00, real=0.00 secs] 
974.196: [CMS-concurrent-abortable-preclean-start]
 CMS: abort preclean due to time 979.282: [CMS-concurrent-abortable-preclean: 1.998/5.086 secs] [Times: user=2.30 sys=0.00, real=5.09 secs] 
979.282: [GC (CMS Final Remark) [YG occupancy: 151994 K (613440 K)]979.282: [Rescan (parallel) , 0.0457097 secs]979.328: [weak refs processing, 0.0001682 secs]979.328: [class unloading, 0.0063670 secs]979.335: [scrub symbol table, 0.0052925 secs]979.340: [scrub string table, 0.0007327 secs][1 CMS-remark: 1376011K(1415616K)] 1528006K(2029056K), 0.0584500 secs] [Times: user=0.38 sys=0.00, real=0.06 secs] 
979.341: [CMS-concurrent-sweep-start]
979.741: [CMS-concurrent-sweep: 0.400/0.400 secs] [Times: user=0.41 sys=0.00, real=0.40 secs] 
979.741: [CMS-concurrent-reset-start]
979.742: [CMS-concurrent-reset: 0.001/0.001 secs] [Times: user=0.00 sys=0.00, real=0.00 secs] 
981.742: [GC (CMS Initial Mark) [1 CMS-initial-mark: 1376011K(1415616K)] 1530820K(2029056K), 0.1326576 secs] [Times: user=1.02 sys=0.00, real=0.13 secs] 
981.874: [CMS-concurrent-mark-start]
983.141: [CMS-concurrent-mark: 1.266/1.266 secs] [Times: user=2.53 sys=0.00, real=1.27 secs] 
983.141: [CMS-concurrent-preclean-start]
983.144: [CMS-concurrent-preclean: 0.003/0.003 secs] [Times: user=0.00 sys=0.00, real=0.00 secs] 
983.144: [CMS-concurrent-abortable-preclean-start]
 CMS: abort preclean due to time 988.193: [CMS-concurrent-abortable-preclean: 2.010/5.049 secs] [Times: user=1.94 sys=0.00, real=5.05 secs] 
988.193: [GC (CMS Final Remark) [YG occupancy: 165937 K (613440 K)]988.193: [Rescan (parallel) , 0.0540832 secs]988.247: [weak refs processing, 0.0001772 secs]988.247: [class unloading, 0.0063718 secs]988.254: [scrub symbol table, 0.0050817 secs]988.259: [scrub string table, 0.0006719 secs][1 CMS-remark: 1376011K(1415616K)] 1541948K(2029056K), 0.0665572 secs] [Times: user=0.39 sys=0.00, real=0.07 secs] 
988.260: [CMS-concurrent-sweep-start]
988.664: [CMS-concurrent-sweep: 0.405/0.405 secs] [Times: user=0.41 sys=0.00, real=0.40 secs] 
988.665: [CMS-concurrent-reset-start]
988.666: [CMS-concurrent-reset: 0.001/0.001 secs] [Times: user=0.00 sys=0.00, real=0.00 secs] 
990.666: [GC (CMS Initial Mark) [1 CMS-initial-mark: 1376011K(1415616K)] 1544511K(2029056K), 0.1434123 secs] [Times: user=1.13 sys=0.00, real=0.14 secs] 
990.810: [CMS-concurrent-mark-start]
992.079: [CMS-concurrent-mark: 1.270/1.270 secs] [Times: user=2.56 sys=0.00, real=1.27 secs] 
992.079: [CMS-concurrent-preclean-start]
992.082: [CMS-concurrent-preclean: 0.003/0.003 secs] [Times: user=0.00 sys=0.00, real=0.00 secs] 
992.082: [CMS-concurrent-abortable-preclean-start]
 CMS: abort preclean due to time 997.092: [CMS-concurrent-abortable-preclean: 2.007/5.009 secs] [Times: user=2.09 sys=0.00, real=5.01 secs] 
997.092: [GC (CMS Final Remark) [YG occupancy: 177796 K (613440 K)]997.092: [Rescan (parallel) , 0.0968078 secs]997.189: [weak refs processing, 0.0001532 secs]997.189: [class unloading, 0.0065569 secs]997.196: [scrub symbol table, 0.0051571 secs]997.201: [scrub string table, 0.0006735 secs][1 CMS-remark: 1376011K(1415616K)] 1553808K(2029056K), 0.1095667 secs] [Times: user=0.88 sys=0.00, real=0.11 secs] 
997.202: [CMS-concurrent-sweep-start]
997.605: [CMS-concurrent-sweep: 0.403/0.403 secs] [Times: user=0.45 sys=0.00, real=0.40 secs] 
997.605: [CMS-concurrent-reset-start]
997.606: [CMS-concurrent-reset: 0.001/0.001 secs] [Times: user=0.00 sys=0.00, real=0.00 secs] 
999.606: [GC (CMS Initial Mark) [1 CMS-initial-mark: 1376011K(1415616K)] 1556774K(2029056K), 0.1533117 secs] [Times: user=1.25 sys=0.00, real=0.15 secs] 
999.759: [CMS-concurrent-mark-start]
1001.035: [CMS-concurrent-mark: 1.275/1.275 secs] [Times: user=2.56 sys=0.00, real=1.28 secs] 
1001.035: [CMS-concurrent-preclean-start]
1001.037: [CMS-concurrent-preclean: 0.003/0.003 secs] [Times: user=0.00 sys=0.00, real=0.00 secs] 
1001.037: [CMS-concurrent-abortable-preclean-start]
 CMS: abort preclean due to time 1006.082: [CMS-concurrent-abortable-preclean: 2.081/5.045 secs] [Times: user=2.13 sys=0.00, real=5.05 secs] 
1006.082: [GC (CMS Final Remark) [YG occupancy: 190751 K (613440 K)]1006.082: [Rescan (parallel) , 0.0732566 secs]1006.156: [weak refs processing, 0.0001650 secs]1006.156: [class unloading, 0.0064140 secs]1006.162: [scrub symbol table, 0.0051618 secs]1006.167: [scrub string table, 0.0006573 secs][1 CMS-remark: 1376011K(1415616K)] 1566763K(2029056K), 0.0858406 secs] [Times: user=0.63 sys=0.00, real=0.09 secs] 
1006.168: [CMS-concurrent-sweep-start]
1006.571: [CMS-concurrent-sweep: 0.403/0.403 secs] [Times: user=0.41 sys=0.00, real=0.40 secs] 
1006.571: [CMS-concurrent-reset-start]
1006.572: [CMS-concurrent-reset: 0.001/0.001 secs] [Times: user=0.00 sys=0.00, real=0.00 secs] 
1008.572: [GC (CMS Initial Mark) [1 CMS-initial-mark: 1376011K(1415616K)] 1570888K(2029056K), 0.1651196 secs] [Times: user=1.38 sys=0.00, real=0.16 secs] 
1008.737: [CMS-concurrent-mark-start]
1010.020: [CMS-concurrent-mark: 1.282/1.282 secs] [Times: user=2.56 sys=0.00, real=1.28 secs] 
1010.020: [CMS-concurrent-preclean-start]
1010.022: [CMS-concurrent-preclean: 0.003/0.003 secs] [Times: user=0.00 sys=0.00, real=0.00 secs] 
1010.022: [CMS-concurrent-abortable-preclean-start]
 CMS: abort preclean due to time 1015.085: [CMS-concurrent-abortable-preclean: 2.045/5.062 secs] [Times: user=2.11 sys=0.00, real=5.06 secs] 
1015.085: [GC (CMS Final Remark) [YG occupancy: 205060 K (613440 K)]1015.085: [Rescan (parallel) , 0.0906124 secs]1015.176: [weak refs processing, 0.0001804 secs]1015.176: [class unloading, 0.0064093 secs]1015.182: [scrub symbol table, 0.0053000 secs]1015.188: [scrub string table, 0.0006762 secs][1 CMS-remark: 1376011K(1415616K)] 1581072K(2029056K), 0.1033860 secs] [Times: user=0.77 sys=0.00, real=0.10 secs] 
1015.189: [CMS-concurrent-sweep-start]
1015.593: [CMS-concurrent-sweep: 0.404/0.404 secs] [Times: user=0.39 sys=0.00, real=0.40 secs] 
1015.593: [CMS-concurrent-reset-start]
1015.594: [CMS-concurrent-reset: 0.001/0.001 secs] [Times: user=0.02 sys=0.00, real=0.00 secs] 
1017.594: [GC (CMS Initial Mark) [1 CMS-initial-mark: 1376011K(1415616K)] 1585931K(2029056K), 0.1790107 secs] [Times: user=1.38 sys=0.00, real=0.18 secs] 
1017.774: [CMS-concurrent-mark-start]
1019.050: [CMS-concurrent-mark: 1.277/1.277 secs] [Times: user=2.56 sys=0.00, real=1.28 secs] 
1019.050: [CMS-concurrent-preclean-start]
1019.053: [CMS-concurrent-preclean: 0.003/0.003 secs] [Times: user=0.00 sys=0.00, real=0.00 secs] 
1019.053: [CMS-concurrent-abortable-preclean-start]
 CMS: abort preclean due to time 1024.113: [CMS-concurrent-abortable-preclean: 2.061/5.061 secs] [Times: user=2.03 sys=0.00, real=5.06 secs] 
1024.114: [GC (CMS Final Remark) [YG occupancy: 219479 K (613440 K)]1024.114: [Rescan (parallel) , 0.0902686 secs]1024.204: [weak refs processing, 0.0001397 secs]1024.204: [class unloading, 0.0063741 secs]1024.211: [scrub symbol table, 0.0051528 secs]1024.216: [scrub string table, 0.0006427 secs][1 CMS-remark: 1376011K(1415616K)] 1595490K(2029056K), 0.1027516 secs] [Times: user=0.75 sys=0.00, real=0.10 secs] 
1024.217: [CMS-concurrent-sweep-start]
1024.625: [CMS-concurrent-sweep: 0.409/0.409 secs] [Times: user=0.44 sys=0.00, real=0.41 secs] 
1024.625: [CMS-concurrent-reset-start]
1024.627: [CMS-concurrent-reset: 0.001/0.001 secs] [Times: user=0.00 sys=0.00, real=0.00 secs] 
1026.626: [GC (CMS Initial Mark) [1 CMS-initial-mark: 1376011K(1415616K)] 1597907K(2029056K), 0.1899032 secs] [Times: user=1.50 sys=0.00, real=0.19 secs] 
1026.816: [CMS-concurrent-mark-start]
1028.081: [CMS-concurrent-mark: 1.265/1.265 secs] [Times: user=2.53 sys=0.00, real=1.26 secs] 
1028.081: [CMS-concurrent-preclean-start]
1028.084: [CMS-concurrent-preclean: 0.002/0.003 secs] [Times: user=0.00 sys=0.00, real=0.00 secs] 
1028.084: [CMS-concurrent-abortable-preclean-start]
 CMS: abort preclean due to time 1033.224: [CMS-concurrent-abortable-preclean: 2.037/5.140 secs] [Times: user=1.97 sys=0.00, real=5.14 secs] 
1033.224: [GC (CMS Final Remark) [YG occupancy: 232741 K (613440 K)]1033.224: [Rescan (parallel) , 0.0762461 secs]1033.300: [weak refs processing, 0.0001780 secs]1033.301: [class unloading, 0.0064420 secs]1033.307: [scrub symbol table, 0.0051535 secs]1033.312: [scrub string table, 0.0006766 secs][1 CMS-remark: 1376011K(1415616K)] 1608752K(2029056K), 0.0888680 secs] [Times: user=0.64 sys=0.00, real=0.09 secs] 
1033.313: [CMS-concurrent-sweep-start]
1033.717: [CMS-concurrent-sweep: 0.404/0.404 secs] [Times: user=0.39 sys=0.00, real=0.41 secs] 
1033.717: [CMS-concurrent-reset-start]
1033.718: [CMS-concurrent-reset: 0.001/0.001 secs] [Times: user=0.02 sys=0.00, real=0.00 secs] 
1035.718: [GC (CMS Initial Mark) [1 CMS-initial-mark: 1376011K(1415616K)] 1611757K(2029056K), 0.2008660 secs] [Times: user=1.50 sys=0.00, real=0.20 secs] 
1035.919: [CMS-concurrent-mark-start]
1037.193: [CMS-concurrent-mark: 1.275/1.275 secs] [Times: user=2.58 sys=0.00, real=1.27 secs] 
1037.194: [CMS-concurrent-preclean-start]
1037.196: [CMS-concurrent-preclean: 0.003/0.003 secs] [Times: user=0.00 sys=0.00, real=0.00 secs] 
1037.196: [CMS-concurrent-abortable-preclean-start]
 CMS: abort preclean due to time 1042.342: [CMS-concurrent-abortable-preclean: 2.038/5.146 secs] [Times: user=2.06 sys=0.00, real=5.15 secs] 
1042.342: [GC (CMS Final Remark) [YG occupancy: 246202 K (613440 K)]1042.342: [Rescan (parallel) , 0.0768761 secs]1042.419: [weak refs processing, 0.0001832 secs]1042.420: [class unloading, 0.0065087 secs]1042.426: [scrub symbol table, 0.0051062 secs]1042.431: [scrub string table, 0.0006738 secs][1 CMS-remark: 1376011K(1415616K)] 1622214K(2029056K), 0.0895249 secs] [Times: user=0.64 sys=0.00, real=0.09 secs] 
1042.432: [CMS-concurrent-sweep-start]
1042.834: [CMS-concurrent-sweep: 0.402/0.402 secs] [Times: user=0.41 sys=0.00, real=0.40 secs] 
1042.834: [CMS-concurrent-reset-start]
1042.835: [CMS-concurrent-reset: 0.001/0.001 secs] [Times: user=0.00 sys=0.00, real=0.00 secs] 
1044.835: [GC (CMS Initial Mark) [1 CMS-initial-mark: 1376011K(1415616K)] 1626028K(2029056K), 0.2137118 secs] [Times: user=1.74 sys=0.00, real=0.21 secs] 
1045.049: [CMS-concurrent-mark-start]
1046.319: [CMS-concurrent-mark: 1.269/1.269 secs] [Times: user=2.53 sys=0.00, real=1.27 secs] 
1046.319: [CMS-concurrent-preclean-start]
1046.321: [CMS-concurrent-preclean: 0.003/0.003 secs] [Times: user=0.00 sys=0.00, real=0.00 secs] 
1046.322: [CMS-concurrent-abortable-preclean-start]
 CMS: abort preclean due to time 1051.373: [CMS-concurrent-abortable-preclean: 2.005/5.051 secs] [Times: user=2.02 sys=0.00, real=5.05 secs] 
1051.373: [GC (CMS Final Remark) [YG occupancy: 259584 K (613440 K)]1051.373: [Rescan (parallel) , 0.0815390 secs]1051.455: [weak refs processing, 0.0001674 secs]1051.455: [class unloading, 0.0064235 secs]1051.461: [scrub symbol table, 0.0051532 secs]1051.467: [scrub string table, 0.0006810 secs][1 CMS-remark: 1376011K(1415616K)] 1635596K(2029056K), 0.0941420 secs] [Times: user=0.75 sys=0.00, real=0.09 secs] 
1051.467: [CMS-concurrent-sweep-start]
1051.869: [CMS-concurrent-sweep: 0.401/0.401 secs] [Times: user=0.42 sys=0.00, real=0.40 secs] 
1051.869: [CMS-concurrent-reset-start]
1051.870: [CMS-concurrent-reset: 0.001/0.001 secs] [Times: user=0.00 sys=0.00, real=0.00 secs] 
1053.870: [GC (CMS Initial Mark) [1 CMS-initial-mark: 1376011K(1415616K)] 1638869K(2029056K), 0.2255091 secs] [Times: user=1.86 sys=0.00, real=0.23 secs] 
1054.096: [CMS-concurrent-mark-start]
1055.366: [CMS-concurrent-mark: 1.270/1.270 secs] [Times: user=2.53 sys=0.00, real=1.27 secs] 
1055.366: [CMS-concurrent-preclean-start]
1055.370: [CMS-concurrent-preclean: 0.004/0.004 secs] [Times: user=0.00 sys=0.00, real=0.00 secs] 
1055.370: [CMS-concurrent-abortable-preclean-start]
 CMS: abort preclean due to time 1060.387: [CMS-concurrent-abortable-preclean: 2.013/5.017 secs] [Times: user=2.03 sys=0.00, real=5.02 secs] 
1060.387: [GC (CMS Final Remark) [YG occupancy: 271191 K (613440 K)]1060.387: [Rescan (parallel) , 0.1274251 secs]1060.515: [weak refs processing, 0.0001855 secs]1060.515: [class unloading, 0.0064598 secs]1060.522: [scrub symbol table, 0.0050868 secs]1060.527: [scrub string table, 0.0006746 secs][1 CMS-remark: 1376011K(1415616K)] 1647203K(2029056K), 0.1400285 secs] [Times: user=1.01 sys=0.00, real=0.14 secs] 
1060.528: [CMS-concurrent-sweep-start]
1060.931: [CMS-concurrent-sweep: 0.403/0.403 secs] [Times: user=0.41 sys=0.00, real=0.40 secs] 
1060.931: [CMS-concurrent-reset-start]
1060.932: [CMS-concurrent-reset: 0.001/0.001 secs] [Times: user=0.00 sys=0.00, real=0.00 secs] 
1062.932: [GC (CMS Initial Mark) [1 CMS-initial-mark: 1376011K(1415616K)] 1652375K(2029056K), 0.2373988 secs] [Times: user=1.84 sys=0.00, real=0.24 secs] 
1063.170: [CMS-concurrent-mark-start]
1064.448: [CMS-concurrent-mark: 1.276/1.278 secs] [Times: user=2.58 sys=0.00, real=1.28 secs] 
1064.448: [CMS-concurrent-preclean-start]
1064.451: [CMS-concurrent-preclean: 0.003/0.003 secs] [Times: user=0.00 sys=0.00, real=0.00 secs] 
1064.451: [CMS-concurrent-abortable-preclean-start]
 CMS: abort preclean due to time 1069.584: [CMS-concurrent-abortable-preclean: 2.029/5.133 secs] [Times: user=2.14 sys=0.00, real=5.13 secs] 
1069.584: [GC (CMS Final Remark) [YG occupancy: 286501 K (613440 K)]1069.584: [Rescan (parallel) , 0.0894092 secs]1069.674: [weak refs processing, 0.0001907 secs]1069.674: [class unloading, 0.0064701 secs]1069.680: [scrub symbol table, 0.0052088 secs]1069.685: [scrub string table, 0.0006632 secs][1 CMS-remark: 1376011K(1415616K)] 1662512K(2029056K), 0.1021322 secs] [Times: user=0.75 sys=0.00, real=0.10 secs] 
1069.686: [CMS-concurrent-sweep-start]
1070.091: [CMS-concurrent-sweep: 0.405/0.405 secs] [Times: user=0.42 sys=0.00, real=0.40 secs] 
1070.091: [CMS-concurrent-reset-start]
1070.092: [CMS-concurrent-reset: 0.001/0.001 secs] [Times: user=0.00 sys=0.00, real=0.00 secs] 
1072.093: [GC (CMS Initial Mark) [1 CMS-initial-mark: 1376011K(1415616K)] 1666090K(2029056K), 0.1557738 secs] [Times: user=1.22 sys=0.00, real=0.16 secs] 
1072.248: [CMS-concurrent-mark-start]
1073.520: [CMS-concurrent-mark: 1.272/1.272 secs] [Times: user=2.58 sys=0.00, real=1.27 secs] 
1073.520: [CMS-concurrent-preclean-start]
1073.523: [CMS-concurrent-preclean: 0.003/0.003 secs] [Times: user=0.00 sys=0.00, real=0.00 secs] 
1073.523: [CMS-concurrent-abortable-preclean-start]
 CMS: abort preclean due to time 1078.647: [CMS-concurrent-abortable-preclean: 2.018/5.125 secs] [Times: user=2.13 sys=0.00, real=5.13 secs] 
1078.648: [GC (CMS Final Remark) [YG occupancy: 306273 K (613440 K)]1078.648: [Rescan (parallel) , 0.0973016 secs]1078.745: [weak refs processing, 0.0001772 secs]1078.745: [class unloading, 0.0064657 secs]1078.752: [scrub symbol table, 0.0052724 secs]1078.757: [scrub string table, 0.0006687 secs][1 CMS-remark: 1376011K(1415616K)] 1682285K(2029056K), 0.1100562 secs] [Times: user=0.77 sys=0.00, real=0.11 secs] 
1078.758: [CMS-concurrent-sweep-start]
1079.181: [CMS-concurrent-sweep: 0.423/0.423 secs] [Times: user=0.42 sys=0.00, real=0.42 secs] 
1079.181: [CMS-concurrent-reset-start]
1079.182: [CMS-concurrent-reset: 0.001/0.001 secs] [Times: user=0.00 sys=0.00, real=0.00 secs] 
1081.183: [GC (CMS Initial Mark) [1 CMS-initial-mark: 1376011K(1415616K)] 1687524K(2029056K), 0.2700748 secs] [Times: user=2.17 sys=0.00, real=0.27 secs] 
1081.453: [CMS-concurrent-mark-start]
1082.725: [CMS-concurrent-mark: 1.272/1.272 secs] [Times: user=2.53 sys=0.00, real=1.27 secs] 
1082.725: [CMS-concurrent-preclean-start]
1082.727: [CMS-concurrent-preclean: 0.002/0.003 secs] [Times: user=0.00 sys=0.00, real=0.00 secs] 
1082.727: [CMS-concurrent-abortable-preclean-start]
 CMS: abort preclean due to time 1087.805: [CMS-concurrent-abortable-preclean: 1.952/5.078 secs] [Times: user=1.88 sys=0.00, real=5.08 secs] 
1087.806: [GC (CMS Final Remark) [YG occupancy: 319824 K (613440 K)]1087.806: [Rescan (parallel) , 0.1417453 secs]1087.948: [weak refs processing, 0.0002171 secs]1087.948: [class unloading, 0.0066153 secs]1087.954: [scrub symbol table, 0.0053529 secs]1087.960: [scrub string table, 0.0006727 secs][1 CMS-remark: 1376011K(1415616K)] 1695835K(2029056K), 0.1548086 secs] [Times: user=1.14 sys=0.00, real=0.15 secs] 
1087.961: [CMS-concurrent-sweep-start]
1088.363: [CMS-concurrent-sweep: 0.403/0.403 secs] [Times: user=0.41 sys=0.00, real=0.40 secs] 
1088.364: [CMS-concurrent-reset-start]
1088.365: [CMS-concurrent-reset: 0.001/0.001 secs] [Times: user=0.00 sys=0.00, real=0.00 secs] 
1090.365: [GC (CMS Initial Mark) [1 CMS-initial-mark: 1376011K(1415616K)] 1700212K(2029056K), 0.2822064 secs] [Times: user=2.24 sys=0.00, real=0.28 secs] 
1090.647: [CMS-concurrent-mark-start]
1091.925: [CMS-concurrent-mark: 1.277/1.277 secs] [Times: user=2.56 sys=0.00, real=1.28 secs] 
1091.925: [CMS-concurrent-preclean-start]
1091.928: [CMS-concurrent-preclean: 0.003/0.003 secs] [Times: user=0.00 sys=0.00, real=0.00 secs] 
1091.928: [CMS-concurrent-abortable-preclean-start]
 CMS: abort preclean due to time 1096.984: [CMS-concurrent-abortable-preclean: 1.954/5.057 secs] [Times: user=1.97 sys=0.00, real=5.06 secs] 
1096.985: [GC (CMS Final Remark) [YG occupancy: 335241 K (613440 K)]1096.985: [Rescan (parallel) , 0.1304809 secs]1097.115: [weak refs processing, 0.0002846 secs]1097.116: [class unloading, 0.0074893 secs]1097.123: [scrub symbol table, 0.0051326 secs]1097.128: [scrub string table, 0.0006817 secs][1 CMS-remark: 1376011K(1415616K)] 1711253K(2029056K), 0.1442907 secs] [Times: user=1.02 sys=0.00, real=0.14 secs] 
1097.129: [CMS-concurrent-sweep-start]
1097.533: [CMS-concurrent-sweep: 0.404/0.404 secs] [Times: user=0.41 sys=0.00, real=0.40 secs] 
1097.533: [CMS-concurrent-reset-start]
1097.534: [CMS-concurrent-reset: 0.001/0.001 secs] [Times: user=0.00 sys=0.00, real=0.00 secs] 
1099.534: [GC (CMS Initial Mark) [1 CMS-initial-mark: 1376011K(1415616K)] 1714494K(2029056K), 0.2923694 secs] [Times: user=2.25 sys=0.00, real=0.29 secs] 
1099.826: [CMS-concurrent-mark-start]
1101.101: [CMS-concurrent-mark: 1.273/1.275 secs] [Times: user=2.58 sys=0.00, real=1.28 secs] 
1101.102: [CMS-concurrent-preclean-start]
1101.105: [CMS-concurrent-preclean: 0.003/0.003 secs] [Times: user=0.00 sys=0.00, real=0.00 secs] 
1101.105: [CMS-concurrent-abortable-preclean-start]
 CMS: abort preclean due to time 1106.119: [CMS-concurrent-abortable-preclean: 2.012/5.014 secs] [Times: user=2.03 sys=0.00, real=5.01 secs] 
1106.119: [GC (CMS Final Remark) [YG occupancy: 347851 K (613440 K)]1106.119: [Rescan (parallel) , 0.0687552 secs]1106.188: [weak refs processing, 0.0001267 secs]1106.188: [class unloading, 0.0063370 secs]1106.194: [scrub symbol table, 0.0051239 secs]1106.199: [scrub string table, 0.0006727 secs][1 CMS-remark: 1376011K(1415616K)] 1723862K(2029056K), 0.0811643 secs] [Times: user=0.63 sys=0.00, real=0.08 secs] 
1106.200: [CMS-concurrent-sweep-start]
1106.604: [CMS-concurrent-sweep: 0.404/0.404 secs] [Times: user=0.41 sys=0.00, real=0.40 secs] 
1106.604: [CMS-concurrent-reset-start]
1106.605: [CMS-concurrent-reset: 0.001/0.001 secs] [Times: user=0.00 sys=0.00, real=0.00 secs] 
1108.605: [GC (CMS Initial Mark) [1 CMS-initial-mark: 1376011K(1415616K)] 1727484K(2029056K), 0.3034724 secs] [Times: user=2.50 sys=0.00, real=0.30 secs] 
1108.909: [CMS-concurrent-mark-start]
1110.186: [CMS-concurrent-mark: 1.278/1.278 secs] [Times: user=2.53 sys=0.00, real=1.28 secs] 
1110.186: [CMS-concurrent-preclean-start]
1110.189: [CMS-concurrent-preclean: 0.002/0.003 secs] [Times: user=0.02 sys=0.00, real=0.00 secs] 
1110.189: [CMS-concurrent-abortable-preclean-start]
 CMS: abort preclean due to time 1115.257: [CMS-concurrent-abortable-preclean: 1.874/5.068 secs] [Times: user=1.89 sys=0.02, real=5.07 secs] 
1115.257: [GC (CMS Final Remark) [YG occupancy: 361970 K (613440 K)]1115.258: [Rescan (parallel) , 0.1707560 secs]1115.428: [weak refs processing, 0.0002495 secs]1115.429: [class unloading, 0.0065407 secs]1115.435: [scrub symbol table, 0.0051682 secs]1115.440: [scrub string table, 0.0006814 secs][1 CMS-remark: 1376011K(1415616K)] 1737981K(2029056K), 0.1836242 secs] [Times: user=1.39 sys=0.00, real=0.18 secs] 
1115.441: [CMS-concurrent-sweep-start]
1115.843: [CMS-concurrent-sweep: 0.402/0.402 secs] [Times: user=0.41 sys=0.00, real=0.40 secs] 
1115.843: [CMS-concurrent-reset-start]
1115.845: [CMS-concurrent-reset: 0.001/0.001 secs] [Times: user=0.00 sys=0.00, real=0.00 secs] 
1117.845: [GC (CMS Initial Mark) [1 CMS-initial-mark: 1376011K(1415616K)] 1740504K(2029056K), 0.3151307 secs] [Times: user=2.50 sys=0.00, real=0.32 secs] 
1118.160: [CMS-concurrent-mark-start]
1119.433: [CMS-concurrent-mark: 1.272/1.274 secs] [Times: user=2.53 sys=0.00, real=1.27 secs] 
1119.434: [CMS-concurrent-preclean-start]
1119.436: [CMS-concurrent-preclean: 0.003/0.003 secs] [Times: user=0.00 sys=0.00, real=0.00 secs] 
1119.436: [CMS-concurrent-abortable-preclean-start]
 CMS: abort preclean due to time 1124.446: [CMS-concurrent-abortable-preclean: 2.006/5.009 secs] [Times: user=2.00 sys=0.00, real=5.01 secs] 
1124.446: [GC (CMS Final Remark) [YG occupancy: 374865 K (613440 K)]1124.446: [Rescan (parallel) , 0.0742644 secs]1124.520: [weak refs processing, 0.0001255 secs]1124.520: [class unloading, 0.0061965 secs]1124.527: [scrub symbol table, 0.0053754 secs]1124.532: [scrub string table, 0.0006873 secs][1 CMS-remark: 1376011K(1415616K)] 1750876K(2029056K), 0.0868090 secs] [Times: user=0.64 sys=0.00, real=0.09 secs] 
1124.533: [CMS-concurrent-sweep-start]
1124.935: [CMS-concurrent-sweep: 0.403/0.403 secs] [Times: user=0.39 sys=0.00, real=0.40 secs] 
1124.935: [CMS-concurrent-reset-start]
1124.937: [CMS-concurrent-reset: 0.001/0.001 secs] [Times: user=0.02 sys=0.00, real=0.00 secs] 
1126.938: [GC (CMS Initial Mark) [1 CMS-initial-mark: 1376011K(1415616K)] 1756040K(2029056K), 0.1784032 secs] [Times: user=1.36 sys=0.00, real=0.18 secs] 
1127.116: [CMS-concurrent-mark-start]
1128.379: [CMS-concurrent-mark: 1.263/1.263 secs] [Times: user=2.53 sys=0.00, real=1.26 secs] 
1128.379: [CMS-concurrent-preclean-start]
1128.382: [CMS-concurrent-preclean: 0.003/0.003 secs] [Times: user=0.00 sys=0.00, real=0.00 secs] 
1128.382: [CMS-concurrent-abortable-preclean-start]
 CMS: abort preclean due to time 1133.392: [CMS-concurrent-abortable-preclean: 2.004/5.010 secs] [Times: user=1.95 sys=0.00, real=5.01 secs] 
1133.393: [GC (CMS Final Remark) [YG occupancy: 389474 K (613440 K)]1133.393: [Rescan (parallel) , 0.1175416 secs]1133.510: [weak refs processing, 0.0002479 secs]1133.511: [class unloading, 0.0071001 secs]1133.518: [scrub symbol table, 0.0051334 secs]1133.523: [scrub string table, 0.0006679 secs][1 CMS-remark: 1376011K(1415616K)] 1765485K(2029056K), 0.1308804 secs] [Times: user=0.89 sys=0.00, real=0.13 secs] 
1133.524: [CMS-concurrent-sweep-start]
1133.926: [CMS-concurrent-sweep: 0.402/0.402 secs] [Times: user=0.41 sys=0.00, real=0.40 secs] 
1133.926: [CMS-concurrent-reset-start]
1133.927: [CMS-concurrent-reset: 0.001/0.001 secs] [Times: user=0.00 sys=0.00, real=0.00 secs] 
1135.927: [GC (CMS Initial Mark) [1 CMS-initial-mark: 1376011K(1415616K)] 1768165K(2029056K), 0.3404267 secs] [Times: user=2.75 sys=0.00, real=0.34 secs] 
1136.267: [CMS-concurrent-mark-start]
1137.539: [CMS-concurrent-mark: 1.272/1.272 secs] [Times: user=2.53 sys=0.00, real=1.27 secs] 
1137.539: [CMS-concurrent-preclean-start]
1137.543: [CMS-concurrent-preclean: 0.003/0.003 secs] [Times: user=0.00 sys=0.00, real=0.00 secs] 
1137.543: [CMS-concurrent-abortable-preclean-start]
 CMS: abort preclean due to time 1142.668: [CMS-concurrent-abortable-preclean: 2.024/5.125 secs] [Times: user=2.05 sys=0.00, real=5.13 secs] 
1142.668: [GC (CMS Final Remark) [YG occupancy: 403214 K (613440 K)]1142.668: [Rescan (parallel) , 0.1336397 secs]1142.802: [weak refs processing, 0.0001926 secs]1142.802: [class unloading, 0.0064160 secs]1142.808: [scrub symbol table, 0.0050991 secs]1142.814: [scrub string table, 0.0007240 secs][1 CMS-remark: 1376011K(1415616K)] 1779225K(2029056K), 0.1463268 secs] [Times: user=1.14 sys=0.00, real=0.15 secs] 
1142.814: [CMS-concurrent-sweep-start]
1143.222: [CMS-concurrent-sweep: 0.407/0.407 secs] [Times: user=0.41 sys=0.00, real=0.41 secs] 
1143.222: [CMS-concurrent-reset-start]
1143.223: [CMS-concurrent-reset: 0.001/0.001 secs] [Times: user=0.00 sys=0.00, real=0.00 secs] 
1145.223: [GC (CMS Initial Mark) [1 CMS-initial-mark: 1376010K(1415616K)] 1783430K(2029056K), 0.3528951 secs] [Times: user=2.75 sys=0.00, real=0.35 secs] 
1145.576: [CMS-concurrent-mark-start]
1146.854: [CMS-concurrent-mark: 1.278/1.278 secs] [Times: user=2.61 sys=0.00, real=1.28 secs] 
1146.855: [CMS-concurrent-preclean-start]
1146.857: [CMS-concurrent-preclean: 0.003/0.003 secs] [Times: user=0.00 sys=0.00, real=0.00 secs] 
1146.857: [CMS-concurrent-abortable-preclean-start]
 CMS: abort preclean due to time 1151.863: [CMS-concurrent-abortable-preclean: 2.002/5.006 secs] [Times: user=1.95 sys=0.00, real=5.01 secs] 
1151.864: [GC (CMS Final Remark) [YG occupancy: 418519 K (613440 K)]1151.864: [Rescan (parallel) , 0.1682595 secs]1152.032: [weak refs processing, 0.0001753 secs]1152.032: [class unloading, 0.0071230 secs]1152.039: [scrub symbol table, 0.0051520 secs]1152.044: [scrub string table, 0.0007789 secs][1 CMS-remark: 1376010K(1415616K)] 1794530K(2029056K), 0.1817006 secs] [Times: user=1.38 sys=0.00, real=0.18 secs] 
1152.045: [CMS-concurrent-sweep-start]
1152.447: [CMS-concurrent-sweep: 0.402/0.402 secs] [Times: user=0.42 sys=0.00, real=0.40 secs] 
1152.447: [CMS-concurrent-reset-start]
1152.448: [CMS-concurrent-reset: 0.001/0.001 secs] [Times: user=0.00 sys=0.00, real=0.00 secs] 
1154.448: [GC (CMS Initial Mark) [1 CMS-initial-mark: 1376010K(1415616K)] 1798539K(2029056K), 0.3665450 secs] [Times: user=3.00 sys=0.00, real=0.37 secs] 
1154.815: [CMS-concurrent-mark-start]
1156.079: [CMS-concurrent-mark: 1.264/1.264 secs] [Times: user=2.53 sys=0.00, real=1.27 secs] 
1156.079: [CMS-concurrent-preclean-start]
1156.082: [CMS-concurrent-preclean: 0.003/0.003 secs] [Times: user=0.00 sys=0.00, real=0.00 secs] 
1156.082: [CMS-concurrent-abortable-preclean-start]
 CMS: abort preclean due to time 1161.173: [CMS-concurrent-abortable-preclean: 2.084/5.091 secs] [Times: user=2.17 sys=0.00, real=5.09 secs] 
1161.174: [GC (CMS Final Remark) [YG occupancy: 432128 K (613440 K)]1161.174: [Rescan (parallel) , 0.1435276 secs]1161.317: [weak refs processing, 0.0001765 secs]1161.317: [class unloading, 0.0064353 secs]1161.324: [scrub symbol table, 0.0053308 secs]1161.329: [scrub string table, 0.0007706 secs][1 CMS-remark: 1376010K(1415616K)] 1808139K(2029056K), 0.1564137 secs] [Times: user=1.14 sys=0.00, real=0.16 secs] 
1161.330: [CMS-concurrent-sweep-start]
1161.729: [CMS-concurrent-sweep: 0.399/0.399 secs] [Times: user=0.39 sys=0.00, real=0.40 secs] 
1161.729: [CMS-concurrent-reset-start]
1161.730: [CMS-concurrent-reset: 0.001/0.001 secs] [Times: user=0.00 sys=0.00, real=0.00 secs] 
1163.731: [GC (CMS Initial Mark) [1 CMS-initial-mark: 1376010K(1415616K)] 1812622K(2029056K), 0.3794930 secs] [Times: user=3.13 sys=0.00, real=0.38 secs] 
1164.111: [CMS-concurrent-mark-start]
1165.402: [CMS-concurrent-mark: 1.291/1.291 secs] [Times: user=2.56 sys=0.00, real=1.29 secs] 
1165.402: [CMS-concurrent-preclean-start]
1165.405: [CMS-concurrent-preclean: 0.003/0.003 secs] [Times: user=0.00 sys=0.00, real=0.00 secs] 
1165.405: [CMS-concurrent-abortable-preclean-start]
 CMS: abort preclean due to time 1170.423: [CMS-concurrent-abortable-preclean: 2.046/5.017 secs] [Times: user=2.02 sys=0.00, real=5.02 secs] 
1170.423: [GC (CMS Final Remark) [YG occupancy: 447526 K (613440 K)]1170.423: [Rescan (parallel) , 0.1853138 secs]1170.608: [weak refs processing, 0.0002830 secs]1170.609: [class unloading, 0.0071680 secs]1170.616: [scrub symbol table, 0.0052424 secs]1170.621: [scrub string table, 0.0006687 secs][1 CMS-remark: 1376010K(1415616K)] 1823537K(2029056K), 0.1988930 secs] [Times: user=1.39 sys=0.00, real=0.20 secs] 
1170.622: [CMS-concurrent-sweep-start]
1171.026: [CMS-concurrent-sweep: 0.404/0.404 secs] [Times: user=0.41 sys=0.00, real=0.40 secs] 
1171.026: [CMS-concurrent-reset-start]
1171.027: [CMS-concurrent-reset: 0.001/0.001 secs] [Times: user=0.00 sys=0.00, real=0.00 secs] 
1173.026: [GC (CMS Initial Mark) [1 CMS-initial-mark: 1376010K(1415616K)] 1826753K(2029056K), 0.2398861 secs] [Times: user=2.00 sys=0.00, real=0.24 secs] 
1173.266: [CMS-concurrent-mark-start]
1174.533: [CMS-concurrent-mark: 1.264/1.266 secs] [Times: user=2.53 sys=0.00, real=1.27 secs] 
1174.533: [CMS-concurrent-preclean-start]
1174.536: [CMS-concurrent-preclean: 0.003/0.003 secs] [Times: user=0.00 sys=0.00, real=0.00 secs] 
1174.536: [CMS-concurrent-abortable-preclean-start]
 CMS: abort preclean due to time 1179.546: [CMS-concurrent-abortable-preclean: 2.008/5.011 secs] [Times: user=2.05 sys=0.00, real=5.01 secs] 
1179.547: [GC (CMS Final Remark) [YG occupancy: 459835 K (613440 K)]1179.547: [Rescan (parallel) , 0.2181568 secs]1179.765: [weak refs processing, 0.0001982 secs]1179.765: [class unloading, 0.0065044 secs]1179.772: [scrub symbol table, 0.0052609 secs]1179.777: [scrub string table, 0.0007027 secs][1 CMS-remark: 1376010K(1415616K)] 1835846K(2029056K), 0.2310310 secs] [Times: user=1.64 sys=0.00, real=0.23 secs] 
1179.778: [CMS-concurrent-sweep-start]
1180.182: [CMS-concurrent-sweep: 0.404/0.404 secs] [Times: user=0.41 sys=0.00, real=0.40 secs] 
1180.182: [CMS-concurrent-reset-start]
1180.183: [CMS-concurrent-reset: 0.001/0.001 secs] [Times: user=0.00 sys=0.00, real=0.00 secs] 
1182.184: [GC (CMS Initial Mark) [1 CMS-initial-mark: 1376010K(1415616K)] 1839721K(2029056K), 0.4039490 secs] [Times: user=3.25 sys=0.00, real=0.40 secs] 
1182.588: [CMS-concurrent-mark-start]
1183.861: [CMS-concurrent-mark: 1.273/1.273 secs] [Times: user=2.56 sys=0.00, real=1.27 secs] 
1183.861: [CMS-concurrent-preclean-start]
1183.863: [CMS-concurrent-preclean: 0.002/0.003 secs] [Times: user=0.00 sys=0.00, real=0.00 secs] 
1183.863: [CMS-concurrent-abortable-preclean-start]
 CMS: abort preclean due to time 1188.864: [CMS-concurrent-abortable-preclean: 2.000/5.001 secs] [Times: user=1.98 sys=0.00, real=5.00 secs] 
1188.864: [GC (CMS Final Remark) [YG occupancy: 473884 K (613440 K)]1188.864: [Rescan (parallel) , 0.1435300 secs]1189.008: [weak refs processing, 0.0002317 secs]1189.008: [class unloading, 0.0075900 secs]1189.016: [scrub symbol table, 0.0060745 secs]1189.022: [scrub string table, 0.0006699 secs][1 CMS-remark: 1376010K(1415616K)] 1849895K(2029056K), 0.1582891 secs] [Times: user=1.14 sys=0.00, real=0.16 secs] 
1189.023: [CMS-concurrent-sweep-start]
1189.426: [CMS-concurrent-sweep: 0.403/0.403 secs] [Times: user=0.41 sys=0.00, real=0.40 secs] 
1189.426: [CMS-concurrent-reset-start]
1189.427: [CMS-concurrent-reset: 0.001/0.001 secs] [Times: user=0.00 sys=0.00, real=0.00 secs] 
1191.427: [GC (CMS Initial Mark) [1 CMS-initial-mark: 1376010K(1415616K)] 1855342K(2029056K), 0.4159918 secs] [Times: user=3.27 sys=0.00, real=0.42 secs] 
1191.843: [CMS-concurrent-mark-start]
1193.117: [CMS-concurrent-mark: 1.273/1.273 secs] [Times: user=2.53 sys=0.00, real=1.27 secs] 
1193.117: [CMS-concurrent-preclean-start]
1193.120: [CMS-concurrent-preclean: 0.003/0.003 secs] [Times: user=0.00 sys=0.00, real=0.00 secs] 
1193.120: [CMS-concurrent-abortable-preclean-start]
 CMS: abort preclean due to time 1198.192: [CMS-concurrent-abortable-preclean: 1.971/5.072 secs] [Times: user=1.94 sys=0.02, real=5.07 secs] 
1198.193: [GC (CMS Final Remark) [YG occupancy: 488341 K (613440 K)]1198.193: [Rescan (parallel) , 0.1620235 secs]1198.355: [weak refs processing, 0.0002475 secs]1198.355: [class unloading, 0.0066386 secs]1198.362: [scrub symbol table, 0.0052080 secs]1198.367: [scrub string table, 0.0006790 secs][1 CMS-remark: 1376010K(1415616K)] 1864352K(2029056K), 0.1750008 secs] [Times: user=1.27 sys=0.00, real=0.17 secs] 
1198.368: [CMS-concurrent-sweep-start]
1198.770: [CMS-concurrent-sweep: 0.402/0.402 secs] [Times: user=0.41 sys=0.00, real=0.40 secs] 
1198.770: [CMS-concurrent-reset-start]
1198.771: [CMS-concurrent-reset: 0.001/0.001 secs] [Times: user=0.00 sys=0.00, real=0.00 secs] 
1200.773: [GC (CMS Initial Mark) [1 CMS-initial-mark: 1376010K(1415616K)] 1868489K(2029056K), 0.4271911 secs] [Times: user=3.36 sys=0.00, real=0.43 secs] 
1201.200: [CMS-concurrent-mark-start]
1202.504: [CMS-concurrent-mark: 1.304/1.304 secs] [Times: user=2.64 sys=0.00, real=1.30 secs] 
1202.504: [CMS-concurrent-preclean-start]
1202.506: [CMS-concurrent-preclean: 0.003/0.003 secs] [Times: user=0.00 sys=0.00, real=0.00 secs] 
1202.506: [CMS-concurrent-abortable-preclean-start]
 CMS: abort preclean due to time 1207.594: [CMS-concurrent-abortable-preclean: 2.079/5.087 secs] [Times: user=1.98 sys=0.00, real=5.09 secs] 
1207.594: [GC (CMS Final Remark) [YG occupancy: 501839 K (613440 K)]1207.594: [Rescan (parallel) , 0.2215228 secs]1207.816: [weak refs processing, 0.0002590 secs]1207.816: [class unloading, 0.0065237 secs]1207.822: [scrub symbol table, 0.0053845 secs]1207.828: [scrub string table, 0.0006956 secs][1 CMS-remark: 1376010K(1415616K)] 1877850K(2029056K), 0.2345972 secs] [Times: user=1.77 sys=0.00, real=0.23 secs] 
1207.829: [CMS-concurrent-sweep-start]
1208.233: [CMS-concurrent-sweep: 0.404/0.404 secs] [Times: user=0.39 sys=0.00, real=0.40 secs] 
1208.233: [CMS-concurrent-reset-start]
1208.234: [CMS-concurrent-reset: 0.001/0.001 secs] [Times: user=0.02 sys=0.00, real=0.00 secs] 
1210.234: [GC (CMS Initial Mark) [1 CMS-initial-mark: 1376010K(1415616K)] 1881508K(2029056K), 0.4386619 secs] [Times: user=3.48 sys=0.00, real=0.44 secs] 
1210.673: [CMS-concurrent-mark-start]
1211.954: [CMS-concurrent-mark: 1.279/1.281 secs] [Times: user=2.56 sys=0.00, real=1.28 secs] 
1211.954: [CMS-concurrent-preclean-start]
1211.957: [CMS-concurrent-preclean: 0.003/0.003 secs] [Times: user=0.00 sys=0.00, real=0.00 secs] 
1211.957: [CMS-concurrent-abortable-preclean-start]
 CMS: abort preclean due to time 1216.966: [CMS-concurrent-abortable-preclean: 2.012/5.009 secs] [Times: user=1.95 sys=0.00, real=5.01 secs] 
1216.966: [GC (CMS Final Remark) [YG occupancy: 515383 K (613440 K)]1216.967: [Rescan (parallel) , 0.1016913 secs]1217.068: [weak refs processing, 0.0001808 secs]1217.068: [class unloading, 0.0072197 secs]1217.076: [scrub symbol table, 0.0067274 secs]1217.082: [scrub string table, 0.0006703 secs][1 CMS-remark: 1376010K(1415616K)] 1891394K(2029056K), 0.1166676 secs] [Times: user=0.89 sys=0.00, real=0.12 secs] 
1217.083: [CMS-concurrent-sweep-start]
1217.487: [CMS-concurrent-sweep: 0.404/0.404 secs] [Times: user=0.41 sys=0.00, real=0.40 secs] 
1217.487: [CMS-concurrent-reset-start]
1217.488: [CMS-concurrent-reset: 0.001/0.001 secs] [Times: user=0.00 sys=0.00, real=0.00 secs] 
1219.488: [GC (CMS Initial Mark) [1 CMS-initial-mark: 1376010K(1415616K)] 1895340K(2029056K), 0.4491581 secs] [Times: user=3.52 sys=0.00, real=0.45 secs] 
1219.937: [CMS-concurrent-mark-start]
1221.214: [CMS-concurrent-mark: 1.276/1.276 secs] [Times: user=2.53 sys=0.00, real=1.28 secs] 
1221.214: [CMS-concurrent-preclean-start]
1221.216: [CMS-concurrent-preclean: 0.003/0.003 secs] [Times: user=0.00 sys=0.00, real=0.00 secs] 
1221.216: [CMS-concurrent-abortable-preclean-start]
 CMS: abort preclean due to time 1226.229: [CMS-concurrent-abortable-preclean: 2.029/5.013 secs] [Times: user=1.95 sys=0.00, real=5.01 secs] 
1226.230: [GC (CMS Final Remark) [YG occupancy: 530678 K (613440 K)]1226.230: [Rescan (parallel) , 0.2506113 secs]1226.480: [weak refs processing, 0.0002396 secs]1226.481: [class unloading, 0.0063816 secs]1226.487: [scrub symbol table, 0.0051374 secs]1226.492: [scrub string table, 0.0006644 secs][1 CMS-remark: 1376010K(1415616K)] 1906689K(2029056K), 0.2632463 secs] [Times: user=2.02 sys=0.00, real=0.26 secs] 
1226.493: [CMS-concurrent-sweep-start]
1226.896: [CMS-concurrent-sweep: 0.403/0.403 secs] [Times: user=0.41 sys=0.00, real=0.40 secs] 
1226.896: [CMS-concurrent-reset-start]
1226.897: [CMS-concurrent-reset: 0.001/0.001 secs] [Times: user=0.00 sys=0.00, real=0.00 secs] 
1228.898: [GC (CMS Initial Mark) [1 CMS-initial-mark: 1376010K(1415616K)] 1915230K(2029056K), 0.2289545 secs] [Times: user=1.86 sys=0.00, real=0.23 secs] 
1229.127: [CMS-concurrent-mark-start]
1230.398: [CMS-concurrent-mark: 1.269/1.271 secs] [Times: user=2.53 sys=0.00, real=1.27 secs] 
1230.398: [CMS-concurrent-preclean-start]
1230.401: [CMS-concurrent-preclean: 0.003/0.003 secs] [Times: user=0.00 sys=0.00, real=0.00 secs] 
1230.401: [CMS-concurrent-abortable-preclean-start]
1234.667: [GC (Allocation Failure) 1234.667: [ParNew1234.677: [CMS-concurrent-abortable-preclean: 1.676/4.276 secs] [Times: user=1.88 sys=0.00, real=4.28 secs] 
: 548622K->3929K(613440K), 0.0109959 secs] 1924633K->1379939K(2029056K), 0.0111886 secs] [Times: user=0.13 sys=0.00, real=0.01 secs] 
1234.678: [GC (CMS Final Remark) [YG occupancy: 5666 K (613440 K)]1234.678: [Rescan (parallel) , 0.0071585 secs]1234.686: [weak refs processing, 0.0003659 secs]1234.686: [class unloading, 0.0145930 secs]1234.701: [scrub symbol table, 0.0069146 secs]1234.708: [scrub string table, 0.0009427 secs][1 CMS-remark: 1376010K(1415616K)] 1381677K(2029056K), 0.0302695 secs] [Times: user=0.03 sys=0.00, real=0.03 secs] 
1234.709: [CMS-concurrent-sweep-start]
1235.141: [CMS-concurrent-sweep: 0.432/0.432 secs] [Times: user=0.44 sys=0.00, real=0.43 secs] 
1235.141: [CMS-concurrent-reset-start]
1235.142: [CMS-concurrent-reset: 0.001/0.001 secs] [Times: user=0.00 sys=0.00, real=0.00 secs] 
1237.142: [GC (CMS Initial Mark) [1 CMS-initial-mark: 1376010K(1415616K)] 1390116K(2029056K), 0.0068261 secs] [Times: user=0.00 sys=0.00, real=0.01 secs] 
1237.149: [CMS-concurrent-mark-start]
1238.454: [CMS-concurrent-mark: 1.306/1.306 secs] [Times: user=2.63 sys=0.00, real=1.31 secs] 
1238.454: [CMS-concurrent-preclean-start]
1238.458: [CMS-concurrent-preclean: 0.003/0.003 secs] [Times: user=0.00 sys=0.00, real=0.00 secs] 
1238.458: [CMS-concurrent-abortable-preclean-start]
 CMS: abort preclean due to time 1243.519: [CMS-concurrent-abortable-preclean: 2.259/5.061 secs] [Times: user=2.30 sys=0.00, real=5.06 secs] 
1243.519: [GC (CMS Final Remark) [YG occupancy: 21420 K (613440 K)]1243.519: [Rescan (parallel) , 0.0041627 secs]1243.523: [weak refs processing, 0.0001445 secs]1243.523: [class unloading, 0.0074585 secs]1243.531: [scrub symbol table, 0.0063958 secs]1243.537: [scrub string table, 0.0007461 secs][1 CMS-remark: 1376010K(1415616K)] 1397430K(2029056K), 0.0190569 secs] [Times: user=0.02 sys=0.00, real=0.02 secs] 
1243.538: [CMS-concurrent-sweep-start]
1243.940: [CMS-concurrent-sweep: 0.402/0.402 secs] [Times: user=0.41 sys=0.00, real=0.40 secs] 
1243.940: [CMS-concurrent-reset-start]
1243.941: [CMS-concurrent-reset: 0.001/0.001 secs] [Times: user=0.00 sys=0.00, real=0.00 secs] 
1245.942: [GC (CMS Initial Mark) [1 CMS-initial-mark: 1376008K(1415616K)] 1401958K(2029056K), 0.0174940 secs] [Times: user=0.13 sys=0.00, real=0.02 secs] 
1245.959: [CMS-concurrent-mark-start]
1247.243: [CMS-concurrent-mark: 1.283/1.283 secs] [Times: user=2.56 sys=0.00, real=1.28 secs] 
1247.243: [CMS-concurrent-preclean-start]
1247.245: [CMS-concurrent-preclean: 0.003/0.003 secs] [Times: user=0.00 sys=0.00, real=0.00 secs] 
1247.245: [CMS-concurrent-abortable-preclean-start]
 CMS: abort preclean due to time 1252.347: [CMS-concurrent-abortable-preclean: 2.202/5.101 secs] [Times: user=2.23 sys=0.00, real=5.10 secs] 
1252.347: [GC (CMS Final Remark) [YG occupancy: 34152 K (613440 K)]1252.347: [Rescan (parallel) , 0.0093518 secs]1252.357: [weak refs processing, 0.0001812 secs]1252.357: [class unloading, 0.0095018 secs]1252.366: [scrub symbol table, 0.0051859 secs]1252.372: [scrub string table, 0.0006533 secs][1 CMS-remark: 1376008K(1415616K)] 1410160K(2029056K), 0.0250473 secs] [Times: user=0.02 sys=0.00, real=0.03 secs] 
1252.372: [CMS-concurrent-sweep-start]
1252.794: [CMS-concurrent-sweep: 0.421/0.421 secs] [Times: user=0.42 sys=0.00, real=0.42 secs] 
1252.794: [CMS-concurrent-reset-start]
1252.795: [CMS-concurrent-reset: 0.001/0.001 secs] [Times: user=0.00 sys=0.00, real=0.00 secs] 
1254.795: [GC (CMS Initial Mark) [1 CMS-initial-mark: 1376007K(1415616K)] 1410970K(2029056K), 0.0276606 secs] [Times: user=0.25 sys=0.00, real=0.03 secs] 
1254.823: [CMS-concurrent-mark-start]
1256.111: [CMS-concurrent-mark: 1.288/1.288 secs] [Times: user=2.59 sys=0.00, real=1.29 secs] 
1256.111: [CMS-concurrent-preclean-start]
1256.113: [CMS-concurrent-preclean: 0.003/0.003 secs] [Times: user=0.00 sys=0.00, real=0.00 secs] 
1256.113: [CMS-concurrent-abortable-preclean-start]
 CMS: abort preclean due to time 1261.234: [CMS-concurrent-abortable-preclean: 2.220/5.121 secs] [Times: user=2.24 sys=0.00, real=5.12 secs] 
1261.235: [GC (CMS Final Remark) [YG occupancy: 48019 K (613440 K)]1261.235: [Rescan (parallel) , 0.0141319 secs]1261.249: [weak refs processing, 0.0001808 secs]1261.249: [class unloading, 0.0063658 secs]1261.255: [scrub symbol table, 0.0053616 secs]1261.261: [scrub string table, 0.0006671 secs][1 CMS-remark: 1376007K(1415616K)] 1424027K(2029056K), 0.0268861 secs] [Times: user=0.01 sys=0.00, real=0.03 secs] 
1261.262: [CMS-concurrent-sweep-start]
1261.669: [CMS-concurrent-sweep: 0.407/0.407 secs] [Times: user=0.41 sys=0.00, real=0.41 secs] 
1261.669: [CMS-concurrent-reset-start]
1261.670: [CMS-concurrent-reset: 0.001/0.001 secs] [Times: user=0.00 sys=0.00, real=0.00 secs] 
1263.670: [GC (CMS Initial Mark) [1 CMS-initial-mark: 1376007K(1415616K)] 1427577K(2029056K), 0.0380952 secs] [Times: user=0.38 sys=0.00, real=0.04 secs] 
1263.708: [CMS-concurrent-mark-start]
1264.983: [CMS-concurrent-mark: 1.275/1.275 secs] [Times: user=2.53 sys=0.02, real=1.27 secs] 
1264.983: [CMS-concurrent-preclean-start]
1264.986: [CMS-concurrent-preclean: 0.002/0.003 secs] [Times: user=0.00 sys=0.00, real=0.00 secs] 
1264.986: [CMS-concurrent-abortable-preclean-start]
 CMS: abort preclean due to time 1270.053: [CMS-concurrent-abortable-preclean: 2.201/5.067 secs] [Times: user=2.25 sys=0.00, real=5.07 secs] 
1270.053: [GC (CMS Final Remark) [YG occupancy: 58987 K (613440 K)]1270.053: [Rescan (parallel) , 0.0178612 secs]1270.071: [weak refs processing, 0.0001476 secs]1270.071: [class unloading, 0.0064014 secs]1270.078: [scrub symbol table, 0.0051812 secs]1270.083: [scrub string table, 0.0006521 secs][1 CMS-remark: 1376007K(1415616K)] 1434994K(2029056K), 0.0304057 secs] [Times: user=0.14 sys=0.00, real=0.03 secs] 
1270.084: [CMS-concurrent-sweep-start]
1270.488: [CMS-concurrent-sweep: 0.405/0.405 secs] [Times: user=0.41 sys=0.00, real=0.40 secs] 
1270.488: [CMS-concurrent-reset-start]
1270.489: [CMS-concurrent-reset: 0.001/0.001 secs] [Times: user=0.00 sys=0.00, real=0.00 secs] 
1272.490: [GC (CMS Initial Mark) [1 CMS-initial-mark: 1375987K(1415616K)] 1439207K(2029056K), 0.0492747 secs] [Times: user=0.38 sys=0.00, real=0.05 secs] 
1272.539: [CMS-concurrent-mark-start]
1273.804: [CMS-concurrent-mark: 1.265/1.265 secs] [Times: user=2.53 sys=0.00, real=1.27 secs] 
1273.804: [CMS-concurrent-preclean-start]
1273.807: [CMS-concurrent-preclean: 0.002/0.003 secs] [Times: user=0.00 sys=0.00, real=0.00 secs] 
1273.807: [CMS-concurrent-abortable-preclean-start]
 CMS: abort preclean due to time 1278.860: [CMS-concurrent-abortable-preclean: 2.150/5.054 secs] [Times: user=2.14 sys=0.00, real=5.05 secs] 
1278.861: [GC (CMS Final Remark) [YG occupancy: 73401 K (613440 K)]1278.861: [Rescan (parallel) , 0.0141666 secs]1278.875: [weak refs processing, 0.0001516 secs]1278.875: [class unloading, 0.0063323 secs]1278.881: [scrub symbol table, 0.0050995 secs]1278.887: [scrub string table, 0.0006498 secs][1 CMS-remark: 1375987K(1415616K)] 1449389K(2029056K), 0.0265573 secs] [Times: user=0.13 sys=0.00, real=0.03 secs] 
1278.887: [CMS-concurrent-sweep-start]
1279.312: [CMS-concurrent-sweep: 0.424/0.424 secs] [Times: user=0.44 sys=0.00, real=0.42 secs] 
1279.312: [CMS-concurrent-reset-start]
1279.313: [CMS-concurrent-reset: 0.001/0.001 secs] [Times: user=0.00 sys=0.00, real=0.00 secs] 
1281.313: [GC (CMS Initial Mark) [1 CMS-initial-mark: 1375987K(1415616K)] 1453209K(2029056K), 0.0600926 secs] [Times: user=0.38 sys=0.00, real=0.06 secs] 
1281.373: [CMS-concurrent-mark-start]
1282.651: [CMS-concurrent-mark: 1.278/1.278 secs] [Times: user=2.56 sys=0.00, real=1.28 secs] 
1282.651: [CMS-concurrent-preclean-start]
1282.655: [CMS-concurrent-preclean: 0.003/0.003 secs] [Times: user=0.00 sys=0.00, real=0.00 secs] 
1282.655: [CMS-concurrent-abortable-preclean-start]
 CMS: abort preclean due to time 1287.687: [CMS-concurrent-abortable-preclean: 2.132/5.032 secs] [Times: user=2.17 sys=0.00, real=5.03 secs] 
1287.687: [GC (CMS Final Remark) [YG occupancy: 88158 K (613440 K)]1287.687: [Rescan (parallel) , 0.0269650 secs]1287.714: [weak refs processing, 0.0001761 secs]1287.714: [class unloading, 0.0062747 secs]1287.720: [scrub symbol table, 0.0050943 secs]1287.726: [scrub string table, 0.0006478 secs][1 CMS-remark: 1375987K(1415616K)] 1464146K(2029056K), 0.0393316 secs] [Times: user=0.14 sys=0.02, real=0.04 secs] 
1287.726: [CMS-concurrent-sweep-start]
1288.147: [CMS-concurrent-sweep: 0.421/0.421 secs] [Times: user=0.42 sys=0.00, real=0.42 secs] 
1288.147: [CMS-concurrent-reset-start]
1288.148: [CMS-concurrent-reset: 0.001/0.001 secs] [Times: user=0.00 sys=0.00, real=0.00 secs] 
1290.148: [GC (CMS Initial Mark) [1 CMS-initial-mark: 1375987K(1415616K)] 1467028K(2029056K), 0.0719953 secs] [Times: user=0.59 sys=0.00, real=0.07 secs] 
1290.220: [CMS-concurrent-mark-start]
1291.494: [CMS-concurrent-mark: 1.274/1.274 secs] [Times: user=2.53 sys=0.00, real=1.27 secs] 
1291.494: [CMS-concurrent-preclean-start]
1291.497: [CMS-concurrent-preclean: 0.003/0.003 secs] [Times: user=0.00 sys=0.00, real=0.00 secs] 
1291.497: [CMS-concurrent-abortable-preclean-start]
 CMS: abort preclean due to time 1296.506: [CMS-concurrent-abortable-preclean: 2.204/5.009 secs] [Times: user=2.19 sys=0.00, real=5.01 secs] 
1296.506: [GC (CMS Final Remark) [YG occupancy: 101448 K (613440 K)]1296.506: [Rescan (parallel) , 0.0189294 secs]1296.525: [weak refs processing, 0.0001196 secs]1296.525: [class unloading, 0.0062257 secs]1296.531: [scrub symbol table, 0.0050624 secs]1296.537: [scrub string table, 0.0006442 secs][1 CMS-remark: 1375987K(1415616K)] 1477436K(2029056K), 0.0311289 secs] [Times: user=0.14 sys=0.00, real=0.03 secs] 
1296.537: [CMS-concurrent-sweep-start]
1296.939: [CMS-concurrent-sweep: 0.402/0.402 secs] [Times: user=0.41 sys=0.00, real=0.40 secs] 
1296.939: [CMS-concurrent-reset-start]
1296.941: [CMS-concurrent-reset: 0.001/0.001 secs] [Times: user=0.00 sys=0.00, real=0.00 secs] 
1298.941: [GC (CMS Initial Mark) [1 CMS-initial-mark: 1375987K(1415616K)] 1480412K(2029056K), 0.0833166 secs] [Times: user=0.63 sys=0.00, real=0.08 secs] 
1299.024: [CMS-concurrent-mark-start]
1300.297: [CMS-concurrent-mark: 1.273/1.273 secs] [Times: user=2.56 sys=0.00, real=1.27 secs] 
1300.297: [CMS-concurrent-preclean-start]
1300.301: [CMS-concurrent-preclean: 0.003/0.003 secs] [Times: user=0.00 sys=0.00, real=0.00 secs] 
1300.301: [CMS-concurrent-abortable-preclean-start]
 CMS: abort preclean due to time 1305.393: [CMS-concurrent-abortable-preclean: 2.186/5.092 secs] [Times: user=2.17 sys=0.00, real=5.09 secs] 
1305.393: [GC (CMS Final Remark) [YG occupancy: 114152 K (613440 K)]1305.393: [Rescan (parallel) , 0.0356986 secs]1305.429: [weak refs processing, 0.0001792 secs]1305.429: [class unloading, 0.0064199 secs]1305.436: [scrub symbol table, 0.0050833 secs]1305.441: [scrub string table, 0.0006723 secs][1 CMS-remark: 1375987K(1415616K)] 1490139K(2029056K), 0.0482258 secs] [Times: user=0.27 sys=0.00, real=0.05 secs] 
1305.442: [CMS-concurrent-sweep-start]
1305.847: [CMS-concurrent-sweep: 0.405/0.405 secs] [Times: user=0.41 sys=0.00, real=0.40 secs] 
1305.847: [CMS-concurrent-reset-start]
1305.848: [CMS-concurrent-reset: 0.001/0.001 secs] [Times: user=0.00 sys=0.00, real=0.00 secs] 
1307.848: [GC (CMS Initial Mark) [1 CMS-initial-mark: 1375987K(1415616K)] 1493567K(2029056K), 0.0939908 secs] [Times: user=0.75 sys=0.00, real=0.09 secs] 
1307.942: [CMS-concurrent-mark-start]
1309.214: [CMS-concurrent-mark: 1.272/1.272 secs] [Times: user=2.53 sys=0.00, real=1.27 secs] 
1309.214: [CMS-concurrent-preclean-start]
1309.217: [CMS-concurrent-preclean: 0.003/0.003 secs] [Times: user=0.00 sys=0.00, real=0.00 secs] 
1309.217: [CMS-concurrent-abortable-preclean-start]
 CMS: abort preclean due to time 1314.260: [CMS-concurrent-abortable-preclean: 2.143/5.043 secs] [Times: user=2.19 sys=0.02, real=5.04 secs] 
1314.260: [GC (CMS Final Remark) [YG occupancy: 127420 K (613440 K)]1314.260: [Rescan (parallel) , 0.0240332 secs]1314.284: [weak refs processing, 0.0001243 secs]1314.284: [class unloading, 0.0061491 secs]1314.291: [scrub symbol table, 0.0051097 secs]1314.296: [scrub string table, 0.0006419 secs][1 CMS-remark: 1375987K(1415616K)] 1503407K(2029056K), 0.0362166 secs] [Times: user=0.27 sys=0.00, real=0.04 secs] 
1314.296: [CMS-concurrent-sweep-start]
1314.710: [CMS-concurrent-sweep: 0.413/0.413 secs] [Times: user=0.41 sys=0.00, real=0.41 secs] 
1314.710: [CMS-concurrent-reset-start]
1314.711: [CMS-concurrent-reset: 0.001/0.001 secs] [Times: user=0.00 sys=0.00, real=0.00 secs] 
1316.711: [GC (CMS Initial Mark) [1 CMS-initial-mark: 1375987K(1415616K)] 1508375K(2029056K), 0.0564348 secs] [Times: user=0.50 sys=0.00, real=0.06 secs] 
1316.767: [CMS-concurrent-mark-start]
1318.060: [CMS-concurrent-mark: 1.293/1.293 secs] [Times: user=2.56 sys=0.00, real=1.29 secs] 
1318.060: [CMS-concurrent-preclean-start]
1318.064: [CMS-concurrent-preclean: 0.003/0.004 secs] [Times: user=0.02 sys=0.00, real=0.00 secs] 
1318.064: [CMS-concurrent-abortable-preclean-start]
 CMS: abort preclean due to time 1323.118: [CMS-concurrent-abortable-preclean: 2.151/5.054 secs] [Times: user=2.16 sys=0.00, real=5.05 secs] 
1323.119: [GC (CMS Final Remark) [YG occupancy: 142383 K (613440 K)]1323.119: [Rescan (parallel) , 0.0424588 secs]1323.161: [weak refs processing, 0.0001776 secs]1323.161: [class unloading, 0.0066603 secs]1323.168: [scrub symbol table, 0.0051022 secs]1323.173: [scrub string table, 0.0006596 secs][1 CMS-remark: 1375987K(1415616K)] 1518370K(2029056K), 0.0552407 secs] [Times: user=0.39 sys=0.00, real=0.06 secs] 
1323.174: [CMS-concurrent-sweep-start]
1323.577: [CMS-concurrent-sweep: 0.403/0.403 secs] [Times: user=0.41 sys=0.00, real=0.40 secs] 
1323.577: [CMS-concurrent-reset-start]
1323.578: [CMS-concurrent-reset: 0.001/0.001 secs] [Times: user=0.01 sys=0.00, real=0.00 secs] 
1325.577: [GC (CMS Initial Mark) [1 CMS-initial-mark: 1375987K(1415616K)] 1522507K(2029056K), 0.1182119 secs] [Times: user=0.88 sys=0.00, real=0.12 secs] 
1325.696: [CMS-concurrent-mark-start]
1326.974: [CMS-concurrent-mark: 1.278/1.278 secs] [Times: user=2.56 sys=0.00, real=1.28 secs] 
1326.974: [CMS-concurrent-preclean-start]
1326.977: [CMS-concurrent-preclean: 0.003/0.003 secs] [Times: user=0.00 sys=0.00, real=0.00 secs] 
1326.977: [CMS-concurrent-abortable-preclean-start]
 CMS: abort preclean due to time 1331.995: [CMS-concurrent-abortable-preclean: 2.157/5.018 secs] [Times: user=2.14 sys=0.00, real=5.02 secs] 
1331.995: [GC (CMS Final Remark) [YG occupancy: 156587 K (613440 K)]1331.995: [Rescan (parallel) , 0.0294496 secs]1332.025: [weak refs processing, 0.0001753 secs]1332.025: [class unloading, 0.0068194 secs]1332.032: [scrub symbol table, 0.0050525 secs]1332.037: [scrub string table, 0.0006391 secs][1 CMS-remark: 1375987K(1415616K)] 1532574K(2029056K), 0.0423108 secs] [Times: user=0.26 sys=0.00, real=0.04 secs] 
1332.037: [CMS-concurrent-sweep-start]
1332.444: [CMS-concurrent-sweep: 0.406/0.407 secs] [Times: user=0.41 sys=0.00, real=0.41 secs] 
1332.444: [CMS-concurrent-reset-start]
1332.445: [CMS-concurrent-reset: 0.001/0.001 secs] [Times: user=0.00 sys=0.00, real=0.00 secs] 
1334.445: [GC (CMS Initial Mark) [1 CMS-initial-mark: 1375987K(1415616K)] 1536887K(2029056K), 0.1300913 secs] [Times: user=1.00 sys=0.00, real=0.13 secs] 
1334.575: [CMS-concurrent-mark-start]
1335.840: [CMS-concurrent-mark: 1.265/1.265 secs] [Times: user=2.53 sys=0.00, real=1.27 secs] 
1335.841: [CMS-concurrent-preclean-start]
1335.843: [CMS-concurrent-preclean: 0.003/0.003 secs] [Times: user=0.00 sys=0.00, real=0.00 secs] 
1335.843: [CMS-concurrent-abortable-preclean-start]
 CMS: abort preclean due to time 1340.881: [CMS-concurrent-abortable-preclean: 2.137/5.037 secs] [Times: user=2.17 sys=0.00, real=5.04 secs] 
1340.881: [GC (CMS Final Remark) [YG occupancy: 171318 K (613440 K)]1340.881: [Rescan (parallel) , 0.0515844 secs]1340.933: [weak refs processing, 0.0001772 secs]1340.933: [class unloading, 0.0064709 secs]1340.939: [scrub symbol table, 0.0050714 secs]1340.944: [scrub string table, 0.0007121 secs][1 CMS-remark: 1375987K(1415616K)] 1547305K(2029056K), 0.0641938 secs] [Times: user=0.39 sys=0.00, real=0.06 secs] 
1340.945: [CMS-concurrent-sweep-start]
1341.350: [CMS-concurrent-sweep: 0.405/0.405 secs] [Times: user=0.41 sys=0.00, real=0.41 secs] 
1341.350: [CMS-concurrent-reset-start]
1341.351: [CMS-concurrent-reset: 0.001/0.001 secs] [Times: user=0.00 sys=0.00, real=0.00 secs] 
1343.351: [GC (CMS Initial Mark) [1 CMS-initial-mark: 1375987K(1415616K)] 1551023K(2029056K), 0.1423118 secs] [Times: user=1.13 sys=0.00, real=0.14 secs] 
1343.493: [CMS-concurrent-mark-start]
1344.757: [CMS-concurrent-mark: 1.263/1.263 secs] [Times: user=2.53 sys=0.00, real=1.26 secs] 
1344.757: [CMS-concurrent-preclean-start]
1344.760: [CMS-concurrent-preclean: 0.003/0.003 secs] [Times: user=0.00 sys=0.00, real=0.00 secs] 
1344.760: [CMS-concurrent-abortable-preclean-start]
 CMS: abort preclean due to time 1349.792: [CMS-concurrent-abortable-preclean: 2.181/5.032 secs] [Times: user=2.17 sys=0.00, real=5.03 secs] 
1349.792: [GC (CMS Final Remark) [YG occupancy: 186989 K (613440 K)]1349.792: [Rescan (parallel) , 0.0559244 secs]1349.848: [weak refs processing, 0.0001840 secs]1349.848: [class unloading, 0.0064274 secs]1349.855: [scrub symbol table, 0.0051784 secs]1349.860: [scrub string table, 0.0006727 secs][1 CMS-remark: 1375987K(1415616K)] 1562976K(2029056K), 0.0685653 secs] [Times: user=0.51 sys=0.00, real=0.07 secs] 
1349.861: [CMS-concurrent-sweep-start]
1350.281: [CMS-concurrent-sweep: 0.420/0.420 secs] [Times: user=0.42 sys=0.00, real=0.42 secs] 
1350.281: [CMS-concurrent-reset-start]
1350.282: [CMS-concurrent-reset: 0.001/0.001 secs] [Times: user=0.00 sys=0.00, real=0.00 secs] 
1352.281: [GC (CMS Initial Mark) [1 CMS-initial-mark: 1375987K(1415616K)] 1565341K(2029056K), 0.1543159 secs] [Times: user=1.13 sys=0.00, real=0.15 secs] 
1352.436: [CMS-concurrent-mark-start]
1353.718: [CMS-concurrent-mark: 1.282/1.282 secs] [Times: user=2.59 sys=0.00, real=1.28 secs] 
1353.718: [CMS-concurrent-preclean-start]
1353.721: [CMS-concurrent-preclean: 0.002/0.003 secs] [Times: user=0.02 sys=0.00, real=0.00 secs] 
1353.721: [CMS-concurrent-abortable-preclean-start]
 CMS: abort preclean due to time 1358.787: [CMS-concurrent-abortable-preclean: 2.157/5.066 secs] [Times: user=2.13 sys=0.02, real=5.07 secs] 
1358.787: [GC (CMS Final Remark) [YG occupancy: 199589 K (613440 K)]1358.787: [Rescan (parallel) , 0.0601234 secs]1358.847: [weak refs processing, 0.0001816 secs]1358.847: [class unloading, 0.0064795 secs]1358.854: [scrub symbol table, 0.0052479 secs]1358.859: [scrub string table, 0.0006687 secs][1 CMS-remark: 1375987K(1415616K)] 1575576K(2029056K), 0.0728839 secs] [Times: user=0.52 sys=0.00, real=0.07 secs] 
1358.860: [CMS-concurrent-sweep-start]
1359.263: [CMS-concurrent-sweep: 0.403/0.403 secs] [Times: user=0.39 sys=0.00, real=0.40 secs] 
1359.263: [CMS-concurrent-reset-start]
1359.264: [CMS-concurrent-reset: 0.001/0.001 secs] [Times: user=0.00 sys=0.00, real=0.00 secs] 
1361.264: [GC (CMS Initial Mark) [1 CMS-initial-mark: 1375987K(1415616K)] 1579096K(2029056K), 0.1651291 secs] [Times: user=1.38 sys=0.00, real=0.17 secs] 
1361.429: [CMS-concurrent-mark-start]
1362.700: [CMS-concurrent-mark: 1.271/1.271 secs] [Times: user=2.53 sys=0.00, real=1.27 secs] 
1362.700: [CMS-concurrent-preclean-start]
1362.703: [CMS-concurrent-preclean: 0.003/0.003 secs] [Times: user=0.01 sys=0.00, real=0.00 secs] 
1362.703: [CMS-concurrent-abortable-preclean-start]
 CMS: abort preclean due to time 1367.789: [CMS-concurrent-abortable-preclean: 2.186/5.086 secs] [Times: user=2.25 sys=0.00, real=5.09 secs] 
1367.790: [GC (CMS Final Remark) [YG occupancy: 214324 K (613440 K)]1367.790: [Rescan (parallel) , 0.0587880 secs]1367.849: [weak refs processing, 0.0001654 secs]1367.849: [class unloading, 0.0062810 secs]1367.855: [scrub symbol table, 0.0051689 secs]1367.860: [scrub string table, 0.0006466 secs][1 CMS-remark: 1375987K(1415616K)] 1590311K(2029056K), 0.0712145 secs] [Times: user=0.52 sys=0.00, real=0.07 secs] 
1367.861: [CMS-concurrent-sweep-start]
1368.267: [CMS-concurrent-sweep: 0.406/0.406 secs] [Times: user=0.41 sys=0.00, real=0.41 secs] 
1368.267: [CMS-concurrent-reset-start]
1368.268: [CMS-concurrent-reset: 0.001/0.001 secs] [Times: user=0.00 sys=0.00, real=0.00 secs] 
1370.269: [GC (CMS Initial Mark) [1 CMS-initial-mark: 1375987K(1415616K)] 1593249K(2029056K), 0.1767815 secs] [Times: user=1.38 sys=0.00, real=0.18 secs] 
1370.446: [CMS-concurrent-mark-start]
1371.716: [CMS-concurrent-mark: 1.270/1.270 secs] [Times: user=2.53 sys=0.00, real=1.27 secs] 
1371.716: [CMS-concurrent-preclean-start]
1371.719: [CMS-concurrent-preclean: 0.003/0.003 secs] [Times: user=0.02 sys=0.00, real=0.00 secs] 
1371.719: [CMS-concurrent-abortable-preclean-start]
 CMS: abort preclean due to time 1376.858: [CMS-concurrent-abortable-preclean: 2.234/5.139 secs] [Times: user=2.23 sys=0.00, real=5.14 secs] 
1376.858: [GC (CMS Final Remark) [YG occupancy: 227538 K (613440 K)]1376.858: [Rescan (parallel) , 0.0845557 secs]1376.943: [weak refs processing, 0.0001772 secs]1376.943: [class unloading, 0.0064278 secs]1376.950: [scrub symbol table, 0.0050699 secs]1376.955: [scrub string table, 0.0006687 secs][1 CMS-remark: 1375987K(1415616K)] 1603525K(2029056K), 0.0970924 secs] [Times: user=0.64 sys=0.01, real=0.10 secs] 
1376.956: [CMS-concurrent-sweep-start]
1377.360: [CMS-concurrent-sweep: 0.405/0.405 secs] [Times: user=0.41 sys=0.00, real=0.40 secs] 
1377.360: [CMS-concurrent-reset-start]
1377.362: [CMS-concurrent-reset: 0.001/0.001 secs] [Times: user=0.00 sys=0.00, real=0.00 secs] 
1379.362: [GC (CMS Initial Mark) [1 CMS-initial-mark: 1375987K(1415616K)] 1611372K(2029056K), 0.1948720 secs] [Times: user=1.50 sys=0.00, real=0.20 secs] 
1379.557: [CMS-concurrent-mark-start]
1380.828: [CMS-concurrent-mark: 1.270/1.272 secs] [Times: user=2.56 sys=0.00, real=1.27 secs] 
1380.829: [CMS-concurrent-preclean-start]
1380.832: [CMS-concurrent-preclean: 0.003/0.003 secs] [Times: user=0.00 sys=0.00, real=0.00 secs] 
1380.832: [CMS-concurrent-abortable-preclean-start]
 CMS: abort preclean due to time 1385.913: [CMS-concurrent-abortable-preclean: 2.169/5.081 secs] [Times: user=2.16 sys=0.00, real=5.08 secs] 
1385.913: [GC (CMS Final Remark) [YG occupancy: 246119 K (613440 K)]1385.914: [Rescan (parallel) , 0.0792675 secs]1385.993: [weak refs processing, 0.0001457 secs]1385.993: [class unloading, 0.0070421 secs]1386.000: [scrub symbol table, 0.0052057 secs]1386.005: [scrub string table, 0.0006731 secs][1 CMS-remark: 1375987K(1415616K)] 1622106K(2029056K), 0.0925104 secs] [Times: user=0.64 sys=0.00, real=0.09 secs] 
1386.006: [CMS-concurrent-sweep-start]
1386.409: [CMS-concurrent-sweep: 0.403/0.403 secs] [Times: user=0.41 sys=0.00, real=0.40 secs] 
1386.409: [CMS-concurrent-reset-start]
1386.410: [CMS-concurrent-reset: 0.001/0.001 secs] [Times: user=0.00 sys=0.00, real=0.00 secs] 
1388.411: [GC (CMS Initial Mark) [1 CMS-initial-mark: 1375987K(1415616K)] 1625754K(2029056K), 0.2076598 secs] [Times: user=1.63 sys=0.00, real=0.21 secs] 
1388.619: [CMS-concurrent-mark-start]
1389.884: [CMS-concurrent-mark: 1.263/1.265 secs] [Times: user=2.53 sys=0.00, real=1.26 secs] 
1389.884: [CMS-concurrent-preclean-start]
1389.887: [CMS-concurrent-preclean: 0.003/0.003 secs] [Times: user=0.00 sys=0.00, real=0.00 secs] 
1389.887: [CMS-concurrent-abortable-preclean-start]
 CMS: abort preclean due to time 1394.971: [CMS-concurrent-abortable-preclean: 2.116/5.084 secs] [Times: user=2.13 sys=0.00, real=5.08 secs] 
1394.971: [GC (CMS Final Remark) [YG occupancy: 259967 K (613440 K)]1394.971: [Rescan (parallel) , 0.0800369 secs]1395.051: [weak refs processing, 0.0002396 secs]1395.051: [class unloading, 0.0073097 secs]1395.059: [scrub symbol table, 0.0051374 secs]1395.064: [scrub string table, 0.0006723 secs][1 CMS-remark: 1375987K(1415616K)] 1635954K(2029056K), 0.0936015 secs] [Times: user=0.64 sys=0.00, real=0.09 secs] 
1395.065: [CMS-concurrent-sweep-start]
1395.468: [CMS-concurrent-sweep: 0.403/0.403 secs] [Times: user=0.41 sys=0.00, real=0.40 secs] 
1395.468: [CMS-concurrent-reset-start]
1395.469: [CMS-concurrent-reset: 0.001/0.001 secs] [Times: user=0.00 sys=0.00, real=0.00 secs] 
1397.470: [GC (CMS Initial Mark) [1 CMS-initial-mark: 1375987K(1415616K)] 1640875K(2029056K), 0.2200579 secs] [Times: user=1.75 sys=0.00, real=0.22 secs] 
1397.690: [CMS-concurrent-mark-start]
1398.972: [CMS-concurrent-mark: 1.280/1.282 secs] [Times: user=2.56 sys=0.00, real=1.28 secs] 
1398.972: [CMS-concurrent-preclean-start]
1398.975: [CMS-concurrent-preclean: 0.003/0.003 secs] [Times: user=0.00 sys=0.00, real=0.00 secs] 
1398.975: [CMS-concurrent-abortable-preclean-start]
 CMS: abort preclean due to time 1404.102: [CMS-concurrent-abortable-preclean: 2.221/5.127 secs] [Times: user=2.25 sys=0.02, real=5.13 secs] 
1404.102: [GC (CMS Final Remark) [YG occupancy: 275525 K (613440 K)]1404.102: [Rescan (parallel) , 0.1187124 secs]1404.221: [weak refs processing, 0.0002447 secs]1404.221: [class unloading, 0.0064724 secs]1404.228: [scrub symbol table, 0.0052992 secs]1404.233: [scrub string table, 0.0006829 secs][1 CMS-remark: 1375987K(1415616K)] 1651512K(2029056K), 0.1316316 secs] [Times: user=0.98 sys=0.00, real=0.13 secs] 
1404.234: [CMS-concurrent-sweep-start]
1404.631: [CMS-concurrent-sweep: 0.398/0.398 secs] [Times: user=0.45 sys=0.03, real=0.40 secs] 
1404.632: [CMS-concurrent-reset-start]
1404.633: [CMS-concurrent-reset: 0.001/0.001 secs] [Times: user=0.00 sys=0.00, real=0.00 secs] 
1406.632: [GC (CMS Initial Mark) [1 CMS-initial-mark: 1375987K(1415616K)] 1654906K(2029056K), 0.2336253 secs] [Times: user=1.86 sys=0.00, real=0.23 secs] 
1406.866: [CMS-concurrent-mark-start]
1408.155: [CMS-concurrent-mark: 1.289/1.289 secs] [Times: user=2.56 sys=0.00, real=1.29 secs] 
1408.155: [CMS-concurrent-preclean-start]
1408.158: [CMS-concurrent-preclean: 0.003/0.003 secs] [Times: user=0.01 sys=0.00, real=0.00 secs] 
1408.158: [CMS-concurrent-abortable-preclean-start]
 CMS: abort preclean due to time 1413.274: [CMS-concurrent-abortable-preclean: 2.216/5.116 secs] [Times: user=2.22 sys=0.02, real=5.12 secs] 
1413.274: [GC (CMS Final Remark) [YG occupancy: 290011 K (613440 K)]1413.274: [Rescan (parallel) , 0.0981989 secs]1413.372: [weak refs processing, 0.0001962 secs]1413.373: [class unloading, 0.0064424 secs]1413.379: [scrub symbol table, 0.0051370 secs]1413.384: [scrub string table, 0.0006802 secs][1 CMS-remark: 1375987K(1415616K)] 1665998K(2029056K), 0.1108516 secs] [Times: user=0.77 sys=0.00, real=0.11 secs] 
1413.385: [CMS-concurrent-sweep-start]
1413.793: [CMS-concurrent-sweep: 0.408/0.408 secs] [Times: user=0.41 sys=0.00, real=0.41 secs] 
1413.793: [CMS-concurrent-reset-start]
1413.794: [CMS-concurrent-reset: 0.001/0.001 secs] [Times: user=0.00 sys=0.00, real=0.00 secs] 
1415.794: [GC (CMS Initial Mark) [1 CMS-initial-mark: 1375986K(1415616K)] 1670006K(2029056K), 0.2450946 secs] [Times: user=2.00 sys=0.00, real=0.24 secs] 
1416.039: [CMS-concurrent-mark-start]
1417.308: [CMS-concurrent-mark: 1.268/1.268 secs] [Times: user=2.53 sys=0.00, real=1.27 secs] 
1417.308: [CMS-concurrent-preclean-start]
1417.310: [CMS-concurrent-preclean: 0.003/0.003 secs] [Times: user=0.00 sys=0.00, real=0.00 secs] 
1417.310: [CMS-concurrent-abortable-preclean-start]
 CMS: abort preclean due to time 1422.333: [CMS-concurrent-abortable-preclean: 2.124/5.023 secs] [Times: user=2.09 sys=0.02, real=5.02 secs] 
1422.334: [GC (CMS Final Remark) [YG occupancy: 302656 K (613440 K)]1422.334: [Rescan (parallel) , 0.1032285 secs]1422.437: [weak refs processing, 0.0001472 secs]1422.437: [class unloading, 0.0066592 secs]1422.444: [scrub symbol table, 0.0052384 secs]1422.449: [scrub string table, 0.0006695 secs][1 CMS-remark: 1375986K(1415616K)] 1678643K(2029056K), 0.1161185 secs] [Times: user=0.77 sys=0.00, real=0.12 secs] 
1422.450: [CMS-concurrent-sweep-start]
1422.849: [CMS-concurrent-sweep: 0.399/0.399 secs] [Times: user=0.41 sys=0.00, real=0.40 secs] 
1422.849: [CMS-concurrent-reset-start]
1422.850: [CMS-concurrent-reset: 0.001/0.001 secs] [Times: user=0.00 sys=0.00, real=0.00 secs] 
1424.850: [GC (CMS Initial Mark) [1 CMS-initial-mark: 1375986K(1415616K)] 1683187K(2029056K), 0.2566534 secs] [Times: user=2.00 sys=0.00, real=0.26 secs] 
1425.107: [CMS-concurrent-mark-start]
1426.374: [CMS-concurrent-mark: 1.266/1.266 secs] [Times: user=2.56 sys=0.03, real=1.27 secs] 
1426.374: [CMS-concurrent-preclean-start]
1426.377: [CMS-concurrent-preclean: 0.003/0.003 secs] [Times: user=0.01 sys=0.00, real=0.00 secs] 
1426.377: [CMS-concurrent-abortable-preclean-start]
 CMS: abort preclean due to time 1431.386: [CMS-concurrent-abortable-preclean: 2.108/5.009 secs] [Times: user=2.14 sys=0.00, real=5.01 secs] 
1431.386: [GC (CMS Final Remark) [YG occupancy: 318065 K (613440 K)]1431.386: [Rescan (parallel) , 0.0973434 secs]1431.483: [weak refs processing, 0.0001737 secs]1431.484: [class unloading, 0.0063986 secs]1431.490: [scrub symbol table, 0.0051500 secs]1431.495: [scrub string table, 0.0006814 secs][1 CMS-remark: 1375986K(1415616K)] 1694051K(2029056K), 0.1099176 secs] [Times: user=0.88 sys=0.00, real=0.11 secs] 
1431.496: [CMS-concurrent-sweep-start]
1431.899: [CMS-concurrent-sweep: 0.403/0.403 secs] [Times: user=0.41 sys=0.00, real=0.40 secs] 
1431.899: [CMS-concurrent-reset-start]
1431.900: [CMS-concurrent-reset: 0.001/0.001 secs] [Times: user=0.00 sys=0.00, real=0.00 secs] 
1433.900: [GC (CMS Initial Mark) [1 CMS-initial-mark: 1375986K(1415616K)] 1697700K(2029056K), 0.2679486 secs] [Times: user=2.13 sys=0.00, real=0.27 secs] 
1434.168: [CMS-concurrent-mark-start]
1435.444: [CMS-concurrent-mark: 1.276/1.276 secs] [Times: user=2.58 sys=0.00, real=1.28 secs] 
1435.444: [CMS-concurrent-preclean-start]
1435.447: [CMS-concurrent-preclean: 0.003/0.003 secs] [Times: user=0.00 sys=0.00, real=0.00 secs] 
1435.447: [CMS-concurrent-abortable-preclean-start]
 CMS: abort preclean due to time 1440.597: [CMS-concurrent-abortable-preclean: 2.190/5.150 secs] [Times: user=2.25 sys=0.00, real=5.15 secs] 
1440.597: [GC (CMS Final Remark) [YG occupancy: 332907 K (613440 K)]1440.597: [Rescan (parallel) , 0.0977718 secs]1440.695: [weak refs processing, 0.0001694 secs]1440.695: [class unloading, 0.0065889 secs]1440.702: [scrub symbol table, 0.0059166 secs]1440.708: [scrub string table, 0.0006750 secs][1 CMS-remark: 1375986K(1415616K)] 1708894K(2029056K), 0.1112882 secs] [Times: user=0.77 sys=0.00, real=0.11 secs] 
1440.709: [CMS-concurrent-sweep-start]
1441.111: [CMS-concurrent-sweep: 0.402/0.402 secs] [Times: user=0.41 sys=0.00, real=0.40 secs] 
1441.111: [CMS-concurrent-reset-start]
1441.112: [CMS-concurrent-reset: 0.001/0.001 secs] [Times: user=0.00 sys=0.00, real=0.00 secs] 
1443.112: [GC (CMS Initial Mark) [1 CMS-initial-mark: 1375986K(1415616K)] 1713511K(2029056K), 0.2821693 secs] [Times: user=2.25 sys=0.00, real=0.28 secs] 
1443.394: [CMS-concurrent-mark-start]
1444.662: [CMS-concurrent-mark: 1.268/1.268 secs] [Times: user=2.53 sys=0.00, real=1.27 secs] 
1444.662: [CMS-concurrent-preclean-start]
1444.665: [CMS-concurrent-preclean: 0.003/0.003 secs] [Times: user=0.00 sys=0.00, real=0.00 secs] 
1444.665: [CMS-concurrent-abortable-preclean-start]
 CMS: abort preclean due to time 1449.716: [CMS-concurrent-abortable-preclean: 2.161/5.051 secs] [Times: user=2.11 sys=0.00, real=5.05 secs] 
1449.716: [GC (CMS Final Remark) [YG occupancy: 347956 K (613440 K)]1449.716: [Rescan (parallel) , 0.1122234 secs]1449.829: [weak refs processing, 0.0001847 secs]1449.829: [class unloading, 0.0064649 secs]1449.835: [scrub symbol table, 0.0050683 secs]1449.841: [scrub string table, 0.0006742 secs][1 CMS-remark: 1375986K(1415616K)] 1723943K(2029056K), 0.1248000 secs] [Times: user=1.00 sys=0.00, real=0.13 secs] 
1449.841: [CMS-concurrent-sweep-start]
1450.245: [CMS-concurrent-sweep: 0.404/0.404 secs] [Times: user=0.41 sys=0.00, real=0.40 secs] 
1450.245: [CMS-concurrent-reset-start]
1450.246: [CMS-concurrent-reset: 0.001/0.001 secs] [Times: user=0.00 sys=0.00, real=0.00 secs] 
1452.247: [GC (CMS Initial Mark) [1 CMS-initial-mark: 1375984K(1415616K)] 1726793K(2029056K), 0.1803292 secs] [Times: user=1.50 sys=0.00, real=0.18 secs] 
1452.428: [CMS-concurrent-mark-start]
1453.690: [CMS-concurrent-mark: 1.260/1.262 secs] [Times: user=2.50 sys=0.00, real=1.26 secs] 
1453.690: [CMS-concurrent-preclean-start]
1453.693: [CMS-concurrent-preclean: 0.003/0.003 secs] [Times: user=0.00 sys=0.00, real=0.00 secs] 
1453.693: [CMS-concurrent-abortable-preclean-start]
 CMS: abort preclean due to time 1458.809: [CMS-concurrent-abortable-preclean: 2.216/5.116 secs] [Times: user=2.28 sys=0.00, real=5.12 secs] 
1458.809: [GC (CMS Final Remark) [YG occupancy: 362977 K (613440 K)]1458.809: [Rescan (parallel) , 0.1167824 secs]1458.926: [weak refs processing, 0.0001800 secs]1458.926: [class unloading, 0.0064476 secs]1458.933: [scrub symbol table, 0.0051437 secs]1458.938: [scrub string table, 0.0006699 secs][1 CMS-remark: 1375984K(1415616K)] 1738961K(2029056K), 0.1294020 secs] [Times: user=1.02 sys=0.00, real=0.13 secs] 
1458.939: [CMS-concurrent-sweep-start]
1459.350: [CMS-concurrent-sweep: 0.411/0.411 secs] [Times: user=0.42 sys=0.00, real=0.41 secs] 
1459.350: [CMS-concurrent-reset-start]
1459.351: [CMS-concurrent-reset: 0.001/0.001 secs] [Times: user=0.00 sys=0.00, real=0.00 secs] 
1461.351: [GC (CMS Initial Mark) [1 CMS-initial-mark: 1375980K(1415616K)] 1742415K(2029056K), 0.3056593 secs] [Times: user=2.50 sys=0.00, real=0.31 secs] 
1461.657: [CMS-concurrent-mark-start]
1462.930: [CMS-concurrent-mark: 1.273/1.273 secs] [Times: user=2.53 sys=0.00, real=1.27 secs] 
1462.930: [CMS-concurrent-preclean-start]
1462.933: [CMS-concurrent-preclean: 0.003/0.003 secs] [Times: user=0.00 sys=0.00, real=0.00 secs] 
1462.933: [CMS-concurrent-abortable-preclean-start]
 CMS: abort preclean due to time 1467.958: [CMS-concurrent-abortable-preclean: 2.224/5.025 secs] [Times: user=2.14 sys=0.00, real=5.03 secs] 
1467.959: [GC (CMS Final Remark) [YG occupancy: 376287 K (613440 K)]1467.959: [Rescan (parallel) , 0.1217252 secs]1468.080: [weak refs processing, 0.0002562 secs]1468.081: [class unloading, 0.0083681 secs]1468.089: [scrub symbol table, 0.0057196 secs]1468.095: [scrub string table, 0.0006600 secs][1 CMS-remark: 1375980K(1415616K)] 1752268K(2029056K), 0.1369289 secs] [Times: user=1.02 sys=0.00, real=0.14 secs] 
1468.096: [CMS-concurrent-sweep-start]
1468.539: [CMS-concurrent-sweep: 0.443/0.443 secs] [Times: user=1.00 sys=0.00, real=0.44 secs] 
1468.539: [CMS-concurrent-reset-start]
1468.540: [CMS-concurrent-reset: 0.001/0.001 secs] [Times: user=0.00 sys=0.00, real=0.00 secs] 
1470.540: [GC (CMS Initial Mark) [1 CMS-initial-mark: 1375977K(1415616K)] 1827446K(2029056K), 0.4202303 secs] [Times: user=3.38 sys=0.00, real=0.42 secs] 
1470.961: [CMS-concurrent-mark-start]
1472.233: [CMS-concurrent-mark: 1.272/1.272 secs] [Times: user=2.53 sys=0.00, real=1.27 secs] 
1472.233: [CMS-concurrent-preclean-start]
1472.236: [CMS-concurrent-preclean: 0.003/0.003 secs] [Times: user=0.02 sys=0.00, real=0.00 secs] 
1472.236: [CMS-concurrent-abortable-preclean-start]
 CMS: abort preclean due to time 1477.262: [CMS-concurrent-abortable-preclean: 2.189/5.025 secs] [Times: user=2.20 sys=0.00, real=5.03 secs] 
1477.262: [GC (CMS Final Remark) [YG occupancy: 464185 K (613440 K)]1477.262: [Rescan (parallel) , 0.1636582 secs]1477.426: [weak refs processing, 0.0001942 secs]1477.426: [class unloading, 0.0063777 secs]1477.432: [scrub symbol table, 0.0051058 secs]1477.437: [scrub string table, 0.0006790 secs][1 CMS-remark: 1375977K(1415616K)] 1840163K(2029056K), 0.1762024 secs] [Times: user=1.39 sys=0.00, real=0.18 secs] 
1477.438: [CMS-concurrent-sweep-start]
1477.848: [CMS-concurrent-sweep: 0.410/0.410 secs] [Times: user=0.41 sys=0.00, real=0.41 secs] 
1477.848: [CMS-concurrent-reset-start]
1477.849: [CMS-concurrent-reset: 0.001/0.001 secs] [Times: user=0.00 sys=0.00, real=0.00 secs] 
1479.849: [GC (CMS Initial Mark) [1 CMS-initial-mark: 1375959K(1415616K)] 1844059K(2029056K), 0.4353025 secs] [Times: user=3.50 sys=0.00, real=0.44 secs] 
1480.284: [CMS-concurrent-mark-start]
1481.557: [CMS-concurrent-mark: 1.273/1.273 secs] [Times: user=2.53 sys=0.00, real=1.27 secs] 
1481.557: [CMS-concurrent-preclean-start]
1481.560: [CMS-concurrent-preclean: 0.003/0.003 secs] [Times: user=0.00 sys=0.00, real=0.00 secs] 
1481.561: [CMS-concurrent-abortable-preclean-start]
 CMS: abort preclean due to time 1486.582: [CMS-concurrent-abortable-preclean: 2.188/5.022 secs] [Times: user=2.20 sys=0.00, real=5.02 secs] 
1486.583: [GC (CMS Final Remark) [YG occupancy: 478549 K (613440 K)]1486.583: [Rescan (parallel) , 0.0997072 secs]1486.683: [weak refs processing, 0.0001255 secs]1486.683: [class unloading, 0.0062194 secs]1486.689: [scrub symbol table, 0.0052132 secs]1486.694: [scrub string table, 0.0006932 secs][1 CMS-remark: 1375959K(1415616K)] 1854509K(2029056K), 0.1121141 secs] [Times: user=0.77 sys=0.00, real=0.11 secs] 
1486.695: [CMS-concurrent-sweep-start]
1487.099: [CMS-concurrent-sweep: 0.404/0.404 secs] [Times: user=0.41 sys=0.00, real=0.40 secs] 
1487.099: [CMS-concurrent-reset-start]
1487.100: [CMS-concurrent-reset: 0.001/0.001 secs] [Times: user=0.00 sys=0.00, real=0.00 secs] 
1489.100: [GC (CMS Initial Mark) [1 CMS-initial-mark: 1375959K(1415616K)] 1857800K(2029056K), 0.4473920 secs] [Times: user=3.61 sys=0.00, real=0.45 secs] 
1489.548: [CMS-concurrent-mark-start]
1490.829: [CMS-concurrent-mark: 1.282/1.282 secs] [Times: user=2.56 sys=0.00, real=1.28 secs] 
1490.829: [CMS-concurrent-preclean-start]
1490.833: [CMS-concurrent-preclean: 0.003/0.003 secs] [Times: user=0.00 sys=0.00, real=0.00 secs] 
1490.833: [CMS-concurrent-abortable-preclean-start]
 CMS: abort preclean due to time 1495.856: [CMS-concurrent-abortable-preclean: 2.121/5.023 secs] [Times: user=2.14 sys=0.00, real=5.02 secs] 
1495.856: [GC (CMS Final Remark) [YG occupancy: 494230 K (613440 K)]1495.856: [Rescan (parallel) , 0.1575837 secs]1496.014: [weak refs processing, 0.0002424 secs]1496.014: [class unloading, 0.0075280 secs]1496.022: [scrub symbol table, 0.0052609 secs]1496.027: [scrub string table, 0.0007414 secs][1 CMS-remark: 1375959K(1415616K)] 1870190K(2029056K), 0.1715668 secs] [Times: user=1.26 sys=0.00, real=0.17 secs] 
1496.028: [CMS-concurrent-sweep-start]
1496.433: [CMS-concurrent-sweep: 0.406/0.406 secs] [Times: user=0.41 sys=0.00, real=0.41 secs] 
1496.433: [CMS-concurrent-reset-start]
1496.435: [CMS-concurrent-reset: 0.001/0.001 secs] [Times: user=0.00 sys=0.00, real=0.00 secs] 
1498.435: [GC (CMS Initial Mark) [1 CMS-initial-mark: 1375959K(1415616K)] 1873372K(2029056K), 0.4587992 secs] [Times: user=3.75 sys=0.00, real=0.46 secs] 
1498.894: [CMS-concurrent-mark-start]
1500.168: [CMS-concurrent-mark: 1.274/1.274 secs] [Times: user=2.53 sys=0.00, real=1.27 secs] 
1500.168: [CMS-concurrent-preclean-start]
1500.171: [CMS-concurrent-preclean: 0.003/0.003 secs] [Times: user=0.02 sys=0.00, real=0.00 secs] 
1500.171: [CMS-concurrent-abortable-preclean-start]
 CMS: abort preclean due to time 1505.307: [CMS-concurrent-abortable-preclean: 2.196/5.136 secs] [Times: user=2.16 sys=0.02, real=5.13 secs] 
1505.308: [GC (CMS Final Remark) [YG occupancy: 508331 K (613440 K)]1505.308: [Rescan (parallel) , 0.1362850 secs]1505.444: [weak refs processing, 0.0001283 secs]1505.444: [class unloading, 0.0062131 secs]1505.450: [scrub symbol table, 0.0051453 secs]1505.455: [scrub string table, 0.0006782 secs][1 CMS-remark: 1375959K(1415616K)] 1884291K(2029056K), 0.1486219 secs] [Times: user=1.14 sys=0.00, real=0.15 secs] 
1505.456: [CMS-concurrent-sweep-start]
1505.860: [CMS-concurrent-sweep: 0.404/0.404 secs] [Times: user=0.41 sys=0.00, real=0.40 secs] 
1505.860: [CMS-concurrent-reset-start]
1505.861: [CMS-concurrent-reset: 0.001/0.001 secs] [Times: user=0.00 sys=0.00, real=0.00 secs] 
1507.862: [GC (CMS Initial Mark) [1 CMS-initial-mark: 1375959K(1415616K)] 1889217K(2029056K), 0.1119265 secs] [Times: user=0.88 sys=0.00, real=0.11 secs] 
1507.974: [CMS-concurrent-mark-start]
1509.235: [CMS-concurrent-mark: 1.261/1.261 secs] [Times: user=2.53 sys=0.00, real=1.26 secs] 
1509.235: [CMS-concurrent-preclean-start]
1509.238: [CMS-concurrent-preclean: 0.002/0.003 secs] [Times: user=0.00 sys=0.00, real=0.00 secs] 
1509.238: [CMS-concurrent-abortable-preclean-start]
 CMS: abort preclean due to time 1514.310: [CMS-concurrent-abortable-preclean: 2.155/5.072 secs] [Times: user=2.17 sys=0.00, real=5.07 secs] 
1514.310: [GC (CMS Final Remark) [YG occupancy: 527454 K (613440 K)]1514.310: [Rescan (parallel) , 0.1860074 secs]1514.496: [weak refs processing, 0.0001468 secs]1514.496: [class unloading, 0.0063812 secs]1514.503: [scrub symbol table, 0.0052834 secs]1514.508: [scrub string table, 0.0006620 secs][1 CMS-remark: 1375959K(1415616K)] 1903413K(2029056K), 0.1986491 secs] [Times: user=1.51 sys=0.00, real=0.20 secs] 
1514.509: [CMS-concurrent-sweep-start]
1514.911: [CMS-concurrent-sweep: 0.403/0.403 secs] [Times: user=0.41 sys=0.00, real=0.40 secs] 
1514.912: [CMS-concurrent-reset-start]
1514.913: [CMS-concurrent-reset: 0.001/0.001 secs] [Times: user=0.00 sys=0.00, real=0.00 secs] 
1516.913: [GC (CMS Initial Mark) [1 CMS-initial-mark: 1375959K(1415616K)] 1907853K(2029056K), 0.4919008 secs] [Times: user=3.88 sys=0.00, real=0.49 secs] 
1517.405: [CMS-concurrent-mark-start]
1518.674: [CMS-concurrent-mark: 1.270/1.270 secs] [Times: user=2.61 sys=0.00, real=1.27 secs] 
1518.674: [CMS-concurrent-preclean-start]
1518.678: [CMS-concurrent-preclean: 0.003/0.003 secs] [Times: user=0.00 sys=0.00, real=0.00 secs] 
1518.678: [CMS-concurrent-abortable-preclean-start]
 CMS: abort preclean due to time 1523.694: [CMS-concurrent-abortable-preclean: 2.216/5.016 secs] [Times: user=2.22 sys=0.02, real=5.02 secs] 
1523.695: [GC (CMS Final Remark) [YG occupancy: 543964 K (613440 K)]1523.695: [Rescan (parallel) , 0.1128053 secs]1523.808: [weak refs processing, 0.0001840 secs]1523.808: [class unloading, 0.0069781 secs]1523.815: [scrub symbol table, 0.0051421 secs]1523.820: [scrub string table, 0.0006660 secs][1 CMS-remark: 1375959K(1415616K)] 1919924K(2029056K), 0.1259499 secs] [Times: user=0.89 sys=0.00, real=0.13 secs] 
1523.821: [CMS-concurrent-sweep-start]
1524.225: [CMS-concurrent-sweep: 0.404/0.404 secs] [Times: user=0.41 sys=0.00, real=0.40 secs] 
1524.225: [CMS-concurrent-reset-start]
1524.226: [CMS-concurrent-reset: 0.001/0.001 secs] [Times: user=0.00 sys=0.00, real=0.00 secs] 
1526.226: [GC (CMS Initial Mark) [1 CMS-initial-mark: 1375959K(1415616K)] 1922502K(2029056K), 0.5030061 secs] [Times: user=4.00 sys=0.00, real=0.50 secs] 
1526.729: [CMS-concurrent-mark-start]
1527.493: [GC (Allocation Failure) 1527.493: [ParNew: 549110K->9967K(613440K), 0.0058688 secs] 1925069K->1385927K(2029056K), 0.0059486 secs] [Times: user=0.00 sys=0.00, real=0.01 secs] 
1528.015: [CMS-concurrent-mark: 1.279/1.286 secs] [Times: user=2.59 sys=0.00, real=1.29 secs] 
1528.015: [CMS-concurrent-preclean-start]
1528.023: [CMS-concurrent-preclean: 0.007/0.008 secs] [Times: user=0.00 sys=0.00, real=0.01 secs] 
1528.023: [CMS-concurrent-abortable-preclean-start]
 CMS: abort preclean due to time 1533.141: [CMS-concurrent-abortable-preclean: 3.516/5.119 secs] [Times: user=3.49 sys=0.00, real=5.12 secs] 
1533.142: [GC (CMS Final Remark) [YG occupancy: 29408 K (613440 K)]1533.142: [Rescan (parallel) , 0.0094465 secs]1533.151: [weak refs processing, 0.0001421 secs]1533.151: [class unloading, 0.0075426 secs]1533.159: [scrub symbol table, 0.0064116 secs]1533.165: [scrub string table, 0.0007481 secs][1 CMS-remark: 1375959K(1415616K)] 1405368K(2029056K), 0.0244473 secs] [Times: user=0.01 sys=0.00, real=0.03 secs] 
1533.166: [CMS-concurrent-sweep-start]
1533.572: [CMS-concurrent-sweep: 0.405/0.405 secs] [Times: user=0.41 sys=0.00, real=0.40 secs] 
1533.572: [CMS-concurrent-reset-start]
1533.573: [CMS-concurrent-reset: 0.001/0.001 secs] [Times: user=0.00 sys=0.00, real=0.00 secs] 
1535.573: [GC (CMS Initial Mark) [1 CMS-initial-mark: 1375959K(1415616K)] 1409181K(2029056K), 0.0289838 secs] [Times: user=0.25 sys=0.00, real=0.03 secs] 
1535.602: [CMS-concurrent-mark-start]
1536.879: [CMS-concurrent-mark: 1.277/1.277 secs] [Times: user=2.56 sys=0.00, real=1.28 secs] 
1536.879: [CMS-concurrent-preclean-start]
1536.882: [CMS-concurrent-preclean: 0.003/0.003 secs] [Times: user=0.00 sys=0.00, real=0.00 secs] 
1536.882: [CMS-concurrent-abortable-preclean-start]
 CMS: abort preclean due to time 1541.952: [CMS-concurrent-abortable-preclean: 3.369/5.070 secs] [Times: user=3.38 sys=0.00, real=5.07 secs] 
1541.952: [GC (CMS Final Remark) [YG occupancy: 42213 K (613440 K)]1541.952: [Rescan (parallel) , 0.0098393 secs]1541.962: [weak refs processing, 0.0002017 secs]1541.962: [class unloading, 0.0074451 secs]1541.970: [scrub symbol table, 0.0064045 secs]1541.976: [scrub string table, 0.0007646 secs][1 CMS-remark: 1375959K(1415616K)] 1418172K(2029056K), 0.0248191 secs] [Times: user=0.14 sys=0.00, real=0.02 secs] 
1541.977: [CMS-concurrent-sweep-start]
1542.385: [CMS-concurrent-sweep: 0.407/0.407 secs] [Times: user=0.41 sys=0.00, real=0.41 secs] 
1542.385: [CMS-concurrent-reset-start]
1542.386: [CMS-concurrent-reset: 0.001/0.001 secs] [Times: user=0.00 sys=0.00, real=0.00 secs] 
1544.386: [GC (CMS Initial Mark) [1 CMS-initial-mark: 1375956K(1415616K)] 1422064K(2029056K), 0.0368592 secs] [Times: user=0.27 sys=0.00, real=0.04 secs] 
1544.423: [CMS-concurrent-mark-start]
1545.695: [CMS-concurrent-mark: 1.273/1.273 secs] [Times: user=2.53 sys=0.00, real=1.27 secs] 
1545.695: [CMS-concurrent-preclean-start]
1545.698: [CMS-concurrent-preclean: 0.003/0.003 secs] [Times: user=0.00 sys=0.00, real=0.00 secs] 
1545.698: [CMS-concurrent-abortable-preclean-start]
 CMS: abort preclean due to time 1550.891: [CMS-concurrent-abortable-preclean: 3.693/5.193 secs] [Times: user=3.72 sys=0.00, real=5.19 secs] 
1550.891: [GC (CMS Final Remark) [YG occupancy: 54672 K (613440 K)]1550.891: [Rescan (parallel) , 0.0104066 secs]1550.902: [weak refs processing, 0.0001875 secs]1550.902: [class unloading, 0.0061618 secs]1550.908: [scrub symbol table, 0.0051449 secs]1550.913: [scrub string table, 0.0006517 secs][1 CMS-remark: 1375956K(1415616K)] 1430628K(2029056K), 0.0227246 secs] [Times: user=0.02 sys=0.00, real=0.02 secs] 
1550.914: [CMS-concurrent-sweep-start]
1551.321: [CMS-concurrent-sweep: 0.406/0.406 secs] [Times: user=0.41 sys=0.00, real=0.41 secs] 
1551.321: [CMS-concurrent-reset-start]
1551.322: [CMS-concurrent-reset: 0.001/0.001 secs] [Times: user=0.00 sys=0.00, real=0.00 secs] 
1553.322: [GC (CMS Initial Mark) [1 CMS-initial-mark: 1375896K(1415616K)] 1433738K(2029056K), 0.0478729 secs] [Times: user=0.36 sys=0.00, real=0.05 secs] 
1553.370: [CMS-concurrent-mark-start]
1554.640: [CMS-concurrent-mark: 1.270/1.270 secs] [Times: user=2.56 sys=0.00, real=1.27 secs] 
1554.640: [CMS-concurrent-preclean-start]
1554.644: [CMS-concurrent-preclean: 0.003/0.003 secs] [Times: user=0.00 sys=0.00, real=0.00 secs] 
1554.644: [CMS-concurrent-abortable-preclean-start]
 CMS: abort preclean due to time 1559.683: [CMS-concurrent-abortable-preclean: 3.740/5.039 secs] [Times: user=3.72 sys=0.00, real=5.04 secs] 
1559.683: [GC (CMS Final Remark) [YG occupancy: 67841 K (613440 K)]1559.683: [Rescan (parallel) , 0.0135390 secs]1559.697: [weak refs processing, 0.0001543 secs]1559.697: [class unloading, 0.0076038 secs]1559.704: [scrub symbol table, 0.0088856 secs]1559.713: [scrub string table, 0.0007508 secs][1 CMS-remark: 1375896K(1415616K)] 1443737K(2029056K), 0.0310796 secs] [Times: user=0.14 sys=0.00, real=0.03 secs] 
1559.714: [CMS-concurrent-sweep-start]
1560.124: [CMS-concurrent-sweep: 0.410/0.410 secs] [Times: user=0.42 sys=0.00, real=0.41 secs] 
1560.124: [CMS-concurrent-reset-start]
1560.126: [CMS-concurrent-reset: 0.001/0.001 secs] [Times: user=0.00 sys=0.00, real=0.00 secs] 
1562.125: [GC (CMS Initial Mark) [1 CMS-initial-mark: 1375895K(1415616K)] 1447344K(2029056K), 0.0566657 secs] [Times: user=0.38 sys=0.00, real=0.06 secs] 
1562.182: [CMS-concurrent-mark-start]
1563.452: [CMS-concurrent-mark: 1.270/1.270 secs] [Times: user=2.53 sys=0.00, real=1.27 secs] 
1563.452: [CMS-concurrent-preclean-start]
1563.455: [CMS-concurrent-preclean: 0.003/0.003 secs] [Times: user=0.02 sys=0.00, real=0.00 secs] 
1563.455: [CMS-concurrent-abortable-preclean-start]
 CMS: abort preclean due to time 1568.471: [CMS-concurrent-abortable-preclean: 3.618/5.016 secs] [Times: user=3.63 sys=0.00, real=5.02 secs] 
1568.472: [GC (CMS Final Remark) [YG occupancy: 81386 K (613440 K)]1568.472: [Rescan (parallel) , 0.0153691 secs]1568.487: [weak refs processing, 0.0001168 secs]1568.487: [class unloading, 0.0061768 secs]1568.493: [scrub symbol table, 0.0050900 secs]1568.499: [scrub string table, 0.0006517 secs][1 CMS-remark: 1375895K(1415616K)] 1457281K(2029056K), 0.0275651 secs] [Times: user=0.14 sys=0.00, real=0.03 secs] 
1568.499: [CMS-concurrent-sweep-start]
1568.909: [CMS-concurrent-sweep: 0.410/0.410 secs] [Times: user=0.41 sys=0.00, real=0.41 secs] 
1568.909: [CMS-concurrent-reset-start]
1568.910: [CMS-concurrent-reset: 0.001/0.001 secs] [Times: user=0.00 sys=0.00, real=0.00 secs] 
1570.911: [GC (CMS Initial Mark) [1 CMS-initial-mark: 1375895K(1415616K)] 1459855K(2029056K), 0.0673115 secs] [Times: user=0.50 sys=0.00, real=0.07 secs] 
1570.978: [CMS-concurrent-mark-start]
1572.245: [CMS-concurrent-mark: 1.267/1.267 secs] [Times: user=2.53 sys=0.00, real=1.27 secs] 
1572.246: [CMS-concurrent-preclean-start]
1572.249: [CMS-concurrent-preclean: 0.003/0.003 secs] [Times: user=0.01 sys=0.00, real=0.00 secs] 
1572.249: [CMS-concurrent-abortable-preclean-start]
 CMS: abort preclean due to time 1577.258: [CMS-concurrent-abortable-preclean: 3.810/5.009 secs] [Times: user=3.80 sys=0.00, real=5.01 secs] 
1577.259: [GC (CMS Final Remark) [YG occupancy: 92859 K (613440 K)]1577.259: [Rescan (parallel) , 0.0175580 secs]1577.276: [weak refs processing, 0.0001563 secs]1577.276: [class unloading, 0.0061819 secs]1577.283: [scrub symbol table, 0.0051121 secs]1577.288: [scrub string table, 0.0006592 secs][1 CMS-remark: 1375895K(1415616K)] 1468754K(2029056K), 0.0298235 secs] [Times: user=0.14 sys=0.00, real=0.03 secs] 
1577.289: [CMS-concurrent-sweep-start]
1577.694: [CMS-concurrent-sweep: 0.405/0.405 secs] [Times: user=0.41 sys=0.00, real=0.41 secs] 
1577.694: [CMS-concurrent-reset-start]
1577.695: [CMS-concurrent-reset: 0.001/0.001 secs] [Times: user=0.00 sys=0.00, real=0.00 secs] 
1579.695: [GC (CMS Initial Mark) [1 CMS-initial-mark: 1375895K(1415616K)] 1471859K(2029056K), 0.0778440 secs] [Times: user=0.63 sys=0.00, real=0.08 secs] 
1579.773: [CMS-concurrent-mark-start]
1581.036: [CMS-concurrent-mark: 1.263/1.263 secs] [Times: user=2.53 sys=0.00, real=1.26 secs] 
1581.036: [CMS-concurrent-preclean-start]
1581.040: [CMS-concurrent-preclean: 0.003/0.003 secs] [Times: user=0.00 sys=0.00, real=0.00 secs] 
1581.040: [CMS-concurrent-abortable-preclean-start]
 CMS: abort preclean due to time 1586.046: [CMS-concurrent-abortable-preclean: 3.347/5.006 secs] [Times: user=3.36 sys=0.00, real=5.01 secs] 
1586.046: [GC (CMS Final Remark) [YG occupancy: 108247 K (613440 K)]1586.046: [Rescan (parallel) , 0.0207054 secs]1586.067: [weak refs processing, 0.0001409 secs]1586.067: [class unloading, 0.0073685 secs]1586.074: [scrub symbol table, 0.0050659 secs]1586.079: [scrub string table, 0.0006450 secs][1 CMS-remark: 1375895K(1415616K)] 1484143K(2029056K), 0.0340801 secs] [Times: user=0.16 sys=0.00, real=0.04 secs] 
1586.080: [CMS-concurrent-sweep-start]
1586.494: [CMS-concurrent-sweep: 0.414/0.414 secs] [Times: user=0.41 sys=0.00, real=0.41 secs] 
1586.494: [CMS-concurrent-reset-start]
1586.495: [CMS-concurrent-reset: 0.001/0.001 secs] [Times: user=0.00 sys=0.00, real=0.00 secs] 
1588.496: [GC (CMS Initial Mark) [1 CMS-initial-mark: 1375895K(1415616K)] 1485908K(2029056K), 0.0557791 secs] [Times: user=0.50 sys=0.00, real=0.06 secs] 
1588.551: [CMS-concurrent-mark-start]
1589.813: [CMS-concurrent-mark: 1.262/1.262 secs] [Times: user=2.53 sys=0.00, real=1.26 secs] 
1589.814: [CMS-concurrent-preclean-start]
1589.816: [CMS-concurrent-preclean: 0.002/0.002 secs] [Times: user=0.00 sys=0.00, real=0.00 secs] 
1589.816: [CMS-concurrent-abortable-preclean-start]
 CMS: abort preclean due to time 1594.831: [CMS-concurrent-abortable-preclean: 3.316/5.015 secs] [Times: user=3.31 sys=0.00, real=5.02 secs] 
1594.831: [GC (CMS Final Remark) [YG occupancy: 118642 K (613440 K)]1594.831: [Rescan (parallel) , 0.0233124 secs]1594.855: [weak refs processing, 0.0001449 secs]1594.855: [class unloading, 0.0066157 secs]1594.861: [scrub symbol table, 0.0051184 secs]1594.866: [scrub string table, 0.0006533 secs][1 CMS-remark: 1375895K(1415616K)] 1494537K(2029056K), 0.0359892 secs] [Times: user=0.14 sys=0.00, real=0.04 secs] 
1594.867: [CMS-concurrent-sweep-start]
1595.293: [CMS-concurrent-sweep: 0.426/0.426 secs] [Times: user=0.42 sys=0.00, real=0.42 secs] 
1595.293: [CMS-concurrent-reset-start]
1595.294: [CMS-concurrent-reset: 0.001/0.001 secs] [Times: user=0.00 sys=0.00, real=0.00 secs] 
1597.295: [GC (CMS Initial Mark) [1 CMS-initial-mark: 1375895K(1415616K)] 1499460K(2029056K), 0.1007664 secs] [Times: user=0.88 sys=0.00, real=0.10 secs] 
1597.396: [CMS-concurrent-mark-start]
1598.671: [CMS-concurrent-mark: 1.276/1.276 secs] [Times: user=2.56 sys=0.00, real=1.28 secs] 
1598.671: [CMS-concurrent-preclean-start]
1598.675: [CMS-concurrent-preclean: 0.003/0.003 secs] [Times: user=0.00 sys=0.00, real=0.00 secs] 
1598.675: [CMS-concurrent-abortable-preclean-start]
 CMS: abort preclean due to time 1603.809: [CMS-concurrent-abortable-preclean: 3.559/5.134 secs] [Times: user=3.58 sys=0.00, real=5.14 secs] 
1603.809: [GC (CMS Final Remark) [YG occupancy: 133398 K (613440 K)]1603.809: [Rescan (parallel) , 0.0256158 secs]1603.835: [weak refs processing, 0.0001508 secs]1603.835: [class unloading, 0.0075233 secs]1603.843: [scrub symbol table, 0.0064393 secs]1603.849: [scrub string table, 0.0007429 secs][1 CMS-remark: 1375895K(1415616K)] 1509294K(2029056K), 0.0406315 secs] [Times: user=0.27 sys=0.00, real=0.04 secs] 
1603.850: [CMS-concurrent-sweep-start]
1604.257: [CMS-concurrent-sweep: 0.407/0.407 secs] [Times: user=0.41 sys=0.00, real=0.41 secs] 
1604.257: [CMS-concurrent-reset-start]
1604.258: [CMS-concurrent-reset: 0.001/0.001 secs] [Times: user=0.00 sys=0.00, real=0.00 secs] 
1606.258: [GC (CMS Initial Mark) [1 CMS-initial-mark: 1375895K(1415616K)] 1513257K(2029056K), 0.1133421 secs] [Times: user=0.88 sys=0.00, real=0.11 secs] 
1606.372: [CMS-concurrent-mark-start]
1607.647: [CMS-concurrent-mark: 1.274/1.275 secs] [Times: user=2.56 sys=0.00, real=1.28 secs] 
1607.647: [CMS-concurrent-preclean-start]
1607.650: [CMS-concurrent-preclean: 0.003/0.003 secs] [Times: user=0.00 sys=0.00, real=0.00 secs] 
1607.650: [CMS-concurrent-abortable-preclean-start]
 CMS: abort preclean due to time 1612.657: [CMS-concurrent-abortable-preclean: 3.530/5.007 secs] [Times: user=3.55 sys=0.00, real=5.01 secs] 
1612.658: [GC (CMS Final Remark) [YG occupancy: 148573 K (613440 K)]1612.658: [Rescan (parallel) , 0.0286893 secs]1612.686: [weak refs processing, 0.0001161 secs]1612.687: [class unloading, 0.0063027 secs]1612.693: [scrub symbol table, 0.0071427 secs]1612.700: [scrub string table, 0.0006292 secs][1 CMS-remark: 1375895K(1415616K)] 1524469K(2029056K), 0.0430419 secs] [Times: user=0.14 sys=0.00, real=0.04 secs] 
1612.701: [CMS-concurrent-sweep-start]
1613.101: [CMS-concurrent-sweep: 0.401/0.401 secs] [Times: user=0.41 sys=0.00, real=0.40 secs] 
1613.101: [CMS-concurrent-reset-start]
1613.103: [CMS-concurrent-reset: 0.001/0.001 secs] [Times: user=0.00 sys=0.00, real=0.00 secs] 
1615.103: [GC (CMS Initial Mark) [1 CMS-initial-mark: 1375895K(1415616K)] 1527916K(2029056K), 0.1265890 secs] [Times: user=0.98 sys=0.00, real=0.13 secs] 
1615.230: [CMS-concurrent-mark-start]
1616.496: [CMS-concurrent-mark: 1.266/1.266 secs] [Times: user=2.53 sys=0.00, real=1.27 secs] 
1616.496: [CMS-concurrent-preclean-start]
1616.499: [CMS-concurrent-preclean: 0.003/0.003 secs] [Times: user=0.00 sys=0.00, real=0.00 secs] 
1616.499: [CMS-concurrent-abortable-preclean-start]
 CMS: abort preclean due to time 1621.507: [CMS-concurrent-abortable-preclean: 3.508/5.008 secs] [Times: user=3.48 sys=0.00, real=5.01 secs] 
1621.507: [GC (CMS Final Remark) [YG occupancy: 161371 K (613440 K)]1621.507: [Rescan (parallel) , 0.0310070 secs]1621.538: [weak refs processing, 0.0001279 secs]1621.538: [class unloading, 0.0062470 secs]1621.544: [scrub symbol table, 0.0053316 secs]1621.550: [scrub string table, 0.0006585 secs][1 CMS-remark: 1375895K(1415616K)] 1537267K(2029056K), 0.0435286 secs] [Times: user=0.27 sys=0.00, real=0.04 secs] 
1621.550: [CMS-concurrent-sweep-start]
1621.957: [CMS-concurrent-sweep: 0.406/0.406 secs] [Times: user=0.41 sys=0.00, real=0.41 secs] 
1621.957: [CMS-concurrent-reset-start]
1621.958: [CMS-concurrent-reset: 0.001/0.001 secs] [Times: user=0.00 sys=0.00, real=0.00 secs] 
1623.958: [GC (CMS Initial Mark) [1 CMS-initial-mark: 1375895K(1415616K)] 1541855K(2029056K), 0.0862153 secs] [Times: user=0.61 sys=0.00, real=0.09 secs] 
1624.045: [CMS-concurrent-mark-start]
1625.320: [CMS-concurrent-mark: 1.276/1.276 secs] [Times: user=2.56 sys=0.00, real=1.28 secs] 
1625.320: [CMS-concurrent-preclean-start]
1625.324: [CMS-concurrent-preclean: 0.003/0.003 secs] [Times: user=0.00 sys=0.00, real=0.00 secs] 
1625.324: [CMS-concurrent-abortable-preclean-start]
 CMS: abort preclean due to time 1630.451: [CMS-concurrent-abortable-preclean: 3.723/5.127 secs] [Times: user=3.76 sys=0.00, real=5.13 secs] 
1630.451: [GC (CMS Final Remark) [YG occupancy: 175256 K (613440 K)]1630.451: [Rescan (parallel) , 0.0338141 secs]1630.485: [weak refs processing, 0.0001157 secs]1630.485: [class unloading, 0.0061543 secs]1630.491: [scrub symbol table, 0.0053363 secs]1630.497: [scrub string table, 0.0007007 secs][1 CMS-remark: 1375895K(1415616K)] 1551152K(2029056K), 0.0462872 secs] [Times: user=0.38 sys=0.00, real=0.05 secs] 
1630.498: [CMS-concurrent-sweep-start]
1630.903: [CMS-concurrent-sweep: 0.405/0.405 secs] [Times: user=0.41 sys=0.00, real=0.41 secs] 
1630.903: [CMS-concurrent-reset-start]
1630.904: [CMS-concurrent-reset: 0.001/0.001 secs] [Times: user=0.00 sys=0.00, real=0.00 secs] 
1632.904: [GC (CMS Initial Mark) [1 CMS-initial-mark: 1375895K(1415616K)] 1554943K(2029056K), 0.1506486 secs] [Times: user=1.25 sys=0.00, real=0.15 secs] 
1633.055: [CMS-concurrent-mark-start]
1634.331: [CMS-concurrent-mark: 1.276/1.276 secs] [Times: user=2.56 sys=0.00, real=1.28 secs] 
1634.331: [CMS-concurrent-preclean-start]
1634.335: [CMS-concurrent-preclean: 0.003/0.003 secs] [Times: user=0.00 sys=0.00, real=0.00 secs] 
1634.335: [CMS-concurrent-abortable-preclean-start]
 CMS: abort preclean due to time 1639.451: [CMS-concurrent-abortable-preclean: 3.415/5.116 secs] [Times: user=3.38 sys=0.00, real=5.12 secs] 
1639.451: [GC (CMS Final Remark) [YG occupancy: 189426 K (613440 K)]1639.451: [Rescan (parallel) , 0.0365178 secs]1639.488: [weak refs processing, 0.0001516 secs]1639.488: [class unloading, 0.0074621 secs]1639.495: [scrub symbol table, 0.0064760 secs]1639.502: [scrub string table, 0.0007710 secs][1 CMS-remark: 1375895K(1415616K)] 1565321K(2029056K), 0.0515359 secs] [Times: user=0.39 sys=0.00, real=0.05 secs] 
1639.503: [CMS-concurrent-sweep-start]
1639.908: [CMS-concurrent-sweep: 0.405/0.405 secs] [Times: user=0.41 sys=0.00, real=0.41 secs] 
1639.908: [CMS-concurrent-reset-start]
1639.909: [CMS-concurrent-reset: 0.001/0.001 secs] [Times: user=0.00 sys=0.00, real=0.00 secs] 
1641.909: [GC (CMS Initial Mark) [1 CMS-initial-mark: 1375895K(1415616K)] 1567563K(2029056K), 0.1629473 secs] [Times: user=1.25 sys=0.00, real=0.16 secs] 
1642.072: [CMS-concurrent-mark-start]
1643.352: [CMS-concurrent-mark: 1.280/1.280 secs] [Times: user=2.56 sys=0.00, real=1.28 secs] 
1643.352: [CMS-concurrent-preclean-start]
1643.355: [CMS-concurrent-preclean: 0.002/0.003 secs] [Times: user=0.00 sys=0.00, real=0.00 secs] 
1643.355: [CMS-concurrent-abortable-preclean-start]
 CMS: abort preclean due to time 1648.360: [CMS-concurrent-abortable-preclean: 3.405/5.005 secs] [Times: user=3.44 sys=0.00, real=5.01 secs] 
1648.361: [GC (CMS Final Remark) [YG occupancy: 201883 K (613440 K)]1648.361: [Rescan (parallel) , 0.0388784 secs]1648.400: [weak refs processing, 0.0001228 secs]1648.400: [class unloading, 0.0062569 secs]1648.406: [scrub symbol table, 0.0063812 secs]1648.412: [scrub string table, 0.0006695 secs][1 CMS-remark: 1375895K(1415616K)] 1577779K(2029056K), 0.0524675 secs] [Times: user=0.27 sys=0.00, real=0.05 secs] 
1648.413: [CMS-concurrent-sweep-start]
1648.821: [CMS-concurrent-sweep: 0.407/0.407 secs] [Times: user=0.41 sys=0.00, real=0.41 secs] 
1648.821: [CMS-concurrent-reset-start]
1648.822: [CMS-concurrent-reset: 0.001/0.001 secs] [Times: user=0.00 sys=0.00, real=0.00 secs] 
1650.822: [GC (CMS Initial Mark) [1 CMS-initial-mark: 1375895K(1415616K)] 1582486K(2029056K), 0.1732240 secs] [Times: user=1.36 sys=0.00, real=0.17 secs] 
1650.996: [CMS-concurrent-mark-start]
1652.278: [CMS-concurrent-mark: 1.282/1.282 secs] [Times: user=2.56 sys=0.00, real=1.28 secs] 
1652.278: [CMS-concurrent-preclean-start]
1652.281: [CMS-concurrent-preclean: 0.003/0.004 secs] [Times: user=0.02 sys=0.00, real=0.00 secs] 
1652.281: [CMS-concurrent-abortable-preclean-start]
 CMS: abort preclean due to time 1657.331: [CMS-concurrent-abortable-preclean: 3.350/5.050 secs] [Times: user=3.34 sys=0.00, real=5.05 secs] 
1657.331: [GC (CMS Final Remark) [YG occupancy: 215449 K (613440 K)]1657.331: [Rescan (parallel) , 0.0414451 secs]1657.372: [weak refs processing, 0.0001236 secs]1657.373: [class unloading, 0.0061993 secs]1657.379: [scrub symbol table, 0.0051705 secs]1657.384: [scrub string table, 0.0006742 secs][1 CMS-remark: 1375895K(1415616K)] 1591344K(2029056K), 0.0537635 secs] [Times: user=0.26 sys=0.00, real=0.05 secs] 
1657.385: [CMS-concurrent-sweep-start]
1657.791: [CMS-concurrent-sweep: 0.406/0.406 secs] [Times: user=0.41 sys=0.00, real=0.41 secs] 
1657.791: [CMS-concurrent-reset-start]
1657.792: [CMS-concurrent-reset: 0.001/0.001 secs] [Times: user=0.00 sys=0.00, real=0.00 secs] 
1659.794: [GC (CMS Initial Mark) [1 CMS-initial-mark: 1375895K(1415616K)] 1595114K(2029056K), 0.1848598 secs] [Times: user=1.50 sys=0.00, real=0.18 secs] 
1659.979: [CMS-concurrent-mark-start]
1661.244: [CMS-concurrent-mark: 1.265/1.265 secs] [Times: user=2.53 sys=0.00, real=1.26 secs] 
1661.244: [CMS-concurrent-preclean-start]
1661.247: [CMS-concurrent-preclean: 0.003/0.003 secs] [Times: user=0.00 sys=0.00, real=0.00 secs] 
1661.247: [CMS-concurrent-abortable-preclean-start]
 CMS: abort preclean due to time 1666.295: [CMS-concurrent-abortable-preclean: 3.467/5.048 secs] [Times: user=3.50 sys=0.00, real=5.05 secs] 
1666.295: [GC (CMS Final Remark) [YG occupancy: 230883 K (613440 K)]1666.295: [Rescan (parallel) , 0.0443805 secs]1666.340: [weak refs processing, 0.0001263 secs]1666.340: [class unloading, 0.0061302 secs]1666.346: [scrub symbol table, 0.0050130 secs]1666.351: [scrub string table, 0.0006529 secs][1 CMS-remark: 1375895K(1415616K)] 1606779K(2029056K), 0.0564636 secs] [Times: user=0.39 sys=0.00, real=0.06 secs] 
1666.352: [CMS-concurrent-sweep-start]
1666.758: [CMS-concurrent-sweep: 0.406/0.406 secs] [Times: user=0.41 sys=0.00, real=0.41 secs] 
1666.758: [CMS-concurrent-reset-start]
1666.759: [CMS-concurrent-reset: 0.001/0.001 secs] [Times: user=0.00 sys=0.00, real=0.00 secs] 
1668.760: [GC (CMS Initial Mark) [1 CMS-initial-mark: 1375895K(1415616K)] 1611054K(2029056K), 0.1970353 secs] [Times: user=1.63 sys=0.00, real=0.20 secs] 
1668.957: [CMS-concurrent-mark-start]
1670.229: [CMS-concurrent-mark: 1.271/1.272 secs] [Times: user=2.53 sys=0.00, real=1.27 secs] 
1670.230: [CMS-concurrent-preclean-start]
1670.233: [CMS-concurrent-preclean: 0.003/0.003 secs] [Times: user=0.00 sys=0.00, real=0.00 secs] 
1670.233: [CMS-concurrent-abortable-preclean-start]
 CMS: abort preclean due to time 1675.238: [CMS-concurrent-abortable-preclean: 3.503/5.006 secs] [Times: user=3.47 sys=0.00, real=5.01 secs] 
1675.239: [GC (CMS Final Remark) [YG occupancy: 243556 K (613440 K)]1675.239: [Rescan (parallel) , 0.0467518 secs]1675.285: [weak refs processing, 0.0001291 secs]1675.286: [class unloading, 0.0064337 secs]1675.292: [scrub symbol table, 0.0064144 secs]1675.298: [scrub string table, 0.0006746 secs][1 CMS-remark: 1375895K(1415616K)] 1619452K(2029056K), 0.0605513 secs] [Times: user=0.39 sys=0.00, real=0.06 secs] 
1675.299: [CMS-concurrent-sweep-start]
1675.703: [CMS-concurrent-sweep: 0.404/0.404 secs] [Times: user=0.41 sys=0.00, real=0.40 secs] 
1675.703: [CMS-concurrent-reset-start]
1675.705: [CMS-concurrent-reset: 0.001/0.001 secs] [Times: user=0.00 sys=0.00, real=0.00 secs] 
1677.704: [GC (CMS Initial Mark) [1 CMS-initial-mark: 1375895K(1415616K)] 1626455K(2029056K), 0.2161640 secs] [Times: user=1.63 sys=0.00, real=0.22 secs] 
1677.920: [CMS-concurrent-mark-start]
1679.198: [CMS-concurrent-mark: 1.276/1.278 secs] [Times: user=2.58 sys=0.00, real=1.28 secs] 
1679.198: [CMS-concurrent-preclean-start]
1679.202: [CMS-concurrent-preclean: 0.003/0.003 secs] [Times: user=0.00 sys=0.00, real=0.00 secs] 
1679.202: [CMS-concurrent-abortable-preclean-start]
 CMS: abort preclean due to time 1684.302: [CMS-concurrent-abortable-preclean: 3.350/5.100 secs] [Times: user=3.39 sys=0.00, real=5.10 secs] 
1684.302: [GC (CMS Final Remark) [YG occupancy: 263832 K (613440 K)]1684.302: [Rescan (parallel) , 0.0519366 secs]1684.354: [weak refs processing, 0.0001243 secs]1684.354: [class unloading, 0.0065439 secs]1684.361: [scrub symbol table, 0.0052546 secs]1684.366: [scrub string table, 0.0006735 secs][1 CMS-remark: 1375895K(1415616K)] 1639728K(2029056K), 0.0646876 secs] [Times: user=0.39 sys=0.00, real=0.07 secs] 
1684.367: [CMS-concurrent-sweep-start]
1684.772: [CMS-concurrent-sweep: 0.405/0.405 secs] [Times: user=0.41 sys=0.00, real=0.40 secs] 
1684.772: [CMS-concurrent-reset-start]
1684.773: [CMS-concurrent-reset: 0.001/0.001 secs] [Times: user=0.00 sys=0.00, real=0.00 secs] 
1686.774: [GC (CMS Initial Mark) [1 CMS-initial-mark: 1375895K(1415616K)] 1643817K(2029056K), 0.2302482 secs] [Times: user=1.88 sys=0.00, real=0.23 secs] 
1687.005: [CMS-concurrent-mark-start]
1688.279: [CMS-concurrent-mark: 1.274/1.274 secs] [Times: user=2.53 sys=0.00, real=1.27 secs] 
1688.279: [CMS-concurrent-preclean-start]
1688.282: [CMS-concurrent-preclean: 0.003/0.003 secs] [Times: user=0.01 sys=0.00, real=0.00 secs] 
1688.282: [CMS-concurrent-abortable-preclean-start]
 CMS: abort preclean due to time 1693.312: [CMS-concurrent-abortable-preclean: 3.394/5.031 secs] [Times: user=3.41 sys=0.00, real=5.03 secs] 
1693.313: [GC (CMS Final Remark) [YG occupancy: 278174 K (613440 K)]1693.313: [Rescan (parallel) , 0.0547879 secs]1693.368: [weak refs processing, 0.0001255 secs]1693.368: [class unloading, 0.0061854 secs]1693.374: [scrub symbol table, 0.0050789 secs]1693.379: [scrub string table, 0.0006723 secs][1 CMS-remark: 1375895K(1415616K)] 1654070K(2029056K), 0.0670032 secs] [Times: user=0.39 sys=0.00, real=0.07 secs] 
1693.380: [CMS-concurrent-sweep-start]
1693.782: [CMS-concurrent-sweep: 0.403/0.403 secs] [Times: user=0.41 sys=0.00, real=0.40 secs] 
1693.783: [CMS-concurrent-reset-start]
1693.784: [CMS-concurrent-reset: 0.001/0.001 secs] [Times: user=0.00 sys=0.00, real=0.00 secs] 
1695.784: [GC (CMS Initial Mark) [1 CMS-initial-mark: 1375895K(1415616K)] 1658978K(2029056K), 0.2445474 secs] [Times: user=1.86 sys=0.00, real=0.24 secs] 
1696.028: [CMS-concurrent-mark-start]
1697.292: [CMS-concurrent-mark: 1.264/1.264 secs] [Times: user=2.55 sys=0.00, real=1.26 secs] 
1697.292: [CMS-concurrent-preclean-start]
1697.295: [CMS-concurrent-preclean: 0.003/0.003 secs] [Times: user=0.00 sys=0.00, real=0.00 secs] 
1697.295: [CMS-concurrent-abortable-preclean-start]
 CMS: abort preclean due to time 1702.432: [CMS-concurrent-abortable-preclean: 3.437/5.136 secs] [Times: user=3.49 sys=0.00, real=5.14 secs] 
1702.432: [GC (CMS Final Remark) [YG occupancy: 291607 K (613440 K)]1702.432: [Rescan (parallel) , 0.0571470 secs]1702.489: [weak refs processing, 0.0001228 secs]1702.489: [class unloading, 0.0061697 secs]1702.495: [scrub symbol table, 0.0052570 secs]1702.501: [scrub string table, 0.0006525 secs][1 CMS-remark: 1375895K(1415616K)] 1667503K(2029056K), 0.0695017 secs] [Times: user=0.51 sys=0.00, real=0.07 secs] 
1702.501: [CMS-concurrent-sweep-start]
1702.903: [CMS-concurrent-sweep: 0.402/0.402 secs] [Times: user=0.39 sys=0.00, real=0.40 secs] 
1702.903: [CMS-concurrent-reset-start]
1702.904: [CMS-concurrent-reset: 0.001/0.001 secs] [Times: user=0.00 sys=0.00, real=0.00 secs] 
1704.905: [GC (CMS Initial Mark) [1 CMS-initial-mark: 1375895K(1415616K)] 1672121K(2029056K), 0.2561047 secs] [Times: user=2.09 sys=0.01, real=0.26 secs] 
1705.161: [CMS-concurrent-mark-start]
1706.435: [CMS-concurrent-mark: 1.274/1.274 secs] [Times: user=2.53 sys=0.00, real=1.27 secs] 
1706.435: [CMS-concurrent-preclean-start]
1706.438: [CMS-concurrent-preclean: 0.003/0.003 secs] [Times: user=0.02 sys=0.00, real=0.00 secs] 
1706.438: [CMS-concurrent-abortable-preclean-start]
 CMS: abort preclean due to time 1711.566: [CMS-concurrent-abortable-preclean: 3.629/5.128 secs] [Times: user=3.61 sys=0.00, real=5.13 secs] 
1711.566: [GC (CMS Final Remark) [YG occupancy: 305604 K (613440 K)]1711.566: [Rescan (parallel) , 0.0601728 secs]1711.626: [weak refs processing, 0.0001247 secs]1711.626: [class unloading, 0.0062194 secs]1711.633: [scrub symbol table, 0.0054504 secs]1711.638: [scrub string table, 0.0006656 secs][1 CMS-remark: 1375895K(1415616K)] 1681499K(2029056K), 0.0727829 secs] [Times: user=0.50 sys=0.00, real=0.07 secs] 
1711.639: [CMS-concurrent-sweep-start]
1712.045: [CMS-concurrent-sweep: 0.406/0.406 secs] [Times: user=0.41 sys=0.00, real=0.41 secs] 
1712.045: [CMS-concurrent-reset-start]
1712.046: [CMS-concurrent-reset: 0.001/0.001 secs] [Times: user=0.02 sys=0.00, real=0.00 secs] 
1714.046: [GC (CMS Initial Mark) [1 CMS-initial-mark: 1375895K(1415616K)] 1685779K(2029056K), 0.0633813 secs] [Times: user=0.50 sys=0.00, real=0.06 secs] 
1714.110: [CMS-concurrent-mark-start]
1715.435: [CMS-concurrent-mark: 1.325/1.325 secs] [Times: user=2.63 sys=0.00, real=1.33 secs] 
1715.435: [CMS-concurrent-preclean-start]
1715.438: [CMS-concurrent-preclean: 0.003/0.003 secs] [Times: user=0.01 sys=0.00, real=0.00 secs] 
1715.438: [CMS-concurrent-abortable-preclean-start]
 CMS: abort preclean due to time 1720.460: [CMS-concurrent-abortable-preclean: 3.453/5.023 secs] [Times: user=3.45 sys=0.00, real=5.02 secs] 
1720.461: [GC (CMS Final Remark) [YG occupancy: 319890 K (613440 K)]1720.461: [Rescan (parallel) , 0.0626467 secs]1720.523: [weak refs processing, 0.0001247 secs]1720.523: [class unloading, 0.0061985 secs]1720.530: [scrub symbol table, 0.0051180 secs]1720.535: [scrub string table, 0.0006782 secs][1 CMS-remark: 1375895K(1415616K)] 1695785K(2029056K), 0.0749169 secs] [Times: user=0.52 sys=0.00, real=0.08 secs] 
1720.536: [CMS-concurrent-sweep-start]
1720.939: [CMS-concurrent-sweep: 0.403/0.403 secs] [Times: user=0.41 sys=0.00, real=0.40 secs] 
1720.939: [CMS-concurrent-reset-start]
1720.940: [CMS-concurrent-reset: 0.001/0.001 secs] [Times: user=0.00 sys=0.00, real=0.00 secs] 
1722.940: [GC (CMS Initial Mark) [1 CMS-initial-mark: 1375895K(1415616K)] 1699549K(2029056K), 0.2787073 secs] [Times: user=2.16 sys=0.00, real=0.28 secs] 
1723.219: [CMS-concurrent-mark-start]
1724.499: [CMS-concurrent-mark: 1.278/1.279 secs] [Times: user=2.53 sys=0.00, real=1.28 secs] 
1724.499: [CMS-concurrent-preclean-start]
1724.502: [CMS-concurrent-preclean: 0.003/0.003 secs] [Times: user=0.02 sys=0.00, real=0.00 secs] 
1724.502: [CMS-concurrent-abortable-preclean-start]
 CMS: abort preclean due to time 1729.509: [CMS-concurrent-abortable-preclean: 3.305/5.007 secs] [Times: user=3.28 sys=0.00, real=5.01 secs] 
1729.509: [GC (CMS Final Remark) [YG occupancy: 331855 K (613440 K)]1729.509: [Rescan (parallel) , 0.0650634 secs]1729.574: [weak refs processing, 0.0001232 secs]1729.575: [class unloading, 0.0061839 secs]1729.581: [scrub symbol table, 0.0052996 secs]1729.586: [scrub string table, 0.0006960 secs][1 CMS-remark: 1375895K(1415616K)] 1707751K(2029056K), 0.0775219 secs] [Times: user=0.51 sys=0.00, real=0.08 secs] 
1729.587: [CMS-concurrent-sweep-start]
1729.986: [CMS-concurrent-sweep: 0.399/0.399 secs] [Times: user=0.41 sys=0.00, real=0.40 secs] 
1729.986: [CMS-concurrent-reset-start]
1729.987: [CMS-concurrent-reset: 0.001/0.001 secs] [Times: user=0.00 sys=0.00, real=0.00 secs] 
1731.988: [GC (CMS Initial Mark) [1 CMS-initial-mark: 1375895K(1415616K)] 1711940K(2029056K), 0.2882371 secs] [Times: user=2.25 sys=0.00, real=0.29 secs] 
1732.276: [CMS-concurrent-mark-start]
1733.557: [CMS-concurrent-mark: 1.281/1.281 secs] [Times: user=2.58 sys=0.00, real=1.28 secs] 
1733.557: [CMS-concurrent-preclean-start]
1733.561: [CMS-concurrent-preclean: 0.003/0.003 secs] [Times: user=0.00 sys=0.00, real=0.00 secs] 
1733.561: [CMS-concurrent-abortable-preclean-start]
 CMS: abort preclean due to time 1738.562: [CMS-concurrent-abortable-preclean: 3.303/5.001 secs] [Times: user=3.38 sys=0.00, real=5.00 secs] 
1738.562: [GC (CMS Final Remark) [YG occupancy: 346529 K (613440 K)]1738.562: [Rescan (parallel) , 0.0677537 secs]1738.630: [weak refs processing, 0.0001271 secs]1738.630: [class unloading, 0.0062087 secs]1738.636: [scrub symbol table, 0.0051808 secs]1738.642: [scrub string table, 0.0006699 secs][1 CMS-remark: 1375895K(1415616K)] 1722425K(2029056K), 0.0800902 secs] [Times: user=0.51 sys=0.00, real=0.08 secs] 
1738.642: [CMS-concurrent-sweep-start]
1739.045: [CMS-concurrent-sweep: 0.403/0.403 secs] [Times: user=0.39 sys=0.00, real=0.40 secs] 
1739.045: [CMS-concurrent-reset-start]
1739.046: [CMS-concurrent-reset: 0.001/0.001 secs] [Times: user=0.01 sys=0.00, real=0.00 secs] 
1741.047: [GC (CMS Initial Mark) [1 CMS-initial-mark: 1375895K(1415616K)] 1725359K(2029056K), 0.3001931 secs] [Times: user=2.38 sys=0.00, real=0.30 secs] 
1741.347: [CMS-concurrent-mark-start]
1742.617: [CMS-concurrent-mark: 1.270/1.270 secs] [Times: user=2.53 sys=0.00, real=1.27 secs] 
1742.617: [CMS-concurrent-preclean-start]
1742.620: [CMS-concurrent-preclean: 0.003/0.003 secs] [Times: user=0.00 sys=0.00, real=0.00 secs] 
1742.620: [CMS-concurrent-abortable-preclean-start]
 CMS: abort preclean due to time 1747.721: [CMS-concurrent-abortable-preclean: 3.300/5.101 secs] [Times: user=3.33 sys=0.00, real=5.10 secs] 
1747.721: [GC (CMS Final Remark) [YG occupancy: 359956 K (613440 K)]1747.721: [Rescan (parallel) , 0.0702856 secs]1747.791: [weak refs processing, 0.0001267 secs]1747.791: [class unloading, 0.0061772 secs]1747.798: [scrub symbol table, 0.0051599 secs]1747.803: [scrub string table, 0.0007800 secs][1 CMS-remark: 1375895K(1415616K)] 1735852K(2029056K), 0.0826794 secs] [Times: user=0.51 sys=0.00, real=0.08 secs] 
1747.804: [CMS-concurrent-sweep-start]
1748.211: [CMS-concurrent-sweep: 0.407/0.407 secs] [Times: user=0.41 sys=0.00, real=0.41 secs] 
1748.211: [CMS-concurrent-reset-start]
1748.212: [CMS-concurrent-reset: 0.001/0.001 secs] [Times: user=0.00 sys=0.00, real=0.00 secs] 
1750.213: [GC (CMS Initial Mark) [1 CMS-initial-mark: 1375895K(1415616K)] 1741068K(2029056K), 0.3123402 secs] [Times: user=2.50 sys=0.00, real=0.31 secs] 
1750.525: [CMS-concurrent-mark-start]
1751.790: [CMS-concurrent-mark: 1.265/1.265 secs] [Times: user=2.53 sys=0.00, real=1.27 secs] 
1751.790: [CMS-concurrent-preclean-start]
1751.793: [CMS-concurrent-preclean: 0.003/0.003 secs] [Times: user=0.00 sys=0.00, real=0.00 secs] 
1751.793: [CMS-concurrent-abortable-preclean-start]
 CMS: abort preclean due to time 1756.811: [CMS-concurrent-abortable-preclean: 3.381/5.018 secs] [Times: user=3.38 sys=0.00, real=5.02 secs] 
1756.811: [GC (CMS Final Remark) [YG occupancy: 372428 K (613440 K)]1756.811: [Rescan (parallel) , 0.0733734 secs]1756.885: [weak refs processing, 0.0001267 secs]1756.885: [class unloading, 0.0062095 secs]1756.891: [scrub symbol table, 0.0051764 secs]1756.896: [scrub string table, 0.0006810 secs][1 CMS-remark: 1375895K(1415616K)] 1748324K(2029056K), 0.0857214 secs] [Times: user=0.64 sys=0.00, real=0.09 secs] 
1756.897: [CMS-concurrent-sweep-start]
1757.301: [CMS-concurrent-sweep: 0.404/0.404 secs] [Times: user=0.41 sys=0.00, real=0.40 secs] 
1757.301: [CMS-concurrent-reset-start]
1757.302: [CMS-concurrent-reset: 0.001/0.001 secs] [Times: user=0.00 sys=0.00, real=0.00 secs] 
1759.302: [GC (CMS Initial Mark) [1 CMS-initial-mark: 1375895K(1415616K)] 1753638K(2029056K), 0.3242666 secs] [Times: user=2.58 sys=0.00, real=0.32 secs] 
1759.626: [CMS-concurrent-mark-start]
1760.893: [CMS-concurrent-mark: 1.265/1.267 secs] [Times: user=2.53 sys=0.00, real=1.27 secs] 
1760.893: [CMS-concurrent-preclean-start]
1760.896: [CMS-concurrent-preclean: 0.003/0.003 secs] [Times: user=0.00 sys=0.00, real=0.00 secs] 
1760.896: [CMS-concurrent-abortable-preclean-start]
 CMS: abort preclean due to time 1766.051: [CMS-concurrent-abortable-preclean: 3.655/5.155 secs] [Times: user=3.66 sys=0.02, real=5.15 secs] 
1766.052: [GC (CMS Final Remark) [YG occupancy: 388441 K (613440 K)]1766.052: [Rescan (parallel) , 0.0758028 secs]1766.128: [weak refs processing, 0.0001271 secs]1766.128: [class unloading, 0.0062245 secs]1766.134: [scrub symbol table, 0.0051993 secs]1766.139: [scrub string table, 0.0006663 secs][1 CMS-remark: 1375895K(1415616K)] 1764337K(2029056K), 0.0881717 secs] [Times: user=0.64 sys=0.00, real=0.09 secs] 
1766.140: [CMS-concurrent-sweep-start]
1766.545: [CMS-concurrent-sweep: 0.405/0.405 secs] [Times: user=0.39 sys=0.00, real=0.40 secs] 
1766.545: [CMS-concurrent-reset-start]
1766.546: [CMS-concurrent-reset: 0.001/0.001 secs] [Times: user=0.02 sys=0.00, real=0.00 secs] 
1768.548: [GC (CMS Initial Mark) [1 CMS-initial-mark: 1375895K(1415616K)] 1766249K(2029056K), 0.3336491 secs] [Times: user=2.63 sys=0.00, real=0.33 secs] 
1768.881: [CMS-concurrent-mark-start]
1770.157: [CMS-concurrent-mark: 1.275/1.275 secs] [Times: user=2.56 sys=0.00, real=1.28 secs] 
1770.157: [CMS-concurrent-preclean-start]
1770.160: [CMS-concurrent-preclean: 0.003/0.003 secs] [Times: user=0.00 sys=0.00, real=0.00 secs] 
1770.160: [CMS-concurrent-abortable-preclean-start]
 CMS: abort preclean due to time 1775.291: [CMS-concurrent-abortable-preclean: 3.531/5.131 secs] [Times: user=3.53 sys=0.00, real=5.13 secs] 
1775.292: [GC (CMS Final Remark) [YG occupancy: 401627 K (613440 K)]1775.292: [Rescan (parallel) , 0.0782668 secs]1775.370: [weak refs processing, 0.0001243 secs]1775.370: [class unloading, 0.0062348 secs]1775.376: [scrub symbol table, 0.0050762 secs]1775.382: [scrub string table, 0.0006790 secs][1 CMS-remark: 1375895K(1415616K)] 1777523K(2029056K), 0.0905280 secs] [Times: user=0.64 sys=0.00, real=0.09 secs] 
1775.382: [CMS-concurrent-sweep-start]
1775.785: [CMS-concurrent-sweep: 0.403/0.403 secs] [Times: user=0.41 sys=0.00, real=0.40 secs] 
1775.785: [CMS-concurrent-reset-start]
1775.786: [CMS-concurrent-reset: 0.001/0.001 secs] [Times: user=0.00 sys=0.00, real=0.00 secs] 
1777.786: [GC (CMS Initial Mark) [1 CMS-initial-mark: 1375895K(1415616K)] 1781370K(2029056K), 0.3458704 secs] [Times: user=2.75 sys=0.00, real=0.35 secs] 
1778.132: [CMS-concurrent-mark-start]
1779.401: [CMS-concurrent-mark: 1.269/1.269 secs] [Times: user=2.53 sys=0.00, real=1.27 secs] 
1779.401: [CMS-concurrent-preclean-start]
1779.405: [CMS-concurrent-preclean: 0.003/0.003 secs] [Times: user=0.00 sys=0.00, real=0.00 secs] 
1779.405: [CMS-concurrent-abortable-preclean-start]
 CMS: abort preclean due to time 1784.474: [CMS-concurrent-abortable-preclean: 3.568/5.070 secs] [Times: user=3.61 sys=0.00, real=5.07 secs] 
1784.475: [GC (CMS Final Remark) [YG occupancy: 414978 K (613440 K)]1784.475: [Rescan (parallel) , 0.0810171 secs]1784.556: [weak refs processing, 0.0001354 secs]1784.556: [class unloading, 0.0062983 secs]1784.562: [scrub symbol table, 0.0052566 secs]1784.568: [scrub string table, 0.0007836 secs][1 CMS-remark: 1375895K(1415616K)] 1790873K(2029056K), 0.0936793 secs] [Times: user=0.64 sys=0.00, real=0.09 secs] 
1784.568: [CMS-concurrent-sweep-start]
1784.967: [CMS-concurrent-sweep: 0.399/0.399 secs] [Times: user=0.39 sys=0.00, real=0.40 secs] 
1784.967: [CMS-concurrent-reset-start]
1784.968: [CMS-concurrent-reset: 0.001/0.001 secs] [Times: user=0.01 sys=0.00, real=0.00 secs] 
1786.968: [GC (CMS Initial Mark) [1 CMS-initial-mark: 1375895K(1415616K)] 1795227K(2029056K), 0.3599711 secs] [Times: user=2.78 sys=0.00, real=0.36 secs] 
1787.328: [CMS-concurrent-mark-start]
1788.602: [CMS-concurrent-mark: 1.273/1.273 secs] [Times: user=2.53 sys=0.00, real=1.27 secs] 
1788.602: [CMS-concurrent-preclean-start]
1788.604: [CMS-concurrent-preclean: 0.003/0.003 secs] [Times: user=0.00 sys=0.00, real=0.00 secs] 
1788.604: [CMS-concurrent-abortable-preclean-start]
 CMS: abort preclean due to time 1793.681: [CMS-concurrent-abortable-preclean: 3.479/5.077 secs] [Times: user=3.47 sys=0.00, real=5.08 secs] 
1793.681: [GC (CMS Final Remark) [YG occupancy: 428544 K (613440 K)]1793.681: [Rescan (parallel) , 0.0833248 secs]1793.765: [weak refs processing, 0.0001180 secs]1793.765: [class unloading, 0.0061211 secs]1793.771: [scrub symbol table, 0.0050939 secs]1793.776: [scrub string table, 0.0006782 secs][1 CMS-remark: 1375895K(1415616K)] 1804440K(2029056K), 0.0954924 secs] [Times: user=0.75 sys=0.00, real=0.10 secs] 
1793.777: [CMS-concurrent-sweep-start]
1794.181: [CMS-concurrent-sweep: 0.404/0.404 secs] [Times: user=0.41 sys=0.00, real=0.40 secs] 
1794.181: [CMS-concurrent-reset-start]
1794.182: [CMS-concurrent-reset: 0.001/0.001 secs] [Times: user=0.00 sys=0.00, real=0.00 secs] 
1796.182: [GC (CMS Initial Mark) [1 CMS-initial-mark: 1375895K(1415616K)] 1809051K(2029056K), 0.3691867 secs] [Times: user=3.00 sys=0.00, real=0.37 secs] 
1796.551: [CMS-concurrent-mark-start]
1797.813: [CMS-concurrent-mark: 1.261/1.261 secs] [Times: user=2.53 sys=0.00, real=1.26 secs] 
1797.813: [CMS-concurrent-preclean-start]
1797.816: [CMS-concurrent-preclean: 0.003/0.003 secs] [Times: user=0.00 sys=0.00, real=0.00 secs] 
1797.816: [CMS-concurrent-abortable-preclean-start]
 CMS: abort preclean due to time 1802.849: [CMS-concurrent-abortable-preclean: 3.333/5.033 secs] [Times: user=3.33 sys=0.00, real=5.03 secs] 
1802.849: [GC (CMS Final Remark) [YG occupancy: 442858 K (613440 K)]1802.849: [Rescan (parallel) , 0.0860491 secs]1802.935: [weak refs processing, 0.0001255 secs]1802.935: [class unloading, 0.0062545 secs]1802.941: [scrub symbol table, 0.0050667 secs]1802.947: [scrub string table, 0.0006750 secs][1 CMS-remark: 1375895K(1415616K)] 1818754K(2029056K), 0.0983224 secs] [Times: user=0.64 sys=0.00, real=0.10 secs] 
1802.947: [CMS-concurrent-sweep-start]
1803.351: [CMS-concurrent-sweep: 0.403/0.403 secs] [Times: user=0.41 sys=0.00, real=0.40 secs] 
1803.351: [CMS-concurrent-reset-start]
1803.352: [CMS-concurrent-reset: 0.001/0.001 secs] [Times: user=0.00 sys=0.00, real=0.00 secs] 
1805.352: [GC (CMS Initial Mark) [1 CMS-initial-mark: 1375895K(1415616K)] 1821806K(2029056K), 0.3803654 secs] [Times: user=3.00 sys=0.00, real=0.38 secs] 
1805.732: [CMS-concurrent-mark-start]
1807.006: [CMS-concurrent-mark: 1.274/1.274 secs] [Times: user=2.58 sys=0.00, real=1.27 secs] 
1807.006: [CMS-concurrent-preclean-start]
1807.009: [CMS-concurrent-preclean: 0.003/0.003 secs] [Times: user=0.00 sys=0.00, real=0.00 secs] 
1807.009: [CMS-concurrent-abortable-preclean-start]
 CMS: abort preclean due to time 1812.027: [CMS-concurrent-abortable-preclean: 3.517/5.018 secs] [Times: user=3.53 sys=0.00, real=5.02 secs] 
1812.027: [GC (CMS Final Remark) [YG occupancy: 456832 K (613440 K)]1812.027: [Rescan (parallel) , 0.0891775 secs]1812.116: [weak refs processing, 0.0001255 secs]1812.116: [class unloading, 0.0062514 secs]1812.122: [scrub symbol table, 0.0051946 secs]1812.128: [scrub string table, 0.0006770 secs][1 CMS-remark: 1375895K(1415616K)] 1832728K(2029056K), 0.1015847 secs] [Times: user=0.75 sys=0.00, real=0.10 secs] 
1812.128: [CMS-concurrent-sweep-start]
1812.532: [CMS-concurrent-sweep: 0.404/0.404 secs] [Times: user=0.41 sys=0.00, real=0.40 secs] 
1812.532: [CMS-concurrent-reset-start]
1812.533: [CMS-concurrent-reset: 0.001/0.001 secs] [Times: user=0.00 sys=0.00, real=0.00 secs] 
1814.534: [GC (CMS Initial Mark) [1 CMS-initial-mark: 1375895K(1415616K)] 1834781K(2029056K), 0.3949608 secs] [Times: user=3.13 sys=0.00, real=0.39 secs] 
1814.929: [CMS-concurrent-mark-start]
1816.196: [CMS-concurrent-mark: 1.268/1.268 secs] [Times: user=2.53 sys=0.00, real=1.27 secs] 
1816.196: [CMS-concurrent-preclean-start]
1816.199: [CMS-concurrent-preclean: 0.003/0.003 secs] [Times: user=0.00 sys=0.00, real=0.00 secs] 
1816.199: [CMS-concurrent-abortable-preclean-start]
 CMS: abort preclean due to time 1821.218: [CMS-concurrent-abortable-preclean: 3.619/5.019 secs] [Times: user=3.64 sys=0.00, real=5.02 secs] 
1821.219: [GC (CMS Final Remark) [YG occupancy: 469827 K (613440 K)]1821.219: [Rescan (parallel) , 0.0913976 secs]1821.310: [weak refs processing, 0.0001299 secs]1821.310: [class unloading, 0.0062253 secs]1821.316: [scrub symbol table, 0.0052846 secs]1821.322: [scrub string table, 0.0007165 secs][1 CMS-remark: 1375895K(1415616K)] 1845723K(2029056K), 0.1039209 secs] [Times: user=0.64 sys=0.00, real=0.10 secs] 
1821.323: [CMS-concurrent-sweep-start]
1821.728: [CMS-concurrent-sweep: 0.406/0.406 secs] [Times: user=0.41 sys=0.00, real=0.41 secs] 
1821.728: [CMS-concurrent-reset-start]
1821.730: [CMS-concurrent-reset: 0.001/0.001 secs] [Times: user=0.00 sys=0.00, real=0.00 secs] 
1823.730: [GC (CMS Initial Mark) [1 CMS-initial-mark: 1375895K(1415616K)] 1848660K(2029056K), 0.3956244 secs] [Times: user=3.22 sys=0.00, real=0.40 secs] 
1824.126: [CMS-concurrent-mark-start]
1825.388: [CMS-concurrent-mark: 1.261/1.261 secs] [Times: user=2.50 sys=0.00, real=1.26 secs] 
1825.388: [CMS-concurrent-preclean-start]
1825.391: [CMS-concurrent-preclean: 0.003/0.003 secs] [Times: user=0.01 sys=0.00, real=0.00 secs] 
1825.391: [CMS-concurrent-abortable-preclean-start]
 CMS: abort preclean due to time 1830.393: [CMS-concurrent-abortable-preclean: 3.809/5.002 secs] [Times: user=3.83 sys=0.00, real=5.00 secs] 
1830.393: [GC (CMS Final Remark) [YG occupancy: 486688 K (613440 K)]1830.393: [Rescan (parallel) , 0.0951553 secs]1830.488: [weak refs processing, 0.0001259 secs]1830.488: [class unloading, 0.0062466 secs]1830.495: [scrub symbol table, 0.0051512 secs]1830.500: [scrub string table, 0.0006675 secs][1 CMS-remark: 1375895K(1415616K)] 1862584K(2029056K), 0.1074974 secs] [Times: user=0.76 sys=0.00, real=0.11 secs] 
1830.501: [CMS-concurrent-sweep-start]
1830.907: [CMS-concurrent-sweep: 0.406/0.406 secs] [Times: user=0.41 sys=0.00, real=0.41 secs] 
1830.907: [CMS-concurrent-reset-start]
1830.908: [CMS-concurrent-reset: 0.001/0.001 secs] [Times: user=0.00 sys=0.00, real=0.00 secs] 
1832.908: [GC (CMS Initial Mark) [1 CMS-initial-mark: 1375895K(1415616K)] 1866484K(2029056K), 0.4229009 secs] [Times: user=3.36 sys=0.00, real=0.42 secs] 
1833.331: [CMS-concurrent-mark-start]
1834.602: [CMS-concurrent-mark: 1.270/1.270 secs] [Times: user=2.53 sys=0.00, real=1.27 secs] 
1834.602: [CMS-concurrent-preclean-start]
1834.605: [CMS-concurrent-preclean: 0.003/0.003 secs] [Times: user=0.00 sys=0.00, real=0.00 secs] 
1834.605: [CMS-concurrent-abortable-preclean-start]
 CMS: abort preclean due to time 1839.630: [CMS-concurrent-abortable-preclean: 3.425/5.025 secs] [Times: user=3.41 sys=0.00, real=5.02 secs] 
1839.630: [GC (CMS Final Remark) [YG occupancy: 500763 K (613440 K)]1839.630: [Rescan (parallel) , 0.0974978 secs]1839.728: [weak refs processing, 0.0001267 secs]1839.728: [class unloading, 0.0063501 secs]1839.734: [scrub symbol table, 0.0051453 secs]1839.739: [scrub string table, 0.0006758 secs][1 CMS-remark: 1375895K(1415616K)] 1876658K(2029056K), 0.1099464 secs] [Times: user=0.77 sys=0.00, real=0.11 secs] 
1839.740: [CMS-concurrent-sweep-start]
1840.148: [CMS-concurrent-sweep: 0.408/0.408 secs] [Times: user=0.41 sys=0.00, real=0.41 secs] 
1840.148: [CMS-concurrent-reset-start]
1840.149: [CMS-concurrent-reset: 0.001/0.001 secs] [Times: user=0.00 sys=0.00, real=0.00 secs] 
1842.150: [GC (CMS Initial Mark) [1 CMS-initial-mark: 1375895K(1415616K)] 1879765K(2029056K), 0.4299050 secs] [Times: user=3.50 sys=0.00, real=0.43 secs] 
1842.580: [CMS-concurrent-mark-start]
1843.842: [CMS-concurrent-mark: 1.262/1.262 secs] [Times: user=2.50 sys=0.00, real=1.26 secs] 
1843.842: [CMS-concurrent-preclean-start]
1843.846: [CMS-concurrent-preclean: 0.003/0.003 secs] [Times: user=0.01 sys=0.00, real=0.00 secs] 
1843.846: [CMS-concurrent-abortable-preclean-start]
 CMS: abort preclean due to time 1848.854: [CMS-concurrent-abortable-preclean: 3.409/5.008 secs] [Times: user=3.45 sys=0.00, real=5.01 secs] 
1848.854: [GC (CMS Final Remark) [YG occupancy: 512975 K (613440 K)]1848.854: [Rescan (parallel) , 0.0998971 secs]1848.954: [weak refs processing, 0.0001251 secs]1848.954: [class unloading, 0.0062344 secs]1848.960: [scrub symbol table, 0.0051070 secs]1848.966: [scrub string table, 0.0006660 secs][1 CMS-remark: 1375895K(1415616K)] 1888870K(2029056K), 0.1121745 secs] [Times: user=0.88 sys=0.00, real=0.11 secs] 
1848.966: [CMS-concurrent-sweep-start]
1849.371: [CMS-concurrent-sweep: 0.404/0.404 secs] [Times: user=0.42 sys=0.00, real=0.40 secs] 
1849.371: [CMS-concurrent-reset-start]
1849.372: [CMS-concurrent-reset: 0.001/0.001 secs] [Times: user=0.00 sys=0.00, real=0.00 secs] 
1851.372: [GC (CMS Initial Mark) [1 CMS-initial-mark: 1375895K(1415616K)] 1893098K(2029056K), 0.4417193 secs] [Times: user=3.63 sys=0.00, real=0.44 secs] 
1851.814: [CMS-concurrent-mark-start]
1853.093: [CMS-concurrent-mark: 1.279/1.279 secs] [Times: user=2.56 sys=0.00, real=1.28 secs] 
1853.093: [CMS-concurrent-preclean-start]
1853.097: [CMS-concurrent-preclean: 0.003/0.003 secs] [Times: user=0.00 sys=0.00, real=0.00 secs] 
1853.097: [CMS-concurrent-abortable-preclean-start]
 CMS: abort preclean due to time 1858.280: [CMS-concurrent-abortable-preclean: 3.484/5.183 secs] [Times: user=3.48 sys=0.00, real=5.18 secs] 
1858.280: [GC (CMS Final Remark) [YG occupancy: 525872 K (613440 K)]1858.280: [Rescan (parallel) , 0.1029324 secs]1858.383: [weak refs processing, 0.0001271 secs]1858.383: [class unloading, 0.0062470 secs]1858.390: [scrub symbol table, 0.0051808 secs]1858.395: [scrub string table, 0.0006896 secs][1 CMS-remark: 1375895K(1415616K)] 1901768K(2029056K), 0.1153333 secs] [Times: user=0.77 sys=0.00, real=0.12 secs] 
1858.396: [CMS-concurrent-sweep-start]
1858.799: [CMS-concurrent-sweep: 0.403/0.403 secs] [Times: user=0.41 sys=0.00, real=0.40 secs] 
1858.799: [CMS-concurrent-reset-start]
1858.800: [CMS-concurrent-reset: 0.001/0.001 secs] [Times: user=0.00 sys=0.00, real=0.00 secs] 
1860.800: [GC (CMS Initial Mark) [1 CMS-initial-mark: 1375895K(1415616K)] 1905930K(2029056K), 0.4542074 secs] [Times: user=3.61 sys=0.00, real=0.45 secs] 
1861.254: [CMS-concurrent-mark-start]
1862.522: [CMS-concurrent-mark: 1.267/1.267 secs] [Times: user=2.53 sys=0.00, real=1.27 secs] 
1862.522: [CMS-concurrent-preclean-start]
1862.524: [CMS-concurrent-preclean: 0.003/0.003 secs] [Times: user=0.00 sys=0.00, real=0.00 secs] 
1862.524: [CMS-concurrent-abortable-preclean-start]
 CMS: abort preclean due to time 1867.532: [CMS-concurrent-abortable-preclean: 3.406/5.008 secs] [Times: user=3.41 sys=0.00, real=5.01 secs] 
1867.532: [GC (CMS Final Remark) [YG occupancy: 537997 K (613440 K)]1867.532: [Rescan (parallel) , 0.1053290 secs]1867.638: [weak refs processing, 0.0001287 secs]1867.638: [class unloading, 0.0062999 secs]1867.644: [scrub symbol table, 0.0051567 secs]1867.649: [scrub string table, 0.0007200 secs][1 CMS-remark: 1375895K(1415616K)] 1913892K(2029056K), 0.1178045 secs] [Times: user=0.77 sys=0.00, real=0.12 secs] 
1867.650: [CMS-concurrent-sweep-start]
1868.057: [CMS-concurrent-sweep: 0.407/0.407 secs] [Times: user=0.41 sys=0.00, real=0.41 secs] 
1868.057: [CMS-concurrent-reset-start]
1868.058: [CMS-concurrent-reset: 0.001/0.001 secs] [Times: user=0.00 sys=0.00, real=0.00 secs] 
1870.058: [GC (CMS Initial Mark) [1 CMS-initial-mark: 1375895K(1415616K)] 1918854K(2029056K), 0.4655934 secs] [Times: user=3.74 sys=0.00, real=0.47 secs] 
1870.524: [CMS-concurrent-mark-start]
1871.801: [CMS-concurrent-mark: 1.275/1.277 secs] [Times: user=2.56 sys=0.00, real=1.28 secs] 
1871.801: [CMS-concurrent-preclean-start]
1871.803: [CMS-concurrent-preclean: 0.003/0.003 secs] [Times: user=0.00 sys=0.00, real=0.00 secs] 
1871.803: [CMS-concurrent-abortable-preclean-start]
 CMS: abort preclean due to time 1876.940: [CMS-concurrent-abortable-preclean: 3.540/5.137 secs] [Times: user=3.53 sys=0.00, real=5.14 secs] 
1876.941: [GC (CMS Final Remark) [YG occupancy: 551652 K (613440 K)]1876.941: [Rescan (parallel) , 0.1075459 secs]1877.048: [weak refs processing, 0.0001769 secs]1877.049: [class unloading, 0.0069276 secs]1877.055: [scrub symbol table, 0.0053276 secs]1877.061: [scrub string table, 0.0006766 secs][1 CMS-remark: 1375895K(1415616K)] 1927547K(2029056K), 0.1208303 secs] [Times: user=0.88 sys=0.00, real=0.12 secs] 
1877.062: [CMS-concurrent-sweep-start]
1877.464: [CMS-concurrent-sweep: 0.402/0.402 secs] [Times: user=0.44 sys=0.02, real=0.40 secs] 
1877.464: [CMS-concurrent-reset-start]
1877.465: [CMS-concurrent-reset: 0.001/0.001 secs] [Times: user=0.00 sys=0.00, real=0.00 secs] 
1878.308: [GC (Allocation Failure) 1878.308: [ParNew: 555311K->13454K(613440K), 0.0212873 secs] 1931207K->1389350K(2029056K), 0.0215008 secs] [Times: user=0.22 sys=0.03, real=0.02 secs] 
1878.330: [GC (CMS Initial Mark) [1 CMS-initial-mark: 1375895K(1415616K)] 1390102K(2029056K), 0.0076867 secs] [Times: user=0.00 sys=0.00, real=0.01 secs] 
1878.338: [CMS-concurrent-mark-start]
1879.619: [CMS-concurrent-mark: 1.281/1.281 secs] [Times: user=2.56 sys=0.00, real=1.28 secs] 
1879.619: [CMS-concurrent-preclean-start]
1879.622: [CMS-concurrent-preclean: 0.003/0.003 secs] [Times: user=0.00 sys=0.00, real=0.00 secs] 
1879.622: [CMS-concurrent-abortable-preclean-start]
 CMS: abort preclean due to time 1884.699: [CMS-concurrent-abortable-preclean: 3.450/5.077 secs] [Times: user=3.48 sys=0.01, real=5.08 secs] 
1884.699: [GC (CMS Final Remark) [YG occupancy: 28708 K (613440 K)]1884.699: [Rescan (parallel) , 0.0046190 secs]1884.704: [weak refs processing, 0.0001172 secs]1884.704: [class unloading, 0.0061839 secs]1884.710: [scrub symbol table, 0.0049254 secs]1884.715: [scrub string table, 0.0006415 secs][1 CMS-remark: 1375895K(1415616K)] 1404604K(2029056K), 0.0166378 secs] [Times: user=0.13 sys=0.00, real=0.02 secs] 
1884.716: [CMS-concurrent-sweep-start]
1885.119: [CMS-concurrent-sweep: 0.402/0.402 secs] [Times: user=0.41 sys=0.00, real=0.40 secs] 
1885.119: [CMS-concurrent-reset-start]
1885.120: [CMS-concurrent-reset: 0.001/0.001 secs] [Times: user=0.00 sys=0.00, real=0.00 secs] 
1887.121: [GC (CMS Initial Mark) [1 CMS-initial-mark: 1375894K(1415616K)] 1408601K(2029056K), 0.0135196 secs] [Times: user=0.13 sys=0.00, real=0.01 secs] 
1887.134: [CMS-concurrent-mark-start]
1888.418: [CMS-concurrent-mark: 1.283/1.283 secs] [Times: user=2.56 sys=0.00, real=1.28 secs] 
1888.418: [CMS-concurrent-preclean-start]
1888.421: [CMS-concurrent-preclean: 0.003/0.003 secs] [Times: user=0.00 sys=0.00, real=0.00 secs] 
1888.421: [CMS-concurrent-abortable-preclean-start]
 CMS: abort preclean due to time 1893.432: [CMS-concurrent-abortable-preclean: 3.508/5.011 secs] [Times: user=3.52 sys=0.00, real=5.01 secs] 
1893.432: [GC (CMS Final Remark) [YG occupancy: 42244 K (613440 K)]1893.432: [Rescan (parallel) , 0.0070219 secs]1893.439: [weak refs processing, 0.0001196 secs]1893.439: [class unloading, 0.0061475 secs]1893.445: [scrub symbol table, 0.0051476 secs]1893.450: [scrub string table, 0.0006735 secs][1 CMS-remark: 1375894K(1415616K)] 1418139K(2029056K), 0.0192637 secs] [Times: user=0.13 sys=0.00, real=0.02 secs] 
1893.451: [CMS-concurrent-sweep-start]
1893.868: [CMS-concurrent-sweep: 0.417/0.417 secs] [Times: user=0.42 sys=0.00, real=0.42 secs] 
1893.868: [CMS-concurrent-reset-start]
1893.869: [CMS-concurrent-reset: 0.001/0.001 secs] [Times: user=0.00 sys=0.00, real=0.00 secs] 
1895.869: [GC (CMS Initial Mark) [1 CMS-initial-mark: 1375894K(1415616K)] 1422430K(2029056K), 0.0295550 secs] [Times: user=0.25 sys=0.00, real=0.03 secs] 
1895.899: [CMS-concurrent-mark-start]
1897.174: [CMS-concurrent-mark: 1.275/1.275 secs] [Times: user=2.56 sys=0.00, real=1.27 secs] 
1897.174: [CMS-concurrent-preclean-start]
1897.177: [CMS-concurrent-preclean: 0.003/0.003 secs] [Times: user=0.00 sys=0.00, real=0.00 secs] 
1897.177: [CMS-concurrent-abortable-preclean-start]
 CMS: abort preclean due to time 1902.311: [CMS-concurrent-abortable-preclean: 4.135/5.134 secs] [Times: user=4.11 sys=0.00, real=5.13 secs] 
1902.312: [GC (CMS Final Remark) [YG occupancy: 53800 K (613440 K)]1902.312: [Rescan (parallel) , 0.0092101 secs]1902.321: [weak refs processing, 0.0001504 secs]1902.321: [class unloading, 0.0075446 secs]1902.329: [scrub symbol table, 0.0065178 secs]1902.335: [scrub string table, 0.0007611 secs][1 CMS-remark: 1375894K(1415616K)] 1429695K(2029056K), 0.0243375 secs] [Times: user=0.01 sys=0.00, real=0.02 secs] 
1902.336: [CMS-concurrent-sweep-start]
1902.747: [CMS-concurrent-sweep: 0.411/0.411 secs] [Times: user=0.41 sys=0.00, real=0.41 secs] 
1902.747: [CMS-concurrent-reset-start]
1902.748: [CMS-concurrent-reset: 0.001/0.001 secs] [Times: user=0.00 sys=0.00, real=0.00 secs] 
1904.749: [GC (CMS Initial Mark) [1 CMS-initial-mark: 1375894K(1415616K)] 1434034K(2029056K), 0.0402218 secs] [Times: user=0.38 sys=0.00, real=0.04 secs] 
1904.789: [CMS-concurrent-mark-start]
1906.063: [CMS-concurrent-mark: 1.274/1.274 secs] [Times: user=2.56 sys=0.00, real=1.27 secs] 
1906.063: [CMS-concurrent-preclean-start]
1906.066: [CMS-concurrent-preclean: 0.003/0.003 secs] [Times: user=0.00 sys=0.00, real=0.00 secs] 
1906.066: [CMS-concurrent-abortable-preclean-start]
 CMS: abort preclean due to time 1911.067: [CMS-concurrent-abortable-preclean: 3.511/5.001 secs] [Times: user=3.50 sys=0.00, real=5.00 secs] 
1911.067: [GC (CMS Final Remark) [YG occupancy: 67545 K (613440 K)]1911.067: [Rescan (parallel) , 0.0116347 secs]1911.079: [weak refs processing, 0.0001393 secs]1911.079: [class unloading, 0.0061404 secs]1911.085: [scrub symbol table, 0.0050276 secs]1911.090: [scrub string table, 0.0006277 secs][1 CMS-remark: 1375894K(1415616K)] 1443440K(2029056K), 0.0237186 secs] [Times: user=0.13 sys=0.00, real=0.02 secs] 
1911.091: [CMS-concurrent-sweep-start]
1911.500: [CMS-concurrent-sweep: 0.409/0.409 secs] [Times: user=0.47 sys=0.00, real=0.41 secs] 
1911.500: [CMS-concurrent-reset-start]
1911.501: [CMS-concurrent-reset: 0.001/0.001 secs] [Times: user=0.00 sys=0.00, real=0.00 secs] 
1913.501: [GC (CMS Initial Mark) [1 CMS-initial-mark: 1375894K(1415616K)] 1447728K(2029056K), 0.0517921 secs] [Times: user=0.38 sys=0.00, real=0.05 secs] 
1913.553: [CMS-concurrent-mark-start]
1914.815: [CMS-concurrent-mark: 1.262/1.262 secs] [Times: user=2.53 sys=0.00, real=1.26 secs] 
1914.815: [CMS-concurrent-preclean-start]
1914.818: [CMS-concurrent-preclean: 0.003/0.003 secs] [Times: user=0.00 sys=0.00, real=0.00 secs] 
1914.818: [CMS-concurrent-abortable-preclean-start]
 CMS: abort preclean due to time 1919.958: [CMS-concurrent-abortable-preclean: 3.739/5.140 secs] [Times: user=3.73 sys=0.00, real=5.14 secs] 
1919.959: [GC (CMS Final Remark) [YG occupancy: 81268 K (613440 K)]1919.959: [Rescan (parallel) , 0.0143774 secs]1919.973: [weak refs processing, 0.0001228 secs]1919.973: [class unloading, 0.0062514 secs]1919.980: [scrub symbol table, 0.0053868 secs]1919.985: [scrub string table, 0.0006892 secs][1 CMS-remark: 1375894K(1415616K)] 1457163K(2029056K), 0.0269907 secs] [Times: user=0.14 sys=0.00, real=0.03 secs] 
1919.986: [CMS-concurrent-sweep-start]
1920.394: [CMS-concurrent-sweep: 0.409/0.409 secs] [Times: user=0.41 sys=0.00, real=0.41 secs] 
1920.395: [CMS-concurrent-reset-start]
1920.396: [CMS-concurrent-reset: 0.001/0.001 secs] [Times: user=0.00 sys=0.00, real=0.00 secs] 
1922.396: [GC (CMS Initial Mark) [1 CMS-initial-mark: 1375894K(1415616K)] 1460921K(2029056K), 0.0627845 secs] [Times: user=0.50 sys=0.00, real=0.06 secs] 
1922.459: [CMS-concurrent-mark-start]
1923.731: [CMS-concurrent-mark: 1.272/1.272 secs] [Times: user=2.53 sys=0.00, real=1.27 secs] 
1923.731: [CMS-concurrent-preclean-start]
1923.734: [CMS-concurrent-preclean: 0.002/0.003 secs] [Times: user=0.00 sys=0.00, real=0.00 secs] 
1923.734: [CMS-concurrent-abortable-preclean-start]
 CMS: abort preclean due to time 1928.741: [CMS-concurrent-abortable-preclean: 3.704/5.007 secs] [Times: user=3.73 sys=0.00, real=5.01 secs] 
1928.741: [GC (CMS Final Remark) [YG occupancy: 95613 K (613440 K)]1928.741: [Rescan (parallel) , 0.0171656 secs]1928.758: [weak refs processing, 0.0002072 secs]1928.758: [class unloading, 0.0061345 secs]1928.765: [scrub symbol table, 0.0050920 secs]1928.770: [scrub string table, 0.0006703 secs][1 CMS-remark: 1375894K(1415616K)] 1471508K(2029056K), 0.0294433 secs] [Times: user=0.14 sys=0.00, real=0.03 secs] 
1928.770: [CMS-concurrent-sweep-start]
1929.208: [CMS-concurrent-sweep: 0.437/0.437 secs] [Times: user=0.44 sys=0.00, real=0.44 secs] 
1929.208: [CMS-concurrent-reset-start]
1929.209: [CMS-concurrent-reset: 0.001/0.001 secs] [Times: user=0.00 sys=0.00, real=0.00 secs] 
1931.209: [GC (CMS Initial Mark) [1 CMS-initial-mark: 1375894K(1415616K)] 1476984K(2029056K), 0.0761762 secs] [Times: user=0.63 sys=0.00, real=0.08 secs] 
1931.285: [CMS-concurrent-mark-start]
1932.554: [CMS-concurrent-mark: 1.269/1.269 secs] [Times: user=2.53 sys=0.00, real=1.27 secs] 
1932.554: [CMS-concurrent-preclean-start]
1932.557: [CMS-concurrent-preclean: 0.003/0.003 secs] [Times: user=0.00 sys=0.00, real=0.00 secs] 
1932.557: [CMS-concurrent-abortable-preclean-start]
 CMS: abort preclean due to time 1937.563: [CMS-concurrent-abortable-preclean: 3.689/5.006 secs] [Times: user=3.70 sys=0.02, real=5.01 secs] 
1937.563: [GC (CMS Final Remark) [YG occupancy: 113305 K (613440 K)]1937.563: [Rescan (parallel) , 0.0200939 secs]1937.583: [weak refs processing, 0.0001362 secs]1937.583: [class unloading, 0.0061124 secs]1937.589: [scrub symbol table, 0.0050659 secs]1937.594: [scrub string table, 0.0006249 secs][1 CMS-remark: 1375894K(1415616K)] 1489200K(2029056K), 0.0321924 secs] [Times: user=0.14 sys=0.00, real=0.03 secs] 
1937.595: [CMS-concurrent-sweep-start]
1938.002: [CMS-concurrent-sweep: 0.407/0.407 secs] [Times: user=0.41 sys=0.00, real=0.41 secs] 
1938.002: [CMS-concurrent-reset-start]
1938.003: [CMS-concurrent-reset: 0.001/0.001 secs] [Times: user=0.00 sys=0.00, real=0.00 secs] 
1940.003: [GC (CMS Initial Mark) [1 CMS-initial-mark: 1375894K(1415616K)] 1491702K(2029056K), 0.0898893 secs] [Times: user=0.66 sys=0.02, real=0.09 secs] 
1940.093: [CMS-concurrent-mark-start]
1941.365: [CMS-concurrent-mark: 1.270/1.272 secs] [Times: user=2.53 sys=0.00, real=1.27 secs] 
1941.365: [CMS-concurrent-preclean-start]
1941.369: [CMS-concurrent-preclean: 0.003/0.003 secs] [Times: user=0.00 sys=0.00, real=0.00 secs] 
1941.369: [CMS-concurrent-abortable-preclean-start]
 CMS: abort preclean due to time 1946.443: [CMS-concurrent-abortable-preclean: 3.377/5.075 secs] [Times: user=3.34 sys=0.00, real=5.08 secs] 
1946.444: [GC (CMS Final Remark) [YG occupancy: 127661 K (613440 K)]1946.444: [Rescan (parallel) , 0.0231059 secs]1946.467: [weak refs processing, 0.0001421 secs]1946.467: [class unloading, 0.0074352 secs]1946.474: [scrub symbol table, 0.0050951 secs]1946.480: [scrub string table, 0.0006458 secs][1 CMS-remark: 1375894K(1415616K)] 1503556K(2029056K), 0.0365845 secs] [Times: user=0.14 sys=0.00, real=0.04 secs] 
1946.480: [CMS-concurrent-sweep-start]
1946.884: [CMS-concurrent-sweep: 0.404/0.404 secs] [Times: user=0.41 sys=0.00, real=0.40 secs] 
1946.884: [CMS-concurrent-reset-start]
1946.885: [CMS-concurrent-reset: 0.001/0.001 secs] [Times: user=0.00 sys=0.00, real=0.00 secs] 
1948.886: [GC (CMS Initial Mark) [1 CMS-initial-mark: 1375894K(1415616K)] 1506772K(2029056K), 0.1012890 secs] [Times: user=0.88 sys=0.00, real=0.10 secs] 
1948.987: [CMS-concurrent-mark-start]
1950.254: [CMS-concurrent-mark: 1.266/1.266 secs] [Times: user=2.53 sys=0.00, real=1.27 secs] 
1950.254: [CMS-concurrent-preclean-start]
1950.256: [CMS-concurrent-preclean: 0.002/0.003 secs] [Times: user=0.00 sys=0.00, real=0.00 secs] 
1950.256: [CMS-concurrent-abortable-preclean-start]
 CMS: abort preclean due to time 1955.262: [CMS-concurrent-abortable-preclean: 3.289/5.006 secs] [Times: user=3.30 sys=0.00, real=5.01 secs] 
1955.263: [GC (CMS Final Remark) [YG occupancy: 141343 K (613440 K)]1955.263: [Rescan (parallel) , 0.0258783 secs]1955.289: [weak refs processing, 0.0001413 secs]1955.289: [class unloading, 0.0073117 secs]1955.296: [scrub symbol table, 0.0053576 secs]1955.301: [scrub string table, 0.0006431 secs][1 CMS-remark: 1375894K(1415616K)] 1517238K(2029056K), 0.0394840 secs] [Times: user=0.27 sys=0.00, real=0.04 secs] 
1955.302: [CMS-concurrent-sweep-start]
1955.709: [CMS-concurrent-sweep: 0.407/0.407 secs] [Times: user=0.41 sys=0.00, real=0.41 secs] 
1955.709: [CMS-concurrent-reset-start]
1955.710: [CMS-concurrent-reset: 0.001/0.001 secs] [Times: user=0.00 sys=0.00, real=0.00 secs] 
1957.710: [GC (CMS Initial Mark) [1 CMS-initial-mark: 1375894K(1415616K)] 1520637K(2029056K), 0.1134053 secs] [Times: user=0.88 sys=0.00, real=0.11 secs] 
1957.824: [CMS-concurrent-mark-start]
1959.109: [CMS-concurrent-mark: 1.285/1.285 secs] [Times: user=2.59 sys=0.00, real=1.29 secs] 
1959.109: [CMS-concurrent-preclean-start]
1959.112: [CMS-concurrent-preclean: 0.003/0.003 secs] [Times: user=0.00 sys=0.00, real=0.00 secs] 
1959.112: [CMS-concurrent-abortable-preclean-start]
 CMS: abort preclean due to time 1964.209: [CMS-concurrent-abortable-preclean: 3.501/5.097 secs] [Times: user=3.58 sys=0.00, real=5.10 secs] 
1964.209: [GC (CMS Final Remark) [YG occupancy: 155812 K (613440 K)]1964.209: [Rescan (parallel) , 0.0289842 secs]1964.238: [weak refs processing, 0.0001393 secs]1964.238: [class unloading, 0.0065885 secs]1964.245: [scrub symbol table, 0.0053742 secs]1964.250: [scrub string table, 0.0006557 secs][1 CMS-remark: 1375894K(1415616K)] 1531707K(2029056K), 0.0419011 secs] [Times: user=0.25 sys=0.00, real=0.04 secs] 
1964.251: [CMS-concurrent-sweep-start]
1964.669: [CMS-concurrent-sweep: 0.418/0.418 secs] [Times: user=0.41 sys=0.00, real=0.42 secs] 
1964.669: [CMS-concurrent-reset-start]
1964.670: [CMS-concurrent-reset: 0.001/0.001 secs] [Times: user=0.00 sys=0.00, real=0.00 secs] 
1966.670: [GC (CMS Initial Mark) [1 CMS-initial-mark: 1375894K(1415616K)] 1536742K(2029056K), 0.1251225 secs] [Times: user=1.00 sys=0.00, real=0.13 secs] 
1966.795: [CMS-concurrent-mark-start]
1968.064: [CMS-concurrent-mark: 1.269/1.269 secs] [Times: user=2.56 sys=0.00, real=1.27 secs] 
1968.064: [CMS-concurrent-preclean-start]
1968.067: [CMS-concurrent-preclean: 0.003/0.003 secs] [Times: user=0.00 sys=0.00, real=0.00 secs] 
1968.067: [CMS-concurrent-abortable-preclean-start]
 CMS: abort preclean due to time 1973.101: [CMS-concurrent-abortable-preclean: 3.335/5.034 secs] [Times: user=3.31 sys=0.00, real=5.03 secs] 
1973.101: [GC (CMS Final Remark) [YG occupancy: 168444 K (613440 K)]1973.101: [Rescan (parallel) , 0.0309008 secs]1973.132: [weak refs processing, 0.0001291 secs]1973.132: [class unloading, 0.0061764 secs]1973.138: [scrub symbol table, 0.0051484 secs]1973.143: [scrub string table, 0.0006470 secs][1 CMS-remark: 1375894K(1415616K)] 1544339K(2029056K), 0.0431532 secs] [Times: user=0.27 sys=0.00, real=0.04 secs] 
1973.144: [CMS-concurrent-sweep-start]
1973.555: [CMS-concurrent-sweep: 0.411/0.411 secs] [Times: user=0.41 sys=0.00, real=0.41 secs] 
1973.555: [CMS-concurrent-reset-start]
1973.556: [CMS-concurrent-reset: 0.001/0.001 secs] [Times: user=0.00 sys=0.00, real=0.00 secs] 
1975.556: [GC (CMS Initial Mark) [1 CMS-initial-mark: 1375894K(1415616K)] 1547901K(2029056K), 0.1370291 secs] [Times: user=1.13 sys=0.00, real=0.14 secs] 
1975.693: [CMS-concurrent-mark-start]
1976.970: [CMS-concurrent-mark: 1.276/1.277 secs] [Times: user=2.56 sys=0.00, real=1.28 secs] 
1976.971: [CMS-concurrent-preclean-start]
1976.974: [CMS-concurrent-preclean: 0.003/0.003 secs] [Times: user=0.00 sys=0.00, real=0.00 secs] 
1976.974: [CMS-concurrent-abortable-preclean-start]
 CMS: abort preclean due to time 1982.023: [CMS-concurrent-abortable-preclean: 3.331/5.049 secs] [Times: user=3.41 sys=0.02, real=5.05 secs] 
1982.023: [GC (CMS Final Remark) [YG occupancy: 186221 K (613440 K)]1982.023: [Rescan (parallel) , 0.0347867 secs]1982.058: [weak refs processing, 0.0001188 secs]1982.058: [class unloading, 0.0062383 secs]1982.065: [scrub symbol table, 0.0055242 secs]1982.070: [scrub string table, 0.0007129 secs][1 CMS-remark: 1375894K(1415616K)] 1562116K(2029056K), 0.0475425 secs] [Times: user=0.27 sys=0.00, real=0.05 secs] 
1982.071: [CMS-concurrent-sweep-start]
1982.482: [CMS-concurrent-sweep: 0.411/0.411 secs] [Times: user=0.41 sys=0.00, real=0.41 secs] 
1982.482: [CMS-concurrent-reset-start]
1982.484: [CMS-concurrent-reset: 0.001/0.001 secs] [Times: user=0.01 sys=0.00, real=0.00 secs] 
1984.484: [GC (CMS Initial Mark) [1 CMS-initial-mark: 1375894K(1415616K)] 1566353K(2029056K), 0.1543704 secs] [Times: user=1.13 sys=0.00, real=0.15 secs] 
1984.638: [CMS-concurrent-mark-start]
1985.917: [CMS-concurrent-mark: 1.279/1.279 secs] [Times: user=2.56 sys=0.00, real=1.28 secs] 
1985.917: [CMS-concurrent-preclean-start]
1985.920: [CMS-concurrent-preclean: 0.002/0.003 secs] [Times: user=0.00 sys=0.00, real=0.00 secs] 
1985.920: [CMS-concurrent-abortable-preclean-start]
 CMS: abort preclean due to time 1991.006: [CMS-concurrent-abortable-preclean: 3.584/5.086 secs] [Times: user=3.61 sys=0.00, real=5.09 secs] 
1991.006: [GC (CMS Final Remark) [YG occupancy: 200253 K (613440 K)]1991.006: [Rescan (parallel) , 0.0376756 secs]1991.044: [weak refs processing, 0.0001512 secs]1991.044: [class unloading, 0.0075671 secs]1991.051: [scrub symbol table, 0.0067389 secs]1991.058: [scrub string table, 0.0007686 secs][1 CMS-remark: 1375894K(1415616K)] 1576148K(2029056K), 0.0530664 secs] [Times: user=0.27 sys=0.00, real=0.05 secs] 
1991.059: [CMS-concurrent-sweep-start]
1991.469: [CMS-concurrent-sweep: 0.410/0.410 secs] [Times: user=0.42 sys=0.00, real=0.41 secs] 
1991.469: [CMS-concurrent-reset-start]
1991.471: [CMS-concurrent-reset: 0.001/0.001 secs] [Times: user=0.00 sys=0.00, real=0.00 secs] 
1993.471: [GC (CMS Initial Mark) [1 CMS-initial-mark: 1375894K(1415616K)] 1581083K(2029056K), 0.1663663 secs] [Times: user=1.25 sys=0.00, real=0.17 secs] 
1993.638: [CMS-concurrent-mark-start]
1994.912: [CMS-concurrent-mark: 1.273/1.274 secs] [Times: user=2.56 sys=0.00, real=1.28 secs] 
1994.912: [CMS-concurrent-preclean-start]
1994.915: [CMS-concurrent-preclean: 0.003/0.003 secs] [Times: user=0.00 sys=0.00, real=0.00 secs] 
1994.915: [CMS-concurrent-abortable-preclean-start]
 CMS: abort preclean due to time 1999.951: [CMS-concurrent-abortable-preclean: 3.434/5.036 secs] [Times: user=3.47 sys=0.00, real=5.03 secs] 
1999.951: [GC (CMS Final Remark) [YG occupancy: 215712 K (613440 K)]1999.951: [Rescan (parallel) , 0.0402983 secs]1999.992: [weak refs processing, 0.0001212 secs]1999.992: [class unloading, 0.0076879 secs]2000.000: [scrub symbol table, 0.0057449 secs]2000.005: [scrub string table, 0.0006695 secs][1 CMS-remark: 1375894K(1415616K)] 1591606K(2029056K), 0.0546837 secs] [Times: user=0.39 sys=0.00, real=0.06 secs] 
2000.006: [CMS-concurrent-sweep-start]
2000.415: [CMS-concurrent-sweep: 0.409/0.409 secs] [Times: user=0.41 sys=0.00, real=0.41 secs] 
2000.416: [CMS-concurrent-reset-start]
2000.417: [CMS-concurrent-reset: 0.001/0.001 secs] [Times: user=0.00 sys=0.00, real=0.00 secs] 
2002.418: [GC (CMS Initial Mark) [1 CMS-initial-mark: 1375894K(1415616K)] 1593888K(2029056K), 0.1787719 secs] [Times: user=1.50 sys=0.00, real=0.18 secs] 
2002.597: [CMS-concurrent-mark-start]
2003.866: [CMS-concurrent-mark: 1.270/1.270 secs] [Times: user=2.53 sys=0.00, real=1.27 secs] 
2003.866: [CMS-concurrent-preclean-start]
2003.869: [CMS-concurrent-preclean: 0.003/0.003 secs] [Times: user=0.00 sys=0.00, real=0.00 secs] 
2003.869: [CMS-concurrent-abortable-preclean-start]
 CMS: abort preclean due to time 2008.995: [CMS-concurrent-abortable-preclean: 3.528/5.126 secs] [Times: user=3.55 sys=0.02, real=5.13 secs] 
2008.996: [GC (CMS Final Remark) [YG occupancy: 229305 K (613440 K)]2008.996: [Rescan (parallel) , 0.0432677 secs]2009.039: [weak refs processing, 0.0001840 secs]2009.039: [class unloading, 0.0076918 secs]2009.047: [scrub symbol table, 0.0051899 secs]2009.052: [scrub string table, 0.0006849 secs][1 CMS-remark: 1375894K(1415616K)] 1605200K(2029056K), 0.0571939 secs] [Times: user=0.39 sys=0.00, real=0.06 secs] 
2009.053: [CMS-concurrent-sweep-start]
2009.458: [CMS-concurrent-sweep: 0.405/0.405 secs] [Times: user=0.41 sys=0.00, real=0.41 secs] 
2009.458: [CMS-concurrent-reset-start]
2009.459: [CMS-concurrent-reset: 0.001/0.001 secs] [Times: user=0.00 sys=0.00, real=0.00 secs] 
2011.460: [GC (CMS Initial Mark) [1 CMS-initial-mark: 1375894K(1415616K)] 1609854K(2029056K), 0.1919228 secs] [Times: user=1.50 sys=0.00, real=0.19 secs] 
2011.652: [CMS-concurrent-mark-start]
2012.925: [CMS-concurrent-mark: 1.274/1.274 secs] [Times: user=2.56 sys=0.00, real=1.27 secs] 
2012.925: [CMS-concurrent-preclean-start]
2012.929: [CMS-concurrent-preclean: 0.003/0.003 secs] [Times: user=0.00 sys=0.00, real=0.00 secs] 
2012.929: [CMS-concurrent-abortable-preclean-start]
 CMS: abort preclean due to time 2017.995: [CMS-concurrent-abortable-preclean: 3.284/5.066 secs] [Times: user=3.34 sys=0.00, real=5.07 secs] 
2017.995: [GC (CMS Final Remark) [YG occupancy: 244803 K (613440 K)]2017.995: [Rescan (parallel) , 0.0459461 secs]2018.041: [weak refs processing, 0.0001792 secs]2018.041: [class unloading, 0.0093348 secs]2018.050: [scrub symbol table, 0.0060224 secs]2018.057: [scrub string table, 0.0006738 secs][1 CMS-remark: 1375894K(1415616K)] 1620697K(2029056K), 0.0623459 secs] [Times: user=0.39 sys=0.00, real=0.06 secs] 
2018.057: [CMS-concurrent-sweep-start]
2018.466: [CMS-concurrent-sweep: 0.409/0.409 secs] [Times: user=0.41 sys=0.00, real=0.41 secs] 
2018.466: [CMS-concurrent-reset-start]
2018.467: [CMS-concurrent-reset: 0.001/0.001 secs] [Times: user=0.00 sys=0.00, real=0.00 secs] 
2020.467: [GC (CMS Initial Mark) [1 CMS-initial-mark: 1375894K(1415616K)] 1622981K(2029056K), 0.2028828 secs] [Times: user=1.61 sys=0.00, real=0.20 secs] 
2020.670: [CMS-concurrent-mark-start]
2021.947: [CMS-concurrent-mark: 1.277/1.277 secs] [Times: user=2.58 sys=0.00, real=1.28 secs] 
2021.947: [CMS-concurrent-preclean-start]
2021.950: [CMS-concurrent-preclean: 0.003/0.003 secs] [Times: user=0.00 sys=0.00, real=0.00 secs] 
2021.950: [CMS-concurrent-abortable-preclean-start]
 CMS: abort preclean due to time 2027.083: [CMS-concurrent-abortable-preclean: 3.534/5.132 secs] [Times: user=3.51 sys=0.00, real=5.13 secs] 
2027.083: [GC (CMS Final Remark) [YG occupancy: 258144 K (613440 K)]2027.083: [Rescan (parallel) , 0.0486320 secs]2027.132: [weak refs processing, 0.0001263 secs]2027.132: [class unloading, 0.0063441 secs]2027.138: [scrub symbol table, 0.0053008 secs]2027.143: [scrub string table, 0.0006742 secs][1 CMS-remark: 1375894K(1415616K)] 1634038K(2029056K), 0.0612303 secs] [Times: user=0.39 sys=0.00, real=0.06 secs] 
2027.144: [CMS-concurrent-sweep-start]
2027.547: [CMS-concurrent-sweep: 0.403/0.403 secs] [Times: user=0.41 sys=0.00, real=0.40 secs] 
2027.548: [CMS-concurrent-reset-start]
2027.549: [CMS-concurrent-reset: 0.001/0.001 secs] [Times: user=0.00 sys=0.00, real=0.00 secs] 
2029.550: [GC (CMS Initial Mark) [1 CMS-initial-mark: 1375894K(1415616K)] 1638711K(2029056K), 0.2163531 secs] [Times: user=1.72 sys=0.00, real=0.22 secs] 
2029.766: [CMS-concurrent-mark-start]
2031.043: [CMS-concurrent-mark: 1.275/1.277 secs] [Times: user=2.53 sys=0.00, real=1.28 secs] 
2031.043: [CMS-concurrent-preclean-start]
2031.046: [CMS-concurrent-preclean: 0.003/0.003 secs] [Times: user=0.00 sys=0.00, real=0.00 secs] 
2031.046: [CMS-concurrent-abortable-preclean-start]
 CMS: abort preclean due to time 2036.058: [CMS-concurrent-abortable-preclean: 3.527/5.011 secs] [Times: user=3.53 sys=0.01, real=5.01 secs] 
2036.058: [GC (CMS Final Remark) [YG occupancy: 272658 K (613440 K)]2036.058: [Rescan (parallel) , 0.0516397 secs]2036.110: [weak refs processing, 0.0001275 secs]2036.110: [class unloading, 0.0063335 secs]2036.116: [scrub symbol table, 0.0052633 secs]2036.121: [scrub string table, 0.0006715 secs][1 CMS-remark: 1375894K(1415616K)] 1648553K(2029056K), 0.0641949 secs] [Times: user=0.50 sys=0.00, real=0.06 secs] 
2036.122: [CMS-concurrent-sweep-start]
2036.530: [CMS-concurrent-sweep: 0.408/0.408 secs] [Times: user=0.41 sys=0.00, real=0.41 secs] 
2036.530: [CMS-concurrent-reset-start]
2036.531: [CMS-concurrent-reset: 0.001/0.001 secs] [Times: user=0.02 sys=0.00, real=0.00 secs] 
2038.531: [GC (CMS Initial Mark) [1 CMS-initial-mark: 1375894K(1415616K)] 1652824K(2029056K), 0.2285089 secs] [Times: user=1.70 sys=0.00, real=0.23 secs] 
2038.760: [CMS-concurrent-mark-start]
2040.031: [CMS-concurrent-mark: 1.271/1.271 secs] [Times: user=2.53 sys=0.00, real=1.27 secs] 
2040.031: [CMS-concurrent-preclean-start]
2040.034: [CMS-concurrent-preclean: 0.003/0.003 secs] [Times: user=0.02 sys=0.00, real=0.00 secs] 
2040.034: [CMS-concurrent-abortable-preclean-start]
 CMS: abort preclean due to time 2045.054: [CMS-concurrent-abortable-preclean: 3.404/5.020 secs] [Times: user=3.42 sys=0.00, real=5.02 secs] 
2045.054: [GC (CMS Final Remark) [YG occupancy: 289001 K (613440 K)]2045.054: [Rescan (parallel) , 0.0552186 secs]2045.109: [weak refs processing, 0.0001255 secs]2045.110: [class unloading, 0.0063003 secs]2045.116: [scrub symbol table, 0.0052688 secs]2045.121: [scrub string table, 0.0007394 secs][1 CMS-remark: 1375894K(1415616K)] 1664896K(2029056K), 0.0678058 secs] [Times: user=0.50 sys=0.00, real=0.07 secs] 
2045.122: [CMS-concurrent-sweep-start]
2045.532: [CMS-concurrent-sweep: 0.410/0.410 secs] [Times: user=0.42 sys=0.00, real=0.41 secs] 
2045.532: [CMS-concurrent-reset-start]
2045.533: [CMS-concurrent-reset: 0.001/0.001 secs] [Times: user=0.00 sys=0.00, real=0.00 secs] 
2047.534: [GC (CMS Initial Mark) [1 CMS-initial-mark: 1375894K(1415616K)] 1668037K(2029056K), 0.2413728 secs] [Times: user=1.86 sys=0.00, real=0.24 secs] 
2047.775: [CMS-concurrent-mark-start]
2049.047: [CMS-concurrent-mark: 1.272/1.272 secs] [Times: user=2.56 sys=0.00, real=1.27 secs] 
2049.047: [CMS-concurrent-preclean-start]
2049.051: [CMS-concurrent-preclean: 0.003/0.003 secs] [Times: user=0.00 sys=0.00, real=0.00 secs] 
2049.051: [CMS-concurrent-abortable-preclean-start]
 CMS: abort preclean due to time 2054.085: [CMS-concurrent-abortable-preclean: 3.378/5.034 secs] [Times: user=3.38 sys=0.00, real=5.03 secs] 
2054.085: [GC (CMS Final Remark) [YG occupancy: 303165 K (613440 K)]2054.085: [Rescan (parallel) , 0.0577675 secs]2054.143: [weak refs processing, 0.0001322 secs]2054.143: [class unloading, 0.0062877 secs]2054.150: [scrub symbol table, 0.0051626 secs]2054.155: [scrub string table, 0.0006798 secs][1 CMS-remark: 1375894K(1415616K)] 1679060K(2029056K), 0.0701897 secs] [Times: user=0.52 sys=0.00, real=0.07 secs] 
2054.156: [CMS-concurrent-sweep-start]
2054.561: [CMS-concurrent-sweep: 0.405/0.405 secs] [Times: user=0.39 sys=0.00, real=0.40 secs] 
2054.561: [CMS-concurrent-reset-start]
2054.562: [CMS-concurrent-reset: 0.001/0.001 secs] [Times: user=0.02 sys=0.00, real=0.00 secs] 
2056.563: [GC (CMS Initial Mark) [1 CMS-initial-mark: 1375894K(1415616K)] 1682979K(2029056K), 0.2538187 secs] [Times: user=1.98 sys=0.00, real=0.25 secs] 
2056.817: [CMS-concurrent-mark-start]
2058.096: [CMS-concurrent-mark: 1.279/1.279 secs] [Times: user=2.56 sys=0.00, real=1.28 secs] 
2058.096: [CMS-concurrent-preclean-start]
2058.099: [CMS-concurrent-preclean: 0.002/0.002 secs] [Times: user=0.00 sys=0.00, real=0.00 secs] 
2058.099: [CMS-concurrent-abortable-preclean-start]
 CMS: abort preclean due to time 2063.106: [CMS-concurrent-abortable-preclean: 3.307/5.008 secs] [Times: user=3.25 sys=0.02, real=5.01 secs] 
2063.106: [GC (CMS Final Remark) [YG occupancy: 317525 K (613440 K)]2063.106: [Rescan (parallel) , 0.0601743 secs]2063.167: [weak refs processing, 0.0001283 secs]2063.167: [class unloading, 0.0063358 secs]2063.173: [scrub symbol table, 0.0051184 secs]2063.178: [scrub string table, 0.0006786 secs][1 CMS-remark: 1375894K(1415616K)] 1693420K(2029056K), 0.0726001 secs] [Times: user=0.52 sys=0.00, real=0.07 secs] 
2063.179: [CMS-concurrent-sweep-start]
2063.586: [CMS-concurrent-sweep: 0.407/0.407 secs] [Times: user=0.42 sys=0.00, real=0.41 secs] 
2063.586: [CMS-concurrent-reset-start]
2063.587: [CMS-concurrent-reset: 0.001/0.001 secs] [Times: user=0.00 sys=0.00, real=0.00 secs] 
2065.589: [GC (CMS Initial Mark) [1 CMS-initial-mark: 1375894K(1415616K)] 1697515K(2029056K), 0.2675227 secs] [Times: user=2.09 sys=0.00, real=0.27 secs] 
2065.856: [CMS-concurrent-mark-start]
2067.125: [CMS-concurrent-mark: 1.269/1.269 secs] [Times: user=2.58 sys=0.00, real=1.27 secs] 
2067.125: [CMS-concurrent-preclean-start]
2067.128: [CMS-concurrent-preclean: 0.003/0.003 secs] [Times: user=0.00 sys=0.00, real=0.00 secs] 
2067.128: [CMS-concurrent-abortable-preclean-start]
 CMS: abort preclean due to time 2072.224: [CMS-concurrent-abortable-preclean: 3.549/5.096 secs] [Times: user=3.63 sys=0.00, real=5.10 secs] 
2072.224: [GC (CMS Final Remark) [YG occupancy: 334038 K (613440 K)]2072.224: [Rescan (parallel) , 0.0642115 secs]2072.288: [weak refs processing, 0.0001267 secs]2072.288: [class unloading, 0.0064314 secs]2072.295: [scrub symbol table, 0.0068478 secs]2072.302: [scrub string table, 0.0006896 secs][1 CMS-remark: 1375894K(1415616K)] 1709933K(2029056K), 0.0784405 secs] [Times: user=0.50 sys=0.00, real=0.08 secs] 
2072.303: [CMS-concurrent-sweep-start]
2072.723: [CMS-concurrent-sweep: 0.421/0.421 secs] [Times: user=0.42 sys=0.00, real=0.42 secs] 
2072.724: [CMS-concurrent-reset-start]
2072.725: [CMS-concurrent-reset: 0.001/0.001 secs] [Times: user=0.00 sys=0.00, real=0.00 secs] 
2074.725: [GC (CMS Initial Mark) [1 CMS-initial-mark: 1375894K(1415616K)] 1714732K(2029056K), 0.0677355 secs] [Times: user=0.47 sys=0.02, real=0.07 secs] 
2074.793: [CMS-concurrent-mark-start]
2076.125: [CMS-concurrent-mark: 1.332/1.332 secs] [Times: user=2.69 sys=0.00, real=1.33 secs] 
2076.125: [CMS-concurrent-preclean-start]
2076.128: [CMS-concurrent-preclean: 0.003/0.003 secs] [Times: user=0.00 sys=0.00, real=0.00 secs] 
2076.128: [CMS-concurrent-abortable-preclean-start]
 CMS: abort preclean due to time 2081.157: [CMS-concurrent-abortable-preclean: 3.928/5.029 secs] [Times: user=3.88 sys=0.00, real=5.03 secs] 
2081.157: [GC (CMS Final Remark) [YG occupancy: 348129 K (613440 K)]2081.157: [Rescan (parallel) , 0.0670715 secs]2081.224: [weak refs processing, 0.0001283 secs]2081.224: [class unloading, 0.0065751 secs]2081.231: [scrub symbol table, 0.0071250 secs]2081.238: [scrub string table, 0.0006960 secs][1 CMS-remark: 1375894K(1415616K)] 1724024K(2029056K), 0.0817466 secs] [Times: user=0.52 sys=0.00, real=0.08 secs] 
2081.239: [CMS-concurrent-sweep-start]
2081.664: [CMS-concurrent-sweep: 0.425/0.425 secs] [Times: user=0.42 sys=0.00, real=0.43 secs] 
2081.664: [CMS-concurrent-reset-start]
2081.665: [CMS-concurrent-reset: 0.001/0.001 secs] [Times: user=0.00 sys=0.00, real=0.00 secs] 
2083.665: [GC (CMS Initial Mark) [1 CMS-initial-mark: 1375894K(1415616K)] 1727954K(2029056K), 0.0732388 secs] [Times: user=0.59 sys=0.00, real=0.07 secs] 
2083.739: [CMS-concurrent-mark-start]
2085.063: [CMS-concurrent-mark: 1.324/1.324 secs] [Times: user=2.64 sys=0.02, real=1.32 secs] 
2085.063: [CMS-concurrent-preclean-start]
2085.065: [CMS-concurrent-preclean: 0.003/0.003 secs] [Times: user=0.00 sys=0.00, real=0.00 secs] 
2085.065: [CMS-concurrent-abortable-preclean-start]
 CMS: abort preclean due to time 2090.110: [CMS-concurrent-abortable-preclean: 3.844/5.045 secs] [Times: user=3.80 sys=0.00, real=5.05 secs] 
2090.110: [GC (CMS Final Remark) [YG occupancy: 363962 K (613440 K)]2090.110: [Rescan (parallel) , 0.0697669 secs]2090.180: [weak refs processing, 0.0001200 secs]2090.180: [class unloading, 0.0061866 secs]2090.186: [scrub symbol table, 0.0053888 secs]2090.192: [scrub string table, 0.0006502 secs][1 CMS-remark: 1375894K(1415616K)] 1739857K(2029056K), 0.0822578 secs] [Times: user=0.52 sys=0.00, real=0.08 secs] 
2090.193: [CMS-concurrent-sweep-start]
2090.605: [CMS-concurrent-sweep: 0.412/0.413 secs] [Times: user=0.41 sys=0.00, real=0.41 secs] 
2090.605: [CMS-concurrent-reset-start]
2090.606: [CMS-concurrent-reset: 0.001/0.001 secs] [Times: user=0.00 sys=0.00, real=0.00 secs] 
2092.606: [GC (CMS Initial Mark) [1 CMS-initial-mark: 1375894K(1415616K)] 1743213K(2029056K), 0.0743414 secs] [Times: user=0.61 sys=0.00, real=0.07 secs] 
2092.681: [CMS-concurrent-mark-start]
2094.032: [CMS-concurrent-mark: 1.352/1.352 secs] [Times: user=2.70 sys=0.00, real=1.35 secs] 
2094.032: [CMS-concurrent-preclean-start]
2094.035: [CMS-concurrent-preclean: 0.003/0.003 secs] [Times: user=0.00 sys=0.00, real=0.00 secs] 
2094.035: [CMS-concurrent-abortable-preclean-start]
 CMS: abort preclean due to time 2099.082: [CMS-concurrent-abortable-preclean: 3.847/5.046 secs] [Times: user=3.86 sys=0.00, real=5.05 secs] 
2099.082: [GC (CMS Final Remark) [YG occupancy: 379342 K (613440 K)]2099.082: [Rescan (parallel) , 0.0743891 secs]2099.156: [weak refs processing, 0.0001287 secs]2099.157: [class unloading, 0.0062679 secs]2099.163: [scrub symbol table, 0.0058696 secs]2099.169: [scrub string table, 0.0006703 secs][1 CMS-remark: 1375894K(1415616K)] 1755237K(2029056K), 0.0874654 secs] [Times: user=0.61 sys=0.00, real=0.09 secs] 
2099.170: [CMS-concurrent-sweep-start]
2099.586: [CMS-concurrent-sweep: 0.417/0.417 secs] [Times: user=0.44 sys=0.00, real=0.42 secs] 
2099.586: [CMS-concurrent-reset-start]
2099.588: [CMS-concurrent-reset: 0.001/0.001 secs] [Times: user=0.00 sys=0.00, real=0.00 secs] 
2101.588: [GC (CMS Initial Mark) [1 CMS-initial-mark: 1375894K(1415616K)] 1756925K(2029056K), 0.0788605 secs] [Times: user=0.59 sys=0.00, real=0.08 secs] 
2101.667: [CMS-concurrent-mark-start]
2102.956: [CMS-concurrent-mark: 1.289/1.289 secs] [Times: user=2.61 sys=0.00, real=1.29 secs] 
2102.956: [CMS-concurrent-preclean-start]
2102.958: [CMS-concurrent-preclean: 0.003/0.003 secs] [Times: user=0.00 sys=0.00, real=0.00 secs] 
2102.958: [CMS-concurrent-abortable-preclean-start]
 CMS: abort preclean due to time 2108.053: [CMS-concurrent-abortable-preclean: 3.595/5.095 secs] [Times: user=3.59 sys=0.00, real=5.10 secs] 
2108.053: [GC (CMS Final Remark) [YG occupancy: 392099 K (613440 K)]2108.053: [Rescan (parallel) , 0.0804048 secs]2108.134: [weak refs processing, 0.0001263 secs]2108.134: [class unloading, 0.0062952 secs]2108.140: [scrub symbol table, 0.0058250 secs]2108.146: [scrub string table, 0.0006833 secs][1 CMS-remark: 1375894K(1415616K)] 1767993K(2029056K), 0.0934764 secs] [Times: user=0.61 sys=0.00, real=0.09 secs] 
2108.147: [CMS-concurrent-sweep-start]
2108.569: [CMS-concurrent-sweep: 0.423/0.423 secs] [Times: user=0.42 sys=0.00, real=0.42 secs] 
2108.569: [CMS-concurrent-reset-start]
2108.571: [CMS-concurrent-reset: 0.001/0.001 secs] [Times: user=0.00 sys=0.00, real=0.00 secs] 
2110.571: [GC (CMS Initial Mark) [1 CMS-initial-mark: 1375894K(1415616K)] 1771757K(2029056K), 0.0791613 secs] [Times: user=0.63 sys=0.00, real=0.08 secs] 
2110.650: [CMS-concurrent-mark-start]
2111.940: [CMS-concurrent-mark: 1.290/1.290 secs] [Times: user=2.61 sys=0.00, real=1.29 secs] 
2111.941: [CMS-concurrent-preclean-start]
2111.943: [CMS-concurrent-preclean: 0.003/0.003 secs] [Times: user=0.00 sys=0.00, real=0.00 secs] 
2111.944: [CMS-concurrent-abortable-preclean-start]
 CMS: abort preclean due to time 2116.987: [CMS-concurrent-abortable-preclean: 3.545/5.043 secs] [Times: user=3.53 sys=0.00, real=5.04 secs] 
2116.987: [GC (CMS Final Remark) [YG occupancy: 405219 K (613440 K)]2116.987: [Rescan (parallel) , 0.0815583 secs]2117.069: [weak refs processing, 0.0001800 secs]2117.069: [class unloading, 0.0073425 secs]2117.076: [scrub symbol table, 0.0055609 secs]2117.082: [scrub string table, 0.0006715 secs][1 CMS-remark: 1375894K(1415616K)] 1781113K(2029056K), 0.0954672 secs] [Times: user=0.63 sys=0.00, real=0.10 secs] 
2117.083: [CMS-concurrent-sweep-start]
2117.500: [CMS-concurrent-sweep: 0.418/0.418 secs] [Times: user=0.42 sys=0.00, real=0.42 secs] 
2117.500: [CMS-concurrent-reset-start]
2117.501: [CMS-concurrent-reset: 0.001/0.001 secs] [Times: user=0.00 sys=0.00, real=0.00 secs] 
2119.501: [GC (CMS Initial Mark) [1 CMS-initial-mark: 1375894K(1415616K)] 1786618K(2029056K), 0.0816309 secs] [Times: user=0.61 sys=0.00, real=0.08 secs] 
2119.583: [CMS-concurrent-mark-start]
2120.876: [CMS-concurrent-mark: 1.291/1.293 secs] [Times: user=2.59 sys=0.00, real=1.29 secs] 
2120.876: [CMS-concurrent-preclean-start]
2120.878: [CMS-concurrent-preclean: 0.003/0.003 secs] [Times: user=0.00 sys=0.00, real=0.00 secs] 
2120.878: [CMS-concurrent-abortable-preclean-start]
 CMS: abort preclean due to time 2125.960: [CMS-concurrent-abortable-preclean: 3.487/5.082 secs] [Times: user=3.51 sys=0.00, real=5.08 secs] 
2125.960: [GC (CMS Final Remark) [YG occupancy: 421318 K (613440 K)]2125.960: [Rescan (parallel) , 0.0820900 secs]2126.042: [weak refs processing, 0.0001788 secs]2126.042: [class unloading, 0.0075493 secs]2126.050: [scrub symbol table, 0.0067345 secs]2126.057: [scrub string table, 0.0008250 secs][1 CMS-remark: 1375894K(1415616K)] 1797212K(2029056K), 0.0975381 secs] [Times: user=0.64 sys=0.00, real=0.10 secs] 
2126.058: [CMS-concurrent-sweep-start]
2126.478: [CMS-concurrent-sweep: 0.420/0.420 secs] [Times: user=0.42 sys=0.00, real=0.42 secs] 
2126.478: [CMS-concurrent-reset-start]
2126.479: [CMS-concurrent-reset: 0.001/0.001 secs] [Times: user=0.00 sys=0.00, real=0.00 secs] 
2128.478: [GC (CMS Initial Mark) [1 CMS-initial-mark: 1375894K(1415616K)] 1810025K(2029056K), 0.0889892 secs] [Times: user=0.73 sys=0.00, real=0.09 secs] 
2128.567: [CMS-concurrent-mark-start]
2129.876: [CMS-concurrent-mark: 1.309/1.309 secs] [Times: user=2.63 sys=0.00, real=1.31 secs] 
2129.876: [CMS-concurrent-preclean-start]
2129.879: [CMS-concurrent-preclean: 0.003/0.003 secs] [Times: user=0.00 sys=0.00, real=0.00 secs] 
2129.879: [CMS-concurrent-abortable-preclean-start]
 CMS: abort preclean due to time 2134.933: [CMS-concurrent-abortable-preclean: 3.751/5.054 secs] [Times: user=3.73 sys=0.00, real=5.06 secs] 
2134.933: [GC (CMS Final Remark) [YG occupancy: 442693 K (613440 K)]2134.933: [Rescan (parallel) , 0.0884634 secs]2135.022: [weak refs processing, 0.0001784 secs]2135.022: [class unloading, 0.0072205 secs]2135.029: [scrub symbol table, 0.0056359 secs]2135.035: [scrub string table, 0.0006774 secs][1 CMS-remark: 1375894K(1415616K)] 1818588K(2029056K), 0.1023300 secs] [Times: user=0.75 sys=0.00, real=0.10 secs] 
2135.036: [CMS-concurrent-sweep-start]
2135.454: [CMS-concurrent-sweep: 0.418/0.418 secs] [Times: user=0.42 sys=0.00, real=0.42 secs] 
2135.454: [CMS-concurrent-reset-start]
2135.456: [CMS-concurrent-reset: 0.001/0.001 secs] [Times: user=0.00 sys=0.00, real=0.00 secs] 
2137.456: [GC (CMS Initial Mark) [1 CMS-initial-mark: 1375894K(1415616K)] 1822594K(2029056K), 0.0957040 secs] [Times: user=0.70 sys=0.00, real=0.10 secs] 
2137.552: [CMS-concurrent-mark-start]
2138.856: [CMS-concurrent-mark: 1.304/1.304 secs] [Times: user=2.59 sys=0.00, real=1.30 secs] 
2138.856: [CMS-concurrent-preclean-start]
2138.859: [CMS-concurrent-preclean: 0.003/0.003 secs] [Times: user=0.01 sys=0.00, real=0.00 secs] 
2138.859: [CMS-concurrent-abortable-preclean-start]
 CMS: abort preclean due to time 2143.896: [CMS-concurrent-abortable-preclean: 3.399/5.037 secs] [Times: user=3.39 sys=0.00, real=5.04 secs] 
2143.896: [GC (CMS Final Remark) [YG occupancy: 455393 K (613440 K)]2143.896: [Rescan (parallel) , 0.0906377 secs]2143.986: [weak refs processing, 0.0001958 secs]2143.987: [class unloading, 0.0063891 secs]2143.993: [scrub symbol table, 0.0081249 secs]2144.001: [scrub string table, 0.0007860 secs][1 CMS-remark: 1375894K(1415616K)] 1831288K(2029056K), 0.1063190 secs] [Times: user=0.77 sys=0.00, real=0.11 secs] 
2144.002: [CMS-concurrent-sweep-start]
2144.417: [CMS-concurrent-sweep: 0.415/0.415 secs] [Times: user=0.41 sys=0.00, real=0.41 secs] 
2144.417: [CMS-concurrent-reset-start]
2144.418: [CMS-concurrent-reset: 0.001/0.001 secs] [Times: user=0.00 sys=0.00, real=0.00 secs] 
2146.418: [GC (CMS Initial Mark) [1 CMS-initial-mark: 1375894K(1415616K)] 1835279K(2029056K), 0.0943543 secs] [Times: user=0.72 sys=0.02, real=0.09 secs] 
2146.512: [CMS-concurrent-mark-start]
2147.790: [CMS-concurrent-mark: 1.278/1.278 secs] [Times: user=2.56 sys=0.00, real=1.28 secs] 
2147.790: [CMS-concurrent-preclean-start]
2147.792: [CMS-concurrent-preclean: 0.003/0.003 secs] [Times: user=0.00 sys=0.00, real=0.00 secs] 
2147.792: [CMS-concurrent-abortable-preclean-start]
 CMS: abort preclean due to time 2152.880: [CMS-concurrent-abortable-preclean: 3.513/5.088 secs] [Times: user=3.52 sys=0.00, real=5.09 secs] 
2152.881: [GC (CMS Final Remark) [YG occupancy: 469405 K (613440 K)]2152.881: [Rescan (parallel) , 0.0984653 secs]2152.979: [weak refs processing, 0.0001271 secs]2152.979: [class unloading, 0.0062147 secs]2152.986: [scrub symbol table, 0.0053742 secs]2152.991: [scrub string table, 0.0006735 secs][1 CMS-remark: 1375894K(1415616K)] 1845300K(2029056K), 0.1109981 secs] [Times: user=0.70 sys=0.00, real=0.11 secs] 
2152.992: [CMS-concurrent-sweep-start]
2153.413: [CMS-concurrent-sweep: 0.421/0.421 secs] [Times: user=0.42 sys=0.00, real=0.42 secs] 
2153.413: [CMS-concurrent-reset-start]
2153.415: [CMS-concurrent-reset: 0.001/0.001 secs] [Times: user=0.00 sys=0.00, real=0.00 secs] 
2155.414: [GC (CMS Initial Mark) [1 CMS-initial-mark: 1375894K(1415616K)] 1848566K(2029056K), 0.1031235 secs] [Times: user=0.83 sys=0.00, real=0.10 secs] 
2155.517: [CMS-concurrent-mark-start]
2156.992: [CMS-concurrent-mark: 1.475/1.475 secs] [Times: user=2.94 sys=0.00, real=1.47 secs] 
2156.992: [CMS-concurrent-preclean-start]
2156.995: [CMS-concurrent-preclean: 0.003/0.003 secs] [Times: user=0.00 sys=0.00, real=0.00 secs] 
2156.995: [CMS-concurrent-abortable-preclean-start]
 CMS: abort preclean due to time 2162.007: [CMS-concurrent-abortable-preclean: 3.610/5.012 secs] [Times: user=3.58 sys=0.00, real=5.01 secs] 
2162.007: [GC (CMS Final Remark) [YG occupancy: 481532 K (613440 K)]2162.008: [Rescan (parallel) , 0.0961418 secs]2162.104: [weak refs processing, 0.0001295 secs]2162.104: [class unloading, 0.0063473 secs]2162.110: [scrub symbol table, 0.0063915 secs]2162.117: [scrub string table, 0.0006691 secs][1 CMS-remark: 1375894K(1415616K)] 1857427K(2029056K), 0.1098367 secs] [Times: user=0.76 sys=0.00, real=0.11 secs] 
2162.117: [CMS-concurrent-sweep-start]
2162.536: [CMS-concurrent-sweep: 0.419/0.419 secs] [Times: user=0.42 sys=0.00, real=0.42 secs] 
2162.536: [CMS-concurrent-reset-start]
2162.537: [CMS-concurrent-reset: 0.001/0.001 secs] [Times: user=0.00 sys=0.00, real=0.00 secs] 
2164.539: [GC (CMS Initial Mark) [1 CMS-initial-mark: 1375894K(1415616K)] 1861219K(2029056K), 0.0987006 secs] [Times: user=0.75 sys=0.00, real=0.10 secs] 
2164.637: [CMS-concurrent-mark-start]
2165.968: [CMS-concurrent-mark: 1.331/1.331 secs] [Times: user=2.66 sys=0.00, real=1.33 secs] 
2165.968: [CMS-concurrent-preclean-start]
2165.971: [CMS-concurrent-preclean: 0.003/0.003 secs] [Times: user=0.02 sys=0.00, real=0.00 secs] 
2165.972: [CMS-concurrent-abortable-preclean-start]
 CMS: abort preclean due to time 2171.013: [CMS-concurrent-abortable-preclean: 3.441/5.041 secs] [Times: user=3.48 sys=0.00, real=5.04 secs] 
2171.013: [GC (CMS Final Remark) [YG occupancy: 494279 K (613440 K)]2171.013: [Rescan (parallel) , 0.0983682 secs]2171.111: [weak refs processing, 0.0001279 secs]2171.111: [class unloading, 0.0064495 secs]2171.118: [scrub symbol table, 0.0066205 secs]2171.125: [scrub string table, 0.0007185 secs][1 CMS-remark: 1375894K(1415616K)] 1870174K(2029056K), 0.1124583 secs] [Times: user=0.86 sys=0.00, real=0.11 secs] 
2171.125: [CMS-concurrent-sweep-start]
2171.538: [CMS-concurrent-sweep: 0.413/0.413 secs] [Times: user=0.41 sys=0.00, real=0.41 secs] 
2171.538: [CMS-concurrent-reset-start]
2171.539: [CMS-concurrent-reset: 0.001/0.001 secs] [Times: user=0.00 sys=0.00, real=0.00 secs] 
2173.539: [GC (CMS Initial Mark) [1 CMS-initial-mark: 1375894K(1415616K)] 1873360K(2029056K), 0.1031286 secs] [Times: user=0.86 sys=0.00, real=0.10 secs] 
2173.643: [CMS-concurrent-mark-start]
2174.960: [CMS-concurrent-mark: 1.318/1.318 secs] [Times: user=2.63 sys=0.00, real=1.32 secs] 
2174.960: [CMS-concurrent-preclean-start]
2174.963: [CMS-concurrent-preclean: 0.003/0.003 secs] [Times: user=0.00 sys=0.00, real=0.00 secs] 
2174.963: [CMS-concurrent-abortable-preclean-start]
 CMS: abort preclean due to time 2179.974: [CMS-concurrent-abortable-preclean: 3.013/5.011 secs] [Times: user=2.91 sys=0.00, real=5.01 secs] 
2179.974: [GC (CMS Final Remark) [YG occupancy: 506369 K (613440 K)]2179.974: [Rescan (parallel) , 0.1007644 secs]2180.075: [weak refs processing, 0.0001832 secs]2180.075: [class unloading, 0.0074933 secs]2180.083: [scrub symbol table, 0.0066734 secs]2180.090: [scrub string table, 0.0006699 secs][1 CMS-remark: 1375894K(1415616K)] 1882264K(2029056K), 0.1159550 secs] [Times: user=0.75 sys=0.00, real=0.12 secs] 
2180.090: [CMS-concurrent-sweep-start]
2180.510: [CMS-concurrent-sweep: 0.419/0.419 secs] [Times: user=0.42 sys=0.00, real=0.42 secs] 
2180.510: [CMS-concurrent-reset-start]
2180.511: [CMS-concurrent-reset: 0.001/0.001 secs] [Times: user=0.00 sys=0.00, real=0.00 secs] 
2182.510: [GC (CMS Initial Mark) [1 CMS-initial-mark: 1375894K(1415616K)] 1886395K(2029056K), 0.1049465 secs] [Times: user=0.84 sys=0.00, real=0.11 secs] 
2182.615: [CMS-concurrent-mark-start]
2183.932: [CMS-concurrent-mark: 1.316/1.316 secs] [Times: user=2.63 sys=0.00, real=1.32 secs] 
2183.932: [CMS-concurrent-preclean-start]
2183.934: [CMS-concurrent-preclean: 0.003/0.003 secs] [Times: user=0.00 sys=0.00, real=0.00 secs] 
2183.934: [CMS-concurrent-abortable-preclean-start]
 CMS: abort preclean due to time 2188.978: [CMS-concurrent-abortable-preclean: 3.091/5.044 secs] [Times: user=3.11 sys=0.00, real=5.04 secs] 
2188.979: [GC (CMS Final Remark) [YG occupancy: 520391 K (613440 K)]2188.979: [Rescan (parallel) , 0.1020576 secs]2189.081: [weak refs processing, 0.0001895 secs]2189.081: [class unloading, 0.0079895 secs]2189.089: [scrub symbol table, 0.0068980 secs]2189.096: [scrub string table, 0.0006995 secs][1 CMS-remark: 1375894K(1415616K)] 1896286K(2029056K), 0.1180153 secs] [Times: user=0.88 sys=0.00, real=0.12 secs] 
2189.097: [CMS-concurrent-sweep-start]
2189.511: [CMS-concurrent-sweep: 0.414/0.414 secs] [Times: user=0.41 sys=0.00, real=0.41 secs] 
2189.511: [CMS-concurrent-reset-start]
2189.513: [CMS-concurrent-reset: 0.001/0.001 secs] [Times: user=0.00 sys=0.00, real=0.00 secs] 
2191.512: [GC (CMS Initial Mark) [1 CMS-initial-mark: 1375894K(1415616K)] 1898909K(2029056K), 0.1118519 secs] [Times: user=0.83 sys=0.00, real=0.11 secs] 
2191.624: [CMS-concurrent-mark-start]
2192.927: [CMS-concurrent-mark: 1.303/1.303 secs] [Times: user=2.59 sys=0.00, real=1.30 secs] 
2192.927: [CMS-concurrent-preclean-start]
2192.930: [CMS-concurrent-preclean: 0.003/0.003 secs] [Times: user=0.00 sys=0.00, real=0.00 secs] 
2192.930: [CMS-concurrent-abortable-preclean-start]
 CMS: abort preclean due to time 2197.946: [CMS-concurrent-abortable-preclean: 3.119/5.017 secs] [Times: user=3.11 sys=0.00, real=5.02 secs] 
2197.946: [GC (CMS Final Remark) [YG occupancy: 532908 K (613440 K)]2197.946: [Rescan (parallel) , 0.1102445 secs]2198.057: [weak refs processing, 0.0001907 secs]2198.057: [class unloading, 0.0074727 secs]2198.064: [scrub symbol table, 0.0071364 secs]2198.072: [scrub string table, 0.0006746 secs][1 CMS-remark: 1375894K(1415616K)] 1908802K(2029056K), 0.1259009 secs] [Times: user=0.84 sys=0.00, real=0.13 secs] 
2198.072: [CMS-concurrent-sweep-start]
2198.487: [CMS-concurrent-sweep: 0.414/0.414 secs] [Times: user=0.42 sys=0.00, real=0.41 secs] 
2198.487: [CMS-concurrent-reset-start]
2198.488: [CMS-concurrent-reset: 0.001/0.001 secs] [Times: user=0.00 sys=0.00, real=0.00 secs] 
2200.488: [GC (CMS Initial Mark) [1 CMS-initial-mark: 1375894K(1415616K)] 1912516K(2029056K), 0.1207604 secs] [Times: user=0.88 sys=0.00, real=0.12 secs] 
2200.609: [CMS-concurrent-mark-start]
2201.916: [CMS-concurrent-mark: 1.307/1.307 secs] [Times: user=2.59 sys=0.00, real=1.31 secs] 
2201.916: [CMS-concurrent-preclean-start]
2201.919: [CMS-concurrent-preclean: 0.003/0.003 secs] [Times: user=0.00 sys=0.00, real=0.00 secs] 
2201.919: [CMS-concurrent-abortable-preclean-start]
 CMS: abort preclean due to time 2206.969: [CMS-concurrent-abortable-preclean: 3.299/5.049 secs] [Times: user=3.34 sys=0.00, real=5.05 secs] 
2206.969: [GC (CMS Final Remark) [YG occupancy: 546010 K (613440 K)]2206.969: [Rescan (parallel) , 0.1107679 secs]2207.080: [weak refs processing, 0.0001855 secs]2207.080: [class unloading, 0.0078004 secs]2207.088: [scrub symbol table, 0.0071084 secs]2207.095: [scrub string table, 0.0006810 secs][1 CMS-remark: 1375894K(1415616K)] 1921905K(2029056K), 0.1267224 secs] [Times: user=0.86 sys=0.00, real=0.13 secs] 
2207.096: [CMS-concurrent-sweep-start]
2207.514: [CMS-concurrent-sweep: 0.418/0.418 secs] [Times: user=0.41 sys=0.00, real=0.42 secs] 
2207.514: [CMS-concurrent-reset-start]
2207.515: [CMS-concurrent-reset: 0.001/0.001 secs] [Times: user=0.02 sys=0.00, real=0.00 secs] 
2209.516: [GC (CMS Initial Mark) [1 CMS-initial-mark: 1375894K(1415616K)] 1925518K(2029056K), 0.1181396 secs] [Times: user=0.84 sys=0.00, real=0.12 secs] 
2209.634: [CMS-concurrent-mark-start]
2210.961: [CMS-concurrent-mark: 1.327/1.327 secs] [Times: user=2.66 sys=0.00, real=1.33 secs] 
2210.961: [CMS-concurrent-preclean-start]
2210.964: [CMS-concurrent-preclean: 0.003/0.003 secs] [Times: user=0.00 sys=0.00, real=0.00 secs] 
2210.964: [CMS-concurrent-abortable-preclean-start]
 CMS: abort preclean due to time 2215.966: [CMS-concurrent-abortable-preclean: 3.671/5.002 secs] [Times: user=3.70 sys=0.00, real=5.00 secs] 
2215.967: [GC (CMS Final Remark) [YG occupancy: 557564 K (613440 K)]2215.967: [Rescan (parallel) , 0.1106242 secs]2216.077: [weak refs processing, 0.0001859 secs]2216.078: [class unloading, 0.0076401 secs]2216.085: [scrub symbol table, 0.0064480 secs]2216.092: [scrub string table, 0.0006821 secs][1 CMS-remark: 1375894K(1415616K)] 1933458K(2029056K), 0.1257470 secs] [Times: user=0.83 sys=0.02, real=0.13 secs] 
2216.092: [CMS-concurrent-sweep-start]
2216.509: [CMS-concurrent-sweep: 0.416/0.416 secs] [Times: user=0.42 sys=0.00, real=0.42 secs] 
2216.509: [CMS-concurrent-reset-start]
2216.510: [CMS-concurrent-reset: 0.001/0.001 secs] [Times: user=0.00 sys=0.00, real=0.00 secs] 
2216.888: [GC (Allocation Failure) 2216.888: [ParNew: 558798K->15157K(613440K), 0.0064377 secs] 1934693K->1391052K(2029056K), 0.0065190 secs] [Times: user=0.11 sys=0.00, real=0.01 secs] 
2216.895: [GC (CMS Initial Mark) [1 CMS-initial-mark: 1375894K(1415616K)] 1391303K(2029056K), 0.0021688 secs] [Times: user=0.00 sys=0.00, real=0.00 secs] 
2216.897: [CMS-concurrent-mark-start]
2218.209: [CMS-concurrent-mark: 1.311/1.312 secs] [Times: user=2.63 sys=0.00, real=1.31 secs] 
2218.209: [CMS-concurrent-preclean-start]
2218.212: [CMS-concurrent-preclean: 0.003/0.003 secs] [Times: user=0.00 sys=0.00, real=0.00 secs] 
2218.212: [CMS-concurrent-abortable-preclean-start]
 CMS: abort preclean due to time 2223.252: [CMS-concurrent-abortable-preclean: 3.644/5.040 secs] [Times: user=3.67 sys=0.00, real=5.04 secs] 
2223.253: [GC (CMS Final Remark) [YG occupancy: 28926 K (613440 K)]2223.253: [Rescan (parallel) , 0.0045665 secs]2223.257: [weak refs processing, 0.0001445 secs]2223.257: [class unloading, 0.0077049 secs]2223.265: [scrub symbol table, 0.0084924 secs]2223.274: [scrub string table, 0.0009332 secs][1 CMS-remark: 1375894K(1415616K)] 1404821K(2029056K), 0.0220022 secs] [Times: user=0.02 sys=0.00, real=0.02 secs] 
2223.275: [CMS-concurrent-sweep-start]
2223.689: [CMS-concurrent-sweep: 0.414/0.414 secs] [Times: user=0.42 sys=0.00, real=0.41 secs] 
2223.689: [CMS-concurrent-reset-start]
2223.690: [CMS-concurrent-reset: 0.001/0.001 secs] [Times: user=0.00 sys=0.00, real=0.00 secs] 
2225.690: [GC (CMS Initial Mark) [1 CMS-initial-mark: 1375894K(1415616K)] 1409974K(2029056K), 0.0056379 secs] [Times: user=0.00 sys=0.00, real=0.01 secs] 
2225.695: [CMS-concurrent-mark-start]
2226.992: [CMS-concurrent-mark: 1.296/1.296 secs] [Times: user=2.59 sys=0.00, real=1.30 secs] 
2226.992: [CMS-concurrent-preclean-start]
2226.994: [CMS-concurrent-preclean: 0.003/0.003 secs] [Times: user=0.00 sys=0.00, real=0.00 secs] 
2226.994: [CMS-concurrent-abortable-preclean-start]
 CMS: abort preclean due to time 2232.147: [CMS-concurrent-abortable-preclean: 4.154/5.152 secs] [Times: user=4.14 sys=0.00, real=5.15 secs] 
2232.147: [GC (CMS Final Remark) [YG occupancy: 43272 K (613440 K)]2232.147: [Rescan (parallel) , 0.0066220 secs]2232.154: [weak refs processing, 0.0001236 secs]2232.154: [class unloading, 0.0065123 secs]2232.160: [scrub symbol table, 0.0072485 secs]2232.167: [scrub string table, 0.0006608 secs][1 CMS-remark: 1375894K(1415616K)] 1419166K(2029056K), 0.0213532 secs] [Times: user=0.02 sys=0.00, real=0.02 secs] 
2232.168: [CMS-concurrent-sweep-start]
2232.586: [CMS-concurrent-sweep: 0.418/0.418 secs] [Times: user=0.42 sys=0.00, real=0.42 secs] 
2232.586: [CMS-concurrent-reset-start]
2232.587: [CMS-concurrent-reset: 0.001/0.001 secs] [Times: user=0.00 sys=0.00, real=0.00 secs] 
2234.587: [GC (CMS Initial Mark) [1 CMS-initial-mark: 1375894K(1415616K)] 1423078K(2029056K), 0.0077116 secs] [Times: user=0.13 sys=0.00, real=0.01 secs] 
2234.595: [CMS-concurrent-mark-start]
2235.923: [CMS-concurrent-mark: 1.328/1.328 secs] [Times: user=2.66 sys=0.00, real=1.33 secs] 
2235.923: [CMS-concurrent-preclean-start]
2235.926: [CMS-concurrent-preclean: 0.003/0.003 secs] [Times: user=0.00 sys=0.00, real=0.00 secs] 
2235.926: [CMS-concurrent-abortable-preclean-start]
 CMS: abort preclean due to time 2240.975: [CMS-concurrent-abortable-preclean: 4.549/5.049 secs] [Times: user=4.56 sys=0.00, real=5.05 secs] 
2240.975: [GC (CMS Final Remark) [YG occupancy: 57353 K (613440 K)]2240.975: [Rescan (parallel) , 0.0111337 secs]2240.986: [weak refs processing, 0.0001437 secs]2240.986: [class unloading, 0.0071775 secs]2240.993: [scrub symbol table, 0.0085619 secs]2241.002: [scrub string table, 0.0006632 secs][1 CMS-remark: 1375894K(1415616K)] 1433247K(2029056K), 0.0278339 secs] [Times: user=0.13 sys=0.00, real=0.03 secs] 
2241.003: [CMS-concurrent-sweep-start]
2241.454: [CMS-concurrent-sweep: 0.451/0.451 secs] [Times: user=0.45 sys=0.00, real=0.45 secs] 
2241.454: [CMS-concurrent-reset-start]
2241.455: [CMS-concurrent-reset: 0.001/0.001 secs] [Times: user=0.00 sys=0.00, real=0.00 secs] 
2243.455: [GC (CMS Initial Mark) [1 CMS-initial-mark: 1375894K(1415616K)] 1437690K(2029056K), 0.0114022 secs] [Times: user=0.00 sys=0.00, real=0.01 secs] 
2243.466: [CMS-concurrent-mark-start]
2244.894: [CMS-concurrent-mark: 1.428/1.428 secs] [Times: user=2.89 sys=0.00, real=1.43 secs] 
2244.894: [CMS-concurrent-preclean-start]
2244.897: [CMS-concurrent-preclean: 0.003/0.003 secs] [Times: user=0.00 sys=0.00, real=0.00 secs] 
2244.897: [CMS-concurrent-abortable-preclean-start]
 CMS: abort preclean due to time 2249.955: [CMS-concurrent-abortable-preclean: 4.757/5.057 secs] [Times: user=4.77 sys=0.00, real=5.06 secs] 
2249.955: [GC (CMS Final Remark) [YG occupancy: 70873 K (613440 K)]2249.955: [Rescan (parallel) , 0.0131359 secs]2249.968: [weak refs processing, 0.0001267 secs]2249.968: [class unloading, 0.0068451 secs]2249.975: [scrub symbol table, 0.0071593 secs]2249.982: [scrub string table, 0.0006565 secs][1 CMS-remark: 1375894K(1415616K)] 1446767K(2029056K), 0.0280779 secs] [Times: user=0.02 sys=0.00, real=0.03 secs] 
2249.983: [CMS-concurrent-sweep-start]
2250.407: [CMS-concurrent-sweep: 0.424/0.424 secs] [Times: user=0.44 sys=0.00, real=0.42 secs] 
2250.407: [CMS-concurrent-reset-start]
2250.408: [CMS-concurrent-reset: 0.001/0.001 secs] [Times: user=0.00 sys=0.00, real=0.00 secs] 
2252.408: [GC (CMS Initial Mark) [1 CMS-initial-mark: 1375894K(1415616K)] 1450777K(2029056K), 0.0157251 secs] [Times: user=0.11 sys=0.00, real=0.01 secs] 
2252.424: [CMS-concurrent-mark-start]
2253.899: [CMS-concurrent-mark: 1.475/1.475 secs] [Times: user=2.94 sys=0.00, real=1.48 secs] 
2253.899: [CMS-concurrent-preclean-start]
2253.901: [CMS-concurrent-preclean: 0.003/0.003 secs] [Times: user=0.00 sys=0.00, real=0.00 secs] 
2253.901: [CMS-concurrent-abortable-preclean-start]
 CMS: abort preclean due to time 2258.939: [CMS-concurrent-abortable-preclean: 4.736/5.037 secs] [Times: user=4.73 sys=0.00, real=5.04 secs] 
2258.939: [GC (CMS Final Remark) [YG occupancy: 84435 K (613440 K)]2258.939: [Rescan (parallel) , 0.0170622 secs]2258.956: [weak refs processing, 0.0001236 secs]2258.956: [class unloading, 0.0065877 secs]2258.963: [scrub symbol table, 0.0091303 secs]2258.972: [scrub string table, 0.0008345 secs][1 CMS-remark: 1375894K(1415616K)] 1460329K(2029056K), 0.0338816 secs] [Times: user=0.13 sys=0.00, real=0.03 secs] 
2258.973: [CMS-concurrent-sweep-start]
2259.397: [CMS-concurrent-sweep: 0.424/0.424 secs] [Times: user=0.42 sys=0.00, real=0.42 secs] 
2259.397: [CMS-concurrent-reset-start]
2259.399: [CMS-concurrent-reset: 0.001/0.001 secs] [Times: user=0.00 sys=0.00, real=0.00 secs] 
2261.398: [GC (CMS Initial Mark) [1 CMS-initial-mark: 1375894K(1415616K)] 1463622K(2029056K), 0.0168983 secs] [Times: user=0.08 sys=0.00, real=0.02 secs] 
2261.415: [CMS-concurrent-mark-start]
2262.905: [CMS-concurrent-mark: 1.489/1.489 secs] [Times: user=2.97 sys=0.00, real=1.49 secs] 
2262.905: [CMS-concurrent-preclean-start]
2262.907: [CMS-concurrent-preclean: 0.003/0.003 secs] [Times: user=0.02 sys=0.00, real=0.00 secs] 
2262.907: [CMS-concurrent-abortable-preclean-start]
 CMS: abort preclean due to time 2267.961: [CMS-concurrent-abortable-preclean: 5.052/5.054 secs] [Times: user=5.05 sys=0.00, real=5.05 secs] 
2267.961: [GC (CMS Final Remark) [YG occupancy: 98615 K (613440 K)]2267.961: [Rescan (parallel) , 0.0199230 secs]2267.981: [weak refs processing, 0.0001247 secs]2267.982: [class unloading, 0.0065735 secs]2267.988: [scrub symbol table, 0.0091228 secs]2267.997: [scrub string table, 0.0014823 secs][1 CMS-remark: 1375894K(1415616K)] 1474509K(2029056K), 0.0374198 secs] [Times: user=0.13 sys=0.00, real=0.04 secs] 
2267.999: [CMS-concurrent-sweep-start]
2268.437: [CMS-concurrent-sweep: 0.438/0.438 secs] [Times: user=0.45 sys=0.00, real=0.44 secs] 
2268.437: [CMS-concurrent-reset-start]
2268.438: [CMS-concurrent-reset: 0.001/0.001 secs] [Times: user=0.00 sys=0.00, real=0.00 secs] 
2270.438: [GC (CMS Initial Mark) [1 CMS-initial-mark: 1375894K(1415616K)] 1478040K(2029056K), 0.0191761 secs] [Times: user=0.13 sys=0.00, real=0.02 secs] 
2270.458: [CMS-concurrent-mark-start]
2271.863: [CMS-concurrent-mark: 1.406/1.406 secs] [Times: user=2.81 sys=0.00, real=1.40 secs] 
2271.863: [CMS-concurrent-preclean-start]
2271.866: [CMS-concurrent-preclean: 0.003/0.003 secs] [Times: user=0.00 sys=0.00, real=0.00 secs] 
2271.866: [CMS-concurrent-abortable-preclean-start]
 CMS: abort preclean due to time 2276.882: [CMS-concurrent-abortable-preclean: 4.715/5.016 secs] [Times: user=4.70 sys=0.00, real=5.02 secs] 
2276.883: [GC (CMS Final Remark) [YG occupancy: 109981 K (613440 K)]2276.883: [Rescan (parallel) , 0.0198894 secs]2276.903: [weak refs processing, 0.0001279 secs]2276.903: [class unloading, 0.0066532 secs]2276.909: [scrub symbol table, 0.0058763 secs]2276.915: [scrub string table, 0.0006782 secs][1 CMS-remark: 1375894K(1415616K)] 1485875K(2029056K), 0.0333676 secs] [Times: user=0.14 sys=0.00, real=0.03 secs] 
2276.916: [CMS-concurrent-sweep-start]
2277.327: [CMS-concurrent-sweep: 0.411/0.411 secs] [Times: user=0.42 sys=0.00, real=0.41 secs] 
2277.327: [CMS-concurrent-reset-start]
2277.329: [CMS-concurrent-reset: 0.001/0.001 secs] [Times: user=0.00 sys=0.00, real=0.00 secs] 
2279.328: [GC (CMS Initial Mark) [1 CMS-initial-mark: 1375894K(1415616K)] 1498893K(2029056K), 0.0266998 secs] [Times: user=0.11 sys=0.00, real=0.03 secs] 
2279.355: [CMS-concurrent-mark-start]
2280.646: [CMS-concurrent-mark: 1.289/1.291 secs] [Times: user=2.59 sys=0.00, real=1.29 secs] 
2280.646: [CMS-concurrent-preclean-start]
2280.648: [CMS-concurrent-preclean: 0.003/0.003 secs] [Times: user=0.00 sys=0.00, real=0.00 secs] 
2280.648: [CMS-concurrent-abortable-preclean-start]
 CMS: abort preclean due to time 2285.829: [CMS-concurrent-abortable-preclean: 4.880/5.181 secs] [Times: user=4.91 sys=0.00, real=5.18 secs] 
2285.830: [GC (CMS Final Remark) [YG occupancy: 131445 K (613440 K)]2285.830: [Rescan (parallel) , 0.0248835 secs]2285.855: [weak refs processing, 0.0001516 secs]2285.855: [class unloading, 0.0075434 secs]2285.862: [scrub symbol table, 0.0066402 secs]2285.869: [scrub string table, 0.0007552 secs][1 CMS-remark: 1375894K(1415616K)] 1507339K(2029056K), 0.0401318 secs] [Times: user=0.14 sys=0.00, real=0.04 secs] 
2285.870: [CMS-concurrent-sweep-start]
2286.280: [CMS-concurrent-sweep: 0.410/0.410 secs] [Times: user=0.41 sys=0.00, real=0.41 secs] 
2286.280: [CMS-concurrent-reset-start]
2286.281: [CMS-concurrent-reset: 0.001/0.001 secs] [Times: user=0.02 sys=0.00, real=0.00 secs] 
2288.281: [GC (CMS Initial Mark) [1 CMS-initial-mark: 1375894K(1415616K)] 1512494K(2029056K), 0.0435922 secs] [Times: user=0.25 sys=0.00, real=0.04 secs] 
2288.324: [CMS-concurrent-mark-start]
2289.605: [CMS-concurrent-mark: 1.281/1.281 secs] [Times: user=2.56 sys=0.00, real=1.28 secs] 
2289.605: [CMS-concurrent-preclean-start]
2289.608: [CMS-concurrent-preclean: 0.003/0.003 secs] [Times: user=0.00 sys=0.00, real=0.00 secs] 
2289.608: [CMS-concurrent-abortable-preclean-start]
 CMS: abort preclean due to time 2294.636: [CMS-concurrent-abortable-preclean: 4.328/5.028 secs] [Times: user=4.30 sys=0.02, real=5.03 secs] 
2294.636: [GC (CMS Final Remark) [YG occupancy: 144989 K (613440 K)]2294.636: [Rescan (parallel) , 0.0270779 secs]2294.663: [weak refs processing, 0.0001303 secs]2294.663: [class unloading, 0.0063043 secs]2294.670: [scrub symbol table, 0.0064499 secs]2294.676: [scrub string table, 0.0006553 secs][1 CMS-remark: 1375894K(1415616K)] 1520883K(2029056K), 0.0407740 secs] [Times: user=0.27 sys=0.00, real=0.04 secs] 
2294.677: [CMS-concurrent-sweep-start]
2295.097: [CMS-concurrent-sweep: 0.420/0.420 secs] [Times: user=0.42 sys=0.00, real=0.42 secs] 
2295.097: [CMS-concurrent-reset-start]
2295.098: [CMS-concurrent-reset: 0.001/0.001 secs] [Times: user=0.00 sys=0.00, real=0.00 secs] 
2297.098: [GC (CMS Initial Mark) [1 CMS-initial-mark: 1375894K(1415616K)] 1524561K(2029056K), 0.0807372 secs] [Times: user=0.63 sys=0.00, real=0.08 secs] 
2297.179: [CMS-concurrent-mark-start]
2298.475: [CMS-concurrent-mark: 1.296/1.296 secs] [Times: user=2.59 sys=0.00, real=1.30 secs] 
2298.475: [CMS-concurrent-preclean-start]
2298.478: [CMS-concurrent-preclean: 0.002/0.003 secs] [Times: user=0.00 sys=0.00, real=0.00 secs] 
2298.478: [CMS-concurrent-abortable-preclean-start]
 CMS: abort preclean due to time 2303.576: [CMS-concurrent-abortable-preclean: 3.796/5.098 secs] [Times: user=3.81 sys=0.00, real=5.10 secs] 
2303.576: [GC (CMS Final Remark) [YG occupancy: 159079 K (613440 K)]2303.576: [Rescan (parallel) , 0.0298018 secs]2303.606: [weak refs processing, 0.0001449 secs]2303.606: [class unloading, 0.0075142 secs]2303.614: [scrub symbol table, 0.0065522 secs]2303.620: [scrub string table, 0.0007429 secs][1 CMS-remark: 1375894K(1415616K)] 1534973K(2029056K), 0.0449174 secs] [Times: user=0.27 sys=0.00, real=0.04 secs] 
2303.621: [CMS-concurrent-sweep-start]
2304.032: [CMS-concurrent-sweep: 0.411/0.411 secs] [Times: user=0.42 sys=0.00, real=0.41 secs] 
2304.033: [CMS-concurrent-reset-start]
2304.034: [CMS-concurrent-reset: 0.001/0.001 secs] [Times: user=0.00 sys=0.00, real=0.00 secs] 
2306.033: [GC (CMS Initial Mark) [1 CMS-initial-mark: 1375894K(1415616K)] 1538819K(2029056K), 0.0416117 secs] [Times: user=0.25 sys=0.00, real=0.04 secs] 
2306.075: [CMS-concurrent-mark-start]
2307.353: [CMS-concurrent-mark: 1.278/1.278 secs] [Times: user=2.56 sys=0.00, real=1.28 secs] 
2307.353: [CMS-concurrent-preclean-start]
2307.357: [CMS-concurrent-preclean: 0.003/0.003 secs] [Times: user=0.00 sys=0.00, real=0.00 secs] 
2307.357: [CMS-concurrent-abortable-preclean-start]
 CMS: abort preclean due to time 2312.475: [CMS-concurrent-abortable-preclean: 4.191/5.118 secs] [Times: user=4.22 sys=0.00, real=5.12 secs] 
2312.475: [GC (CMS Final Remark) [YG occupancy: 172079 K (613440 K)]2312.475: [Rescan (parallel) , 0.0323756 secs]2312.508: [weak refs processing, 0.0001441 secs]2312.508: [class unloading, 0.0075367 secs]2312.515: [scrub symbol table, 0.0065751 secs]2312.522: [scrub string table, 0.0007548 secs][1 CMS-remark: 1375894K(1415616K)] 1547974K(2029056K), 0.0475465 secs] [Times: user=0.26 sys=0.00, real=0.05 secs] 
2312.523: [CMS-concurrent-sweep-start]
2312.933: [CMS-concurrent-sweep: 0.410/0.410 secs] [Times: user=0.41 sys=0.00, real=0.41 secs] 
2312.933: [CMS-concurrent-reset-start]
2312.934: [CMS-concurrent-reset: 0.001/0.001 secs] [Times: user=0.00 sys=0.00, real=0.00 secs] 
2314.934: [GC (CMS Initial Mark) [1 CMS-initial-mark: 1375894K(1415616K)] 1553093K(2029056K), 0.1443159 secs] [Times: user=1.19 sys=0.00, real=0.14 secs] 
2315.078: [CMS-concurrent-mark-start]
2316.371: [CMS-concurrent-mark: 1.292/1.292 secs] [Times: user=2.56 sys=0.00, real=1.29 secs] 
2316.371: [CMS-concurrent-preclean-start]
2316.373: [CMS-concurrent-preclean: 0.003/0.003 secs] [Times: user=0.00 sys=0.00, real=0.00 secs] 
2316.373: [CMS-concurrent-abortable-preclean-start]
 CMS: abort preclean due to time 2321.418: [CMS-concurrent-abortable-preclean: 3.547/5.045 secs] [Times: user=3.55 sys=0.00, real=5.05 secs] 
2321.419: [GC (CMS Final Remark) [YG occupancy: 187539 K (613440 K)]2321.419: [Rescan (parallel) , 0.0352052 secs]2321.454: [weak refs processing, 0.0001512 secs]2321.454: [class unloading, 0.0074506 secs]2321.461: [scrub symbol table, 0.0065222 secs]2321.468: [scrub string table, 0.0007753 secs][1 CMS-remark: 1375894K(1415616K)] 1563433K(2029056K), 0.0502644 secs] [Times: user=0.39 sys=0.00, real=0.05 secs] 
2321.469: [CMS-concurrent-sweep-start]
2321.879: [CMS-concurrent-sweep: 0.410/0.410 secs] [Times: user=0.41 sys=0.00, real=0.41 secs] 
2321.879: [CMS-concurrent-reset-start]
2321.880: [CMS-concurrent-reset: 0.001/0.001 secs] [Times: user=0.00 sys=0.00, real=0.00 secs] 
2323.880: [GC (CMS Initial Mark) [1 CMS-initial-mark: 1375894K(1415616K)] 1565799K(2029056K), 0.0381690 secs] [Times: user=0.22 sys=0.00, real=0.04 secs] 
2323.918: [CMS-concurrent-mark-start]
2325.213: [CMS-concurrent-mark: 1.295/1.295 secs] [Times: user=2.58 sys=0.00, real=1.29 secs] 
2325.213: [CMS-concurrent-preclean-start]
2325.216: [CMS-concurrent-preclean: 0.003/0.003 secs] [Times: user=0.00 sys=0.00, real=0.00 secs] 
2325.216: [CMS-concurrent-abortable-preclean-start]
 CMS: abort preclean due to time 2330.302: [CMS-concurrent-abortable-preclean: 3.386/5.085 secs] [Times: user=3.44 sys=0.00, real=5.09 secs] 
2330.302: [GC (CMS Final Remark) [YG occupancy: 197263 K (613440 K)]2330.302: [Rescan (parallel) , 0.0378840 secs]2330.340: [weak refs processing, 0.0001615 secs]2330.340: [class unloading, 0.0075730 secs]2330.347: [scrub symbol table, 0.0064669 secs]2330.354: [scrub string table, 0.0007903 secs][1 CMS-remark: 1375894K(1415616K)] 1573157K(2029056K), 0.0530344 secs] [Times: user=0.27 sys=0.00, real=0.05 secs] 
2330.355: [CMS-concurrent-sweep-start]
2330.765: [CMS-concurrent-sweep: 0.410/0.410 secs] [Times: user=0.41 sys=0.00, real=0.41 secs] 
2330.765: [CMS-concurrent-reset-start]
2330.766: [CMS-concurrent-reset: 0.001/0.001 secs] [Times: user=0.02 sys=0.00, real=0.00 secs] 
2332.767: [GC (CMS Initial Mark) [1 CMS-initial-mark: 1375894K(1415616K)] 1578706K(2029056K), 0.1656253 secs] [Times: user=1.25 sys=0.00, real=0.17 secs] 
2332.933: [CMS-concurrent-mark-start]
2334.210: [CMS-concurrent-mark: 1.278/1.278 secs] [Times: user=2.58 sys=0.00, real=1.28 secs] 
2334.211: [CMS-concurrent-preclean-start]
2334.214: [CMS-concurrent-preclean: 0.003/0.003 secs] [Times: user=0.00 sys=0.00, real=0.00 secs] 
2334.214: [CMS-concurrent-abortable-preclean-start]
 CMS: abort preclean due to time 2339.271: [CMS-concurrent-abortable-preclean: 3.355/5.057 secs] [Times: user=3.36 sys=0.00, real=5.06 secs] 
2339.272: [GC (CMS Final Remark) [YG occupancy: 214136 K (613440 K)]2339.272: [Rescan (parallel) , 0.0403339 secs]2339.312: [weak refs processing, 0.0001192 secs]2339.312: [class unloading, 0.0065198 secs]2339.319: [scrub symbol table, 0.0052641 secs]2339.324: [scrub string table, 0.0006458 secs][1 CMS-remark: 1375894K(1415616K)] 1590030K(2029056K), 0.0530371 secs] [Times: user=0.38 sys=0.00, real=0.05 secs] 
2339.325: [CMS-concurrent-sweep-start]
2339.734: [CMS-concurrent-sweep: 0.410/0.410 secs] [Times: user=0.42 sys=0.00, real=0.41 secs] 
2339.734: [CMS-concurrent-reset-start]
2339.736: [CMS-concurrent-reset: 0.001/0.001 secs] [Times: user=0.00 sys=0.00, real=0.00 secs] 
2341.736: [GC (CMS Initial Mark) [1 CMS-initial-mark: 1375894K(1415616K)] 1590781K(2029056K), 0.1286042 secs] [Times: user=0.97 sys=0.00, real=0.13 secs] 
2341.865: [CMS-concurrent-mark-start]
2343.132: [CMS-concurrent-mark: 1.267/1.267 secs] [Times: user=2.53 sys=0.00, real=1.27 secs] 
2343.132: [CMS-concurrent-preclean-start]
2343.135: [CMS-concurrent-preclean: 0.003/0.003 secs] [Times: user=0.00 sys=0.00, real=0.00 secs] 
2343.135: [CMS-concurrent-abortable-preclean-start]
 CMS: abort preclean due to time 2348.173: [CMS-concurrent-abortable-preclean: 3.337/5.038 secs] [Times: user=3.33 sys=0.00, real=5.04 secs] 
2348.173: [GC (CMS Final Remark) [YG occupancy: 223841 K (613440 K)]2348.174: [Rescan (parallel) , 0.0428607 secs]2348.216: [weak refs processing, 0.0001275 secs]2348.217: [class unloading, 0.0062794 secs]2348.223: [scrub symbol table, 0.0067815 secs]2348.230: [scrub string table, 0.0006399 secs][1 CMS-remark: 1375894K(1415616K)] 1599735K(2029056K), 0.0568746 secs] [Times: user=0.27 sys=0.00, real=0.06 secs] 
2348.230: [CMS-concurrent-sweep-start]
2348.649: [CMS-concurrent-sweep: 0.419/0.419 secs] [Times: user=0.42 sys=0.00, real=0.42 secs] 
2348.649: [CMS-concurrent-reset-start]
2348.651: [CMS-concurrent-reset: 0.001/0.001 secs] [Times: user=0.00 sys=0.00, real=0.00 secs] 
2350.650: [GC (CMS Initial Mark) [1 CMS-initial-mark: 1375894K(1415616K)] 1605118K(2029056K), 0.0518789 secs] [Times: user=0.34 sys=0.00, real=0.05 secs] 
2350.702: [CMS-concurrent-mark-start]
2351.978: [CMS-concurrent-mark: 1.276/1.276 secs] [Times: user=2.53 sys=0.00, real=1.28 secs] 
2351.978: [CMS-concurrent-preclean-start]
2351.981: [CMS-concurrent-preclean: 0.002/0.003 secs] [Times: user=0.00 sys=0.00, real=0.00 secs] 
2351.981: [CMS-concurrent-abortable-preclean-start]
 CMS: abort preclean due to time 2357.010: [CMS-concurrent-abortable-preclean: 3.430/5.029 secs] [Times: user=3.50 sys=0.00, real=5.03 secs] 
2357.010: [GC (CMS Final Remark) [YG occupancy: 239983 K (613440 K)]2357.010: [Rescan (parallel) , 0.0451290 secs]2357.055: [weak refs processing, 0.0001271 secs]2357.056: [class unloading, 0.0063351 secs]2357.062: [scrub symbol table, 0.0082196 secs]2357.070: [scrub string table, 0.0009237 secs][1 CMS-remark: 1375894K(1415616K)] 1615878K(2029056K), 0.0609232 secs] [Times: user=0.39 sys=0.00, real=0.06 secs] 
2357.071: [CMS-concurrent-sweep-start]
2357.484: [CMS-concurrent-sweep: 0.412/0.412 secs] [Times: user=0.41 sys=0.00, real=0.41 secs] 
2357.484: [CMS-concurrent-reset-start]
2357.485: [CMS-concurrent-reset: 0.001/0.001 secs] [Times: user=0.02 sys=0.00, real=0.00 secs] 
2359.484: [GC (CMS Initial Mark) [1 CMS-initial-mark: 1375894K(1415616K)] 1618432K(2029056K), 0.0498029 secs] [Times: user=0.38 sys=0.00, real=0.05 secs] 
2359.534: [CMS-concurrent-mark-start]
2360.871: [CMS-concurrent-mark: 1.337/1.337 secs] [Times: user=2.66 sys=0.00, real=1.34 secs] 
2360.871: [CMS-concurrent-preclean-start]
2360.874: [CMS-concurrent-preclean: 0.003/0.003 secs] [Times: user=0.00 sys=0.00, real=0.00 secs] 
2360.874: [CMS-concurrent-abortable-preclean-start]
 CMS: abort preclean due to time 2365.942: [CMS-concurrent-abortable-preclean: 3.969/5.068 secs] [Times: user=3.98 sys=0.00, real=5.07 secs] 
2365.942: [GC (CMS Final Remark) [YG occupancy: 252699 K (613440 K)]2365.942: [Rescan (parallel) , 0.0503149 secs]2365.992: [weak refs processing, 0.0001429 secs]2365.993: [class unloading, 0.0077380 secs]2366.000: [scrub symbol table, 0.0068609 secs]2366.007: [scrub string table, 0.0006999 secs][1 CMS-remark: 1375894K(1415616K)] 1628594K(2029056K), 0.0659212 secs] [Times: user=0.38 sys=0.00, real=0.07 secs] 
2366.008: [CMS-concurrent-sweep-start]
2366.449: [CMS-concurrent-sweep: 0.441/0.441 secs] [Times: user=0.44 sys=0.00, real=0.44 secs] 
2366.449: [CMS-concurrent-reset-start]
2366.451: [CMS-concurrent-reset: 0.001/0.001 secs] [Times: user=0.00 sys=0.00, real=0.00 secs] 
2368.451: [GC (CMS Initial Mark) [1 CMS-initial-mark: 1375894K(1415616K)] 1631954K(2029056K), 0.0588503 secs] [Times: user=0.42 sys=0.00, real=0.06 secs] 
2368.509: [CMS-concurrent-mark-start]
2369.965: [CMS-concurrent-mark: 1.455/1.455 secs] [Times: user=2.91 sys=0.00, real=1.46 secs] 
2369.965: [CMS-concurrent-preclean-start]
2369.968: [CMS-concurrent-preclean: 0.003/0.003 secs] [Times: user=0.02 sys=0.00, real=0.00 secs] 
2369.968: [CMS-concurrent-abortable-preclean-start]
 CMS: abort preclean due to time 2375.004: [CMS-concurrent-abortable-preclean: 4.155/5.036 secs] [Times: user=4.13 sys=0.00, real=5.04 secs] 
2375.004: [GC (CMS Final Remark) [YG occupancy: 267014 K (613440 K)]2375.004: [Rescan (parallel) , 0.0522228 secs]2375.056: [weak refs processing, 0.0001393 secs]2375.056: [class unloading, 0.0064156 secs]2375.063: [scrub symbol table, 0.0063923 secs]2375.069: [scrub string table, 0.0006932 secs][1 CMS-remark: 1375894K(1415616K)] 1642908K(2029056K), 0.0660144 secs] [Times: user=0.39 sys=0.00, real=0.07 secs] 
2375.070: [CMS-concurrent-sweep-start]
2375.494: [CMS-concurrent-sweep: 0.424/0.424 secs] [Times: user=0.42 sys=0.00, real=0.42 secs] 
2375.494: [CMS-concurrent-reset-start]
2375.495: [CMS-concurrent-reset: 0.001/0.001 secs] [Times: user=0.00 sys=0.00, real=0.00 secs] 
2377.495: [GC (CMS Initial Mark) [1 CMS-initial-mark: 1375894K(1415616K)] 1645497K(2029056K), 0.0541065 secs] [Times: user=0.45 sys=0.00, real=0.05 secs] 
2377.549: [CMS-concurrent-mark-start]
2378.878: [CMS-concurrent-mark: 1.329/1.329 secs] [Times: user=2.66 sys=0.00, real=1.33 secs] 
2378.878: [CMS-concurrent-preclean-start]
2378.881: [CMS-concurrent-preclean: 0.003/0.003 secs] [Times: user=0.00 sys=0.00, real=0.00 secs] 
